Archive member included to satisfy reference by file (symbol)

/home/quentinlister/DaisyExamples/libDaisy//build/libdaisy.a(daisy_pod.o)
                              build/Poly3.o (daisy::DaisyPod::StartAudio(void (*)(float const* const*, float**, unsigned int)))
/home/quentinlister/DaisyExamples/libDaisy//build/libdaisy.a(daisy_seed.o)
                              /home/quentinlister/DaisyExamples/libDaisy//build/libdaisy.a(daisy_pod.o) (daisy::DaisySeed::Configure())
/home/quentinlister/DaisyExamples/libDaisy//build/libdaisy.a(codec_ak4556.o)
                              /home/quentinlister/DaisyExamples/libDaisy//build/libdaisy.a(daisy_seed.o) (daisy::Ak4556::Init(dsy_gpio_pin))
/home/quentinlister/DaisyExamples/libDaisy//build/libdaisy.a(codec_wm8731.o)
                              /home/quentinlister/DaisyExamples/libDaisy//build/libdaisy.a(daisy_seed.o) (daisy::Wm8731::Init(daisy::Wm8731::Config const&, daisy::I2CHandle))
/home/quentinlister/DaisyExamples/libDaisy//build/libdaisy.a(sdram.o)
                              /home/quentinlister/DaisyExamples/libDaisy//build/libdaisy.a(daisy_seed.o) (SdramHandle::Init())
/home/quentinlister/DaisyExamples/libDaisy//build/libdaisy.a(audio.o)
                              /home/quentinlister/DaisyExamples/libDaisy//build/libdaisy.a(daisy_seed.o) (daisy::AudioHandle::Init(daisy::AudioHandle::Config const&, daisy::SaiHandle))
/home/quentinlister/DaisyExamples/libDaisy//build/libdaisy.a(ctrl.o)
                              /home/quentinlister/DaisyExamples/libDaisy//build/libdaisy.a(daisy_pod.o) (daisy::AnalogControl::Init(unsigned short*, float, bool, bool, float))
/home/quentinlister/DaisyExamples/libDaisy//build/libdaisy.a(encoder.o)
                              /home/quentinlister/DaisyExamples/libDaisy//build/libdaisy.a(daisy_pod.o) (daisy::Encoder::Init(dsy_gpio_pin, dsy_gpio_pin, dsy_gpio_pin, float))
/home/quentinlister/DaisyExamples/libDaisy//build/libdaisy.a(logger.o)
                              build/subs.o (daisy::Logger<(daisy::LoggerDestination)1>::Print(char const*, ...))
/home/quentinlister/DaisyExamples/libDaisy//build/libdaisy.a(rgb_led.o)
                              /home/quentinlister/DaisyExamples/libDaisy//build/libdaisy.a(daisy_pod.o) (daisy::RgbLed::Init(dsy_gpio_pin, dsy_gpio_pin, dsy_gpio_pin, bool))
/home/quentinlister/DaisyExamples/libDaisy//build/libdaisy.a(switch.o)
                              /home/quentinlister/DaisyExamples/libDaisy//build/libdaisy.a(daisy_pod.o) (daisy::Switch::Init(dsy_gpio_pin, float))
/home/quentinlister/DaisyExamples/libDaisy//build/libdaisy.a(usb.o)
                              /home/quentinlister/DaisyExamples/libDaisy//build/libdaisy.a(logger.o) (daisy::UsbHandle::Init(daisy::UsbHandle::UsbPeriph))
/home/quentinlister/DaisyExamples/libDaisy//build/libdaisy.a(adc.o)
                              /home/quentinlister/DaisyExamples/libDaisy//build/libdaisy.a(daisy_pod.o) (daisy::AdcChannelConfig::InitSingle(dsy_gpio_pin))
/home/quentinlister/DaisyExamples/libDaisy//build/libdaisy.a(gpio.o)
                              /home/quentinlister/DaisyExamples/libDaisy//build/libdaisy.a(daisy_seed.o) (dsy_gpio_init)
/home/quentinlister/DaisyExamples/libDaisy//build/libdaisy.a(i2c.o)
                              /home/quentinlister/DaisyExamples/libDaisy//build/libdaisy.a(daisy_seed.o) (daisy::I2CHandle::Init(daisy::I2CHandle::Config const&))
/home/quentinlister/DaisyExamples/libDaisy//build/libdaisy.a(qspi.o)
                              /home/quentinlister/DaisyExamples/libDaisy//build/libdaisy.a(daisy_seed.o) (daisy::QSPIHandle::Init(daisy::QSPIHandle::Config const&))
/home/quentinlister/DaisyExamples/libDaisy//build/libdaisy.a(sai.o)
                              /home/quentinlister/DaisyExamples/libDaisy//build/libdaisy.a(daisy_seed.o) (daisy::SaiHandle::Init(daisy::SaiHandle::Config const&))
/home/quentinlister/DaisyExamples/libDaisy//build/libdaisy.a(spi.o)
                              build/Poly3.o (daisy::SpiHandle::BlockingTransmit(unsigned char*, unsigned int, unsigned long))
/home/quentinlister/DaisyExamples/libDaisy//build/libdaisy.a(uart.o)
                              /home/quentinlister/DaisyExamples/libDaisy//build/libdaisy.a(daisy_pod.o) (daisy::UartHandler::Init(daisy::UartHandler::Config const&))
/home/quentinlister/DaisyExamples/libDaisy//build/libdaisy.a(system.o)
                              /home/quentinlister/DaisyExamples/libDaisy//build/libdaisy.a(daisy_seed.o) (daisy::System::DeInit())
/home/quentinlister/DaisyExamples/libDaisy//build/libdaisy.a(system_stm32h7xx.o)
                              build/startup_stm32h750xx.o (SystemInit)
/home/quentinlister/DaisyExamples/libDaisy//build/libdaisy.a(usbd_cdc_if.o)
                              /home/quentinlister/DaisyExamples/libDaisy//build/libdaisy.a(usb.o) (CDC_Transmit_FS)
/home/quentinlister/DaisyExamples/libDaisy//build/libdaisy.a(usbd_conf.o)
[...]
Memory Configuration

Name             Origin             Length             Attributes
FLASH            0x0000000008000000 0x0000000000020000 xr
DTCMRAM          0x0000000020000000 0x0000000000020000 xrw
SRAM             0x0000000024000000 0x0000000000080000 xrw
RAM_D2           0x0000000030000000 0x0000000000048000 xrw
RAM_D3           0x0000000038000000 0x0000000000010000 xrw
ITCMRAM          0x0000000000000000 0x0000000000010000 xrw
SDRAM            0x00000000c0000000 0x0000000004000000 xrw
QSPIFLASH        0x0000000090000000 0x0000000000800000 xr
*default*        0x0000000000000000 0xffffffffffffffff

Linker script and memory map

LOAD /home/quentinlister/developer/gcc-arm-none-eabi-10-2020-q4-major/bin/../lib/gcc/arm-none-eabi/10.2.1/thumb/v7e-m+dp/hard/crti.o
LOAD /home/quentinlister/developer/gcc-arm-none-eabi-10-2020-q4-major/bin/../lib/gcc/arm-none-eabi/10.2.1/thumb/v7e-m+dp/hard/crtbegin.o
LOAD /home/quentinlister/developer/gcc-arm-none-eabi-10-2020-q4-major/bin/../lib/gcc/arm-none-eabi/10.2.1/../../../../arm-none-eabi/lib/thumb/v7e-m+dp/hard/crt0.o
LOAD build/startup_stm32h750xx.o
LOAD build/Poly3.o
LOAD build/subs.o
LOAD build/voice.o
LOAD build/voice_square.o
LOAD /home/quentinlister/DaisyExamples/libDaisy//build/libdaisy.a
LOAD /home/quentinlister/developer/gcc-arm-none-eabi-10-2020-q4-major/bin/../lib/gcc/arm-none-eabi/10.2.1/../../../../arm-none-eabi/lib/thumb/v7e-m+dp/hard/libnosys.a
LOAD /home/quentinlister/DaisyExamples/DaisySP//build/libdaisysp.a
LOAD /home/quentinlister/developer/gcc-arm-none-eabi-10-2020-q4-major/bin/../lib/gcc/arm-none-eabi/10.2.1/../../../../arm-none-eabi/lib/thumb/v7e-m+dp/hard/libstdc++_nano.a
LOAD /home/quentinlister/developer/gcc-arm-none-eabi-10-2020-q4-major/bin/../lib/gcc/arm-none-eabi/10.2.1/../../../../arm-none-eabi/lib/thumb/v7e-m+dp/hard/libm.a
LOAD /home/quentinlister/developer/gcc-arm-none-eabi-10-2020-q4-major/bin/../lib/gcc/arm-none-eabi/10.2.1/../../../../arm-none-eabi/lib/thumb/v7e-m+dp/hard/libc_nano.a
START GROUP
LOAD /home/quentinlister/developer/gcc-arm-none-eabi-10-2020-q4-major/bin/../lib/gcc/arm-none-eabi/10.2.1/thumb/v7e-m+dp/hard/libgcc.a
LOAD /home/quentinlister/developer/gcc-arm-none-eabi-10-2020-q4-major/bin/../lib/gcc/arm-none-eabi/10.2.1/../../../../arm-none-eabi/lib/thumb/v7e-m+dp/hard/libc_nano.a
END GROUP
START GROUP
LOAD /home/quentinlister/developer/gcc-arm-none-eabi-10-2020-q4-major/bin/../lib/gcc/arm-none-eabi/10.2.1/thumb/v7e-m+dp/hard/libgcc.a
LOAD /home/quentinlister/developer/gcc-arm-none-eabi-10-2020-q4-major/bin/../lib/gcc/arm-none-eabi/10.2.1/../../../../arm-none-eabi/lib/thumb/v7e-m+dp/hard/libc_nano.a
LOAD /home/quentinlister/developer/gcc-arm-none-eabi-10-2020-q4-major/bin/../lib/gcc/arm-none-eabi/10.2.1/../../../../arm-none-eabi/lib/thumb/v7e-m+dp/hard/libnosys.a
END GROUP
START GROUP
LOAD /home/quentinlister/developer/gcc-arm-none-eabi-10-2020-q4-major/bin/../lib/gcc/arm-none-eabi/10.2.1/thumb/v7e-m+dp/hard/libgcc.a
LOAD /home/quentinlister/developer/gcc-arm-none-eabi-10-2020-q4-major/bin/../lib/gcc/arm-none-eabi/10.2.1/../../../../arm-none-eabi/lib/thumb/v7e-m+dp/hard/libc_nano.a
LOAD /home/quentinlister/developer/gcc-arm-none-eabi-10-2020-q4-major/bin/../lib/gcc/arm-none-eabi/10.2.1/../../../../arm-none-eabi/lib/thumb/v7e-m+dp/hard/libnosys.a
END GROUP
LOAD /home/quentinlister/developer/gcc-arm-none-eabi-10-2020-q4-major/bin/../lib/gcc/arm-none-eabi/10.2.1/thumb/v7e-m+dp/hard/crtend.o
LOAD /home/quentinlister/developer/gcc-arm-none-eabi-10-2020-q4-major/bin/../lib/gcc/arm-none-eabi/10.2.1/thumb/v7e-m+dp/hard/crtn.o
                0x0000000020020000                _estack = 0x20020000

.isr_vector     0x0000000008000000      0x298
                0x0000000008000000                . = ALIGN (0x4)
 *(.isr_vector)
 .isr_vector    0x0000000008000000      0x298 build/startup_stm32h750xx.o
                0x0000000008000000                g_pfnVectors
                0x0000000008000298                . = ALIGN (0x4)

.text           0x00000000080002a0    0x16428
                0x00000000080002a0                . = ALIGN (0x4)
                0x00000000080002a0                _stext = .
 *(.text)
 .text          0x00000000080002a0       0x40 /home/quentinlister/developer/gcc-arm-none-eabi-10-2020-q4-major/bin/../lib/gcc/arm-none-eabi/10.2.1/thumb/v7e-m+dp/hard/crtbegin.o
 .text          0x00000000080002e0       0xa0 /home/quentinlister/developer/gcc-arm-none-eabi-10-2020-q4-major/bin/../lib/gcc/arm-none-eabi/10.2.1/../../../../arm-none-eabi/lib/thumb/v7e-m+dp/hard/libc_nano.a(lib_a-memchr.o)
                0x00000000080002e0                memchr
 .text          0x0000000008000380      0x378 /home/quentinlister/developer/gcc-arm-none-eabi-10-2020-q4-major/bin/../lib/gcc/arm-none-eabi/10.2.1/thumb/v7e-m+dp/hard/libgcc.a(_arm_addsubdf3.o)
                0x0000000008000380                __aeabi_drsub
                0x0000000008000388                __aeabi_dsub
                0x0000000008000388                __subdf3
                0x000000000800038c                __adddf3
                0x000000000800038c                __aeabi_dadd
                0x0000000008000604                __aeabi_ui2d
                0x0000000008000604                __floatunsidf
                0x0000000008000624                __floatsidf
                0x0000000008000624                __aeabi_i2d
                0x0000000008000648                __extendsfdf2
                0x0000000008000648                __aeabi_f2d
                0x000000000800068c                __aeabi_ul2d
                0x000000000800068c                __floatundidf
                0x000000000800069c                __floatdidf
                0x000000000800069c                __aeabi_l2d
 .text          0x00000000080006f8       0x30 /home/quentinlister/developer/gcc-arm-none-eabi-10-2020-q4-major/bin/../lib/gcc/arm-none-eabi/10.2.1/thumb/v7e-m+dp/hard/libgcc.a(_aeabi_uldivmod.o)
                0x00000000080006f8                __aeabi_uldivmod
 .text          0x0000000008000728      0x2d0 /home/quentinlister/developer/gcc-arm-none-eabi-10-2020-q4-major/bin/../lib/gcc/arm-none-eabi/10.2.1/thumb/v7e-m+dp/hard/libgcc.a(_udivmoddi4.o)
                0x0000000008000728                __udivmoddi4
 .text          0x00000000080009f8        0x4 /home/quentinlister/developer/gcc-arm-none-eabi-10-2020-q4-major/bin/../lib/gcc/arm-none-eabi/10.2.1/thumb/v7e-m+dp/hard/libgcc.a(_dvmd_tls.o)
                0x00000000080009f8                __aeabi_ldiv0
                0x00000000080009f8                __aeabi_idiv0
 *(.text*)
 .text.Default_Handler
                0x00000000080009fc        0x4 build/startup_stm32h750xx.o
                0x00000000080009fc                RTC_Alarm_IRQHandler
                0x00000000080009fc                HASH_RNG_IRQHandler
                0x00000000080009fc                EXTI2_IRQHandler
                0x00000000080009fc                TIM8_CC_IRQHandler
                0x00000000080009fc                HRTIM1_Master_IRQHandler
                0x00000000080009fc                DebugMon_Handler
                0x00000000080009fc                TIM1_CC_IRQHandler
                0x00000000080009fc                BDMA_Channel6_IRQHandler
                0x00000000080009fc                DMA2_Stream5_IRQHandler
                0x00000000080009fc                HRTIM1_FLT_IRQHandler
                0x00000000080009fc                JPEG_IRQHandler
                0x00000000080009fc                BDMA_Channel1_IRQHandler
                0x00000000080009fc                HRTIM1_TIMD_IRQHandler
                0x00000000080009fc                TAMP_STAMP_IRQHandler
                0x00000000080009fc                PendSV_Handler
                0x00000000080009fc                NMI_Handler
                0x00000000080009fc                EXTI3_IRQHandler
                0x00000000080009fc                LPTIM4_IRQHandler
                0x00000000080009fc                TIM8_TRG_COM_TIM14_IRQHandler
                0x00000000080009fc                LPTIM2_IRQHandler
                0x00000000080009fc                DFSDM1_FLT1_IRQHandler
                0x00000000080009fc                DMAMUX2_OVR_IRQHandler
                0x00000000080009fc                TIM8_UP_TIM13_IRQHandler
                0x00000000080009fc                I2C3_ER_IRQHandler
                0x00000000080009fc                DFSDM1_FLT2_IRQHandler
                0x00000000080009fc                MDMA_IRQHandler
                0x00000000080009fc                LPTIM3_IRQHandler
                0x00000000080009fc                HSEM1_IRQHandler
                0x00000000080009fc                EXTI0_IRQHandler
                0x00000000080009fc                FPU_IRQHandler
                0x00000000080009fc                OTG_HS_WKUP_IRQHandler
                0x00000000080009fc                FDCAN1_IT1_IRQHandler
                0x00000000080009fc                UsageFault_Handler
                0x00000000080009fc                LTDC_ER_IRQHandler
                0x00000000080009fc                HRTIM1_TIME_IRQHandler
                0x00000000080009fc                TIM6_DAC_IRQHandler
                0x00000000080009fc                DCMI_IRQHandler
                0x00000000080009fc                HRTIM1_TIMC_IRQHandler
                0x00000000080009fc                SAI2_IRQHandler
                0x00000000080009fc                DFSDM1_FLT3_IRQHandler
                0x00000000080009fc                TIM17_IRQHandler
                0x00000000080009fc                CRYP_IRQHandler
                0x00000000080009fc                BDMA_Channel7_IRQHandler
                0x00000000080009fc                LPTIM5_IRQHandler
                0x00000000080009fc                ADC3_IRQHandler
                0x00000000080009fc                DMA2_Stream0_IRQHandler
                0x00000000080009fc                BDMA_Channel2_IRQHandler
                0x00000000080009fc                DMAMUX1_OVR_IRQHandler
                0x00000000080009fc                TIM16_IRQHandler
                0x00000000080009fc                BDMA_Channel5_IRQHandler
                0x00000000080009fc                RCC_IRQHandler
                0x00000000080009fc                TIM8_BRK_TIM12_IRQHandler
                0x00000000080009fc                TIM1_TRG_COM_IRQHandler
                0x00000000080009fc                Default_Handler
                0x00000000080009fc                ECC_IRQHandler
                0x00000000080009fc                CEC_IRQHandler
                0x00000000080009fc                EXTI15_10_IRQHandler
                0x00000000080009fc                BDMA_Channel0_IRQHandler
                0x00000000080009fc                ADC_IRQHandler
                0x00000000080009fc                DMA1_Stream7_IRQHandler
                0x00000000080009fc                HRTIM1_TIMA_IRQHandler
                0x00000000080009fc                TIM7_IRQHandler
                0x00000000080009fc                SDMMC1_IRQHandler
                0x00000000080009fc                DMA2_Stream7_IRQHandler
                0x00000000080009fc                TIM15_IRQHandler
                0x00000000080009fc                PVD_AVD_IRQHandler
                0x00000000080009fc                EXTI9_5_IRQHandler
                0x00000000080009fc                RTC_WKUP_IRQHandler
                0x00000000080009fc                LTDC_IRQHandler
                0x00000000080009fc                SAI3_IRQHandler
                0x00000000080009fc                ETH_WKUP_IRQHandler
                0x00000000080009fc                SPDIF_RX_IRQHandler
                0x00000000080009fc                MemManage_Handler
                0x00000000080009fc                SVC_Handler
                0x00000000080009fc                CRS_IRQHandler
                0x00000000080009fc                EXTI4_IRQHandler
                0x00000000080009fc                HRTIM1_TIMB_IRQHandler
                0x00000000080009fc                FDCAN2_IT1_IRQHandler
                0x00000000080009fc                ETH_IRQHandler
                0x00000000080009fc                TIM1_UP_IRQHandler
                0x00000000080009fc                BDMA_Channel4_IRQHandler
                0x00000000080009fc                WWDG_IRQHandler
                0x00000000080009fc                SPI6_IRQHandler
                0x00000000080009fc                I2C4_EV_IRQHandler
                0x00000000080009fc                MDIOS_IRQHandler
                0x00000000080009fc                FDCAN2_IT0_IRQHandler
                0x00000000080009fc                FDCAN1_IT0_IRQHandler
                0x00000000080009fc                OTG_FS_WKUP_IRQHandler
                0x00000000080009fc                DMA2D_IRQHandler
                0x00000000080009fc                TIM1_BRK_IRQHandler
                0x00000000080009fc                EXTI1_IRQHandler
                0x00000000080009fc                SDMMC2_IRQHandler
                0x00000000080009fc                BDMA_Channel3_IRQHandler
                0x00000000080009fc                MDIOS_WKUP_IRQHandler
                0x00000000080009fc                DFSDM1_FLT0_IRQHandler
                0x00000000080009fc                SAI4_IRQHandler
                0x00000000080009fc                I2C2_ER_IRQHandler
                0x00000000080009fc                DMA2_Stream1_IRQHandler
                0x00000000080009fc                FLASH_IRQHandler
                0x00000000080009fc                BusFault_Handler
                0x00000000080009fc                WAKEUP_PIN_IRQHandler
                0x00000000080009fc                I2C1_ER_IRQHandler
                0x00000000080009fc                FMC_IRQHandler
                0x00000000080009fc                FDCAN_CAL_IRQHandler
                0x00000000080009fc                SWPMI1_IRQHandler
                0x00000000080009fc                COMP1_IRQHandler
                0x00000000080009fc                LPTIM1_IRQHandler
                0x00000000080009fc                I2C4_ER_IRQHandler
                0x00000000080009fc                DMA2_Stream6_IRQHandler
                0x00000000080009fc                SAI1_IRQHandler
 .text.Reset_Handler
                0x0000000008000a00       0x44 build/startup_stm32h750xx.o
                0x0000000008000a00                Reset_Handler
 .text._ZN5daisy8DaisyPodD2Ev
                0x0000000008000a44        0x4 build/Poly3.o
                0x0000000008000a44                daisy::DaisyPod::~DaisyPod()
                0x0000000008000a44                daisy::DaisyPod::~DaisyPod()
 .text._ZN7daisysp10OscillatorD2Ev
                0x0000000008000a48        0x4 build/Poly3.o
                0x0000000008000a48                daisysp::Oscillator::~Oscillator()
                0x0000000008000a48                daisysp::Oscillator::~Oscillator()
 .text._ZN5daisy11OledDisplayINS_13SSD130xDriverILj128ELj64ENS_24SSD130x4WireSpiTransportEEEED2Ev
                0x0000000008000a4c        0x4 build/Poly3.o
                0x0000000008000a4c                daisy::OledDisplay<daisy::SSD130xDriver<128u, 64u, daisy::SSD130x4WireSpiTransport> >::~OledDisplay()
                0x0000000008000a4c                daisy::OledDisplay<daisy::SSD130xDriver<128u, 64u, daisy::SSD130x4WireSpiTransport> >::~OledDisplay()
 .text._ZNK5daisy11OledDisplayINS_13SSD130xDriverILj128ELj64ENS_24SSD130x4WireSpiTransportEEEE6HeightEv
                0x0000000008000a50        0x4 build/Poly3.o
                0x0000000008000a50                daisy::OledDisplay<daisy::SSD130xDriver<128u, 64u, daisy::SSD130x4WireSpiTransport> >::Height() const
 .text._ZNK5daisy11OledDisplayINS_13SSD130xDriverILj128ELj64ENS_24SSD130x4WireSpiTransportEEEE5WidthEv
                0x0000000008000a54        0x4 build/Poly3.o
                0x0000000008000a54                daisy::OledDisplay<daisy::SSD130xDriver<128u, 64u, daisy::SSD130x4WireSpiTransport> >::Width() const
 .text._ZN5daisy11OledDisplayINS_13SSD130xDriverILj128ELj64ENS_24SSD130x4WireSpiTransportEEEE4FillEb
                0x0000000008000a58       0x10 build/Poly3.o
                0x0000000008000a58                daisy::OledDisplay<daisy::SSD130xDriver<128u, 64u, daisy::SSD130x4WireSpiTransport> >::Fill(bool)
 .text._Z13AudioCallbackPKPKfPPfj
                0x0000000008000a68       0xbc build/Poly3.o
                0x0000000008000a68                AudioCallback(float const* const*, float**, unsigned int)
 .text._ZN5daisy11OledDisplayINS_13SSD130xDriverILj128ELj64ENS_24SSD130x4WireSpiTransportEEEED0Ev
                0x0000000008000b24       0x10 build/Poly3.o
                0x0000000008000b24                daisy::OledDisplay<daisy::SSD130xDriver<128u, 64u, daisy::SSD130x4WireSpiTransport> >::~OledDisplay()
 .text._ZN5daisy11OledDisplayINS_13SSD130xDriverILj128ELj64ENS_24SSD130x4WireSpiTransportEEEE6UpdateEv
                0x0000000008000b34       0x8c build/Poly3.o
                0x0000000008000b34                daisy::OledDisplay<daisy::SSD130xDriver<128u, 64u, daisy::SSD130x4WireSpiTransport> >::Update()
 .text._ZN5daisy25OneBitGraphicsDisplayImplINS_11OledDisplayINS_13SSD130xDriverILj128ELj64ENS_24SSD130x4WireSpiTransportEEEEEE11WriteStringEPKc7FontDefb
                0x0000000008000bc0      0x1c0 build/Poly3.o
                0x0000000008000bc0                daisy::OneBitGraphicsDisplayImpl<daisy::OledDisplay<daisy::SSD130xDriver<128u, 64u, daisy::SSD130x4WireSpiTransport> > >::WriteString(char const*, FontDef, bool)
 .text._ZN5daisy25OneBitGraphicsDisplayImplINS_11OledDisplayINS_13SSD130xDriverILj128ELj64ENS_24SSD130x4WireSpiTransportEEEEEE9WriteCharEc7FontDefb
                0x0000000008000d80      0x1a0 build/Poly3.o
                0x0000000008000d80                daisy::OneBitGraphicsDisplayImpl<daisy::OledDisplay<daisy::SSD130xDriver<128u, 64u, daisy::SSD130x4WireSpiTransport> > >::WriteChar(char, FontDef, bool)
 .text._ZN5daisy25OneBitGraphicsDisplayImplINS_11OledDisplayINS_13SSD130xDriverILj128ELj64ENS_24SSD130x4WireSpiTransportEEEEEE18WriteStringAlignedEPKcRK7FontDefNS_9RectangleENS_9AlignmentEb
                0x0000000008000f20      0x3f0 build/Poly3.o
                0x0000000008000f20                daisy::OneBitGraphicsDisplayImpl<daisy::OledDisplay<daisy::SSD130xDriver<128u, 64u, daisy::SSD130x4WireSpiTransport> > >::WriteStringAligned(char const*, FontDef const&, daisy::Rectangle, daisy::Alignment, bool)
 .text._ZN5daisy11OledDisplayINS_13SSD130xDriverILj128ELj64ENS_24SSD130x4WireSpiTransportEEEE9DrawPixelEjjb
                0x0000000008001310       0x44 build/Poly3.o
                0x0000000008001310                daisy::OledDisplay<daisy::SSD130xDriver<128u, 64u, daisy::SSD130x4WireSpiTransport> >::DrawPixel(unsigned int, unsigned int, bool)
 .text._ZN5daisy25OneBitGraphicsDisplayImplINS_11OledDisplayINS_13SSD130xDriverILj128ELj64ENS_24SSD130x4WireSpiTransportEEEEEE8DrawLineEjjjjb
                0x0000000008001354       0xfc build/Poly3.o
                0x0000000008001354                daisy::OneBitGraphicsDisplayImpl<daisy::OledDisplay<daisy::SSD130xDriver<128u, 64u, daisy::SSD130x4WireSpiTransport> > >::DrawLine(unsigned int, unsigned int, unsigned int, unsigned int, bool)
 .text._ZN5daisy25OneBitGraphicsDisplayImplINS_11OledDisplayINS_13SSD130xDriverILj128ELj64ENS_24SSD130x4WireSpiTransportEEEEEE7DrawArcEjjjiib
                0x0000000008001450      0x478 build/Poly3.o
                0x0000000008001450                daisy::OneBitGraphicsDisplayImpl<daisy::OledDisplay<daisy::SSD130xDriver<128u, 64u, daisy::SSD130x4WireSpiTransport> > >::DrawArc(unsigned int, unsigned int, unsigned int, int, int, bool)
 .text._ZN5daisy25OneBitGraphicsDisplayImplINS_11OledDisplayINS_13SSD130xDriverILj128ELj64ENS_24SSD130x4WireSpiTransportEEEEEE8DrawRectEjjjjbb
                0x00000000080018c8      0x418 build/Poly3.o
                0x00000000080018c8                daisy::OneBitGraphicsDisplayImpl<daisy::OledDisplay<daisy::SSD130xDriver<128u, 64u, daisy::SSD130x4WireSpiTransport> > >::DrawRect(unsigned int, unsigned int, unsigned int, unsigned int, bool, bool)
 .text.startup.main
                0x0000000008001ce0      0x618 build/Poly3.o
                0x0000000008001ce0                main
 .text.startup._GLOBAL__sub_I_hw
                0x00000000080022f8       0x90 build/Poly3.o
 .text._ZN5daisy8DaisyPod10StartAudioEPFvPKPKfPPfjE
                0x0000000008002388        0x4 /home/quentinlister/DaisyExamples/libDaisy//build/libdaisy.a(daisy_pod.o)
                0x0000000008002388                daisy::DaisyPod::StartAudio(void (*)(float const* const*, float**, unsigned int))
 .text._ZN5daisy8DaisyPod17SetAudioBlockSizeEj
                0x000000000800238c       0x2c /home/quentinlister/DaisyExamples/libDaisy//build/libdaisy.a(daisy_pod.o)
                0x000000000800238c                daisy::DaisyPod::SetAudioBlockSize(unsigned int)
 .text._ZN5daisy8DaisyPod18SetAudioSampleRateENS_9SaiHandle6Config10SampleRateE
                0x00000000080023b8       0x2c /home/quentinlister/DaisyExamples/libDaisy//build/libdaisy.a(daisy_pod.o)
                0x00000000080023b8                daisy::DaisyPod::SetAudioSampleRate(daisy::SaiHandle::Config::SampleRate)
 .text._ZN5daisy8DaisyPod15AudioSampleRateEv
                0x00000000080023e4        0x4 /home/quentinlister/DaisyExamples/libDaisy//build/libdaisy.a(daisy_pod.o)
                0x00000000080023e4                daisy::DaisyPod::AudioSampleRate()
 .text._ZN5daisy8DaisyPod8StartAdcEv
                0x00000000080023e8        0x8 /home/quentinlister/DaisyExamples/libDaisy//build/libdaisy.a(daisy_pod.o)
                0x00000000080023e8                daisy::DaisyPod::StartAdc()
 .text._ZN5daisy8DaisyPod21ProcessAnalogControlsEv
                0x00000000080023f0       0x18 /home/quentinlister/DaisyExamples/libDaisy//build/libdaisy.a(daisy_pod.o)
                0x00000000080023f0                daisy::DaisyPod::ProcessAnalogControls()
 .text._ZN5daisy8DaisyPod22ProcessDigitalControlsEv
                0x0000000008002408       0x20 /home/quentinlister/DaisyExamples/libDaisy//build/libdaisy.a(daisy_pod.o)
                0x0000000008002408                daisy::DaisyPod::ProcessDigitalControls()
 .text._ZN5daisy8DaisyPod8InitLedsEv
                0x0000000008002428       0xac /home/quentinlister/DaisyExamples/libDaisy//build/libdaisy.a(daisy_pod.o)
                0x0000000008002428                daisy::DaisyPod::InitLeds()
 .text._ZN5daisy8DaisyPod9InitKnobsEv
                0x00000000080024d4       0x98 /home/quentinlister/DaisyExamples/libDaisy//build/libdaisy.a(daisy_pod.o)
                0x00000000080024d4                daisy::DaisyPod::InitKnobs()
 .text._ZN5daisy8DaisyPod4InitEb
                0x000000000800256c      0x118 /home/quentinlister/DaisyExamples/libDaisy//build/libdaisy.a(daisy_pod.o)
                0x000000000800256c                daisy::DaisyPod::Init(bool)
 .text._ZN5daisy9DaisySeed9ConfigureEv
                0x0000000008002684        0x4 /home/quentinlister/DaisyExamples/libDaisy//build/libdaisy.a(daisy_seed.o)
                0x0000000008002684                daisy::DaisySeed::Configure()
 .text._ZN5daisy9DaisySeed6GetPinEh
                0x0000000008002688       0x2c /home/quentinlister/DaisyExamples/libDaisy//build/libdaisy.a(daisy_seed.o)
                0x0000000008002688                daisy::DaisySeed::GetPin(unsigned char)
 .text._ZN5daisy9DaisySeed10StartAudioEPFvPKPKfPPfjE
                0x00000000080026b4        0x8 /home/quentinlister/DaisyExamples/libDaisy//build/libdaisy.a(daisy_seed.o)
                0x00000000080026b4                daisy::DaisySeed::StartAudio(void (*)(float const* const*, float**, unsigned int))
 .text._ZN5daisy9DaisySeed18SetAudioSampleRateENS_9SaiHandle6Config10SampleRateE
                0x00000000080026bc       0x38 /home/quentinlister/DaisyExamples/libDaisy//build/libdaisy.a(daisy_seed.o)
                0x00000000080026bc                daisy::DaisySeed::SetAudioSampleRate(daisy::SaiHandle::Config::SampleRate)
 .text._ZN5daisy9DaisySeed15AudioSampleRateEv
                0x00000000080026f4        0x8 /home/quentinlister/DaisyExamples/libDaisy//build/libdaisy.a(daisy_seed.o)
                0x00000000080026f4                daisy::DaisySeed::AudioSampleRate()
 .text._ZN5daisy9DaisySeed17SetAudioBlockSizeEj
                0x00000000080026fc       0x38 /home/quentinlister/DaisyExamples/libDaisy//build/libdaisy.a(daisy_seed.o)
                0x00000000080026fc                daisy::DaisySeed::SetAudioBlockSize(unsigned int)
 .text._ZNK5daisy9DaisySeed17AudioCallbackRateEv
                0x0000000008002734        0x8 /home/quentinlister/DaisyExamples/libDaisy//build/libdaisy.a(daisy_seed.o)
                0x0000000008002734                daisy::DaisySeed::AudioCallbackRate() const
 .text._ZN5daisy9DaisySeed14ConfigureAudioEv
                0x000000000800273c       0xd0 /home/quentinlister/DaisyExamples/libDaisy//build/libdaisy.a(daisy_seed.o)
                0x000000000800273c                daisy::DaisySeed::ConfigureAudio()
 .text._ZN5daisy9DaisySeed4InitEb
                0x000000000800280c       0xf0 /home/quentinlister/DaisyExamples/libDaisy//build/libdaisy.a(daisy_seed.o)
                0x000000000800280c                daisy::DaisySeed::Init(bool)
 .text._ZN5daisy6Ak45564InitE12dsy_gpio_pin
                0x00000000080028fc       0x44 /home/quentinlister/DaisyExamples/libDaisy//build/libdaisy.a(codec_ak4556.o)
                0x00000000080028fc                daisy::Ak4556::Init(dsy_gpio_pin)
 .text._ZN5daisy6Wm873120WriteControlRegisterEht
                0x0000000008002940       0x3c /home/quentinlister/DaisyExamples/libDaisy//build/libdaisy.a(codec_wm8731.o)
                0x0000000008002940                daisy::Wm8731::WriteControlRegister(unsigned char, unsigned short)
 .text._ZN5daisy6Wm87314InitERKNS0_6ConfigENS_9I2CHandleE
                0x000000000800297c      0x1bc /home/quentinlister/DaisyExamples/libDaisy//build/libdaisy.a(codec_wm8731.o)
                0x000000000800297c                daisy::Wm8731::Init(daisy::Wm8731::Config const&, daisy::I2CHandle)
 .text._ZN11SdramHandle10DeviceInitEv
                0x0000000008002b38       0x98 /home/quentinlister/DaisyExamples/libDaisy//build/libdaisy.a(sdram.o)
                0x0000000008002b38                SdramHandle::DeviceInit()
 .text._ZN11SdramHandle4InitEv
                0x0000000008002bd0       0x7c /home/quentinlister/DaisyExamples/libDaisy//build/libdaisy.a(sdram.o)
                0x0000000008002bd0                SdramHandle::Init()
 .text.HAL_SDRAM_MspInit
                0x0000000008002c4c      0x1a8 /home/quentinlister/DaisyExamples/libDaisy//build/libdaisy.a(sdram.o)
                0x0000000008002c4c                HAL_SDRAM_MspInit
 .text._ZN5daisy11AudioHandle4Impl16InternalCallbackEPlS2_j
                0x0000000008002df4      0xbbc /home/quentinlister/DaisyExamples/libDaisy//build/libdaisy.a(audio.o)
                0x0000000008002df4                daisy::AudioHandle::Impl::InternalCallback(long*, long*, unsigned int)
 .text._ZN5daisy11AudioHandle4InitERKNS0_6ConfigENS_9SaiHandleE
                0x00000000080039b0       0x70 /home/quentinlister/DaisyExamples/libDaisy//build/libdaisy.a(audio.o)
                0x00000000080039b0                daisy::AudioHandle::Init(daisy::AudioHandle::Config const&, daisy::SaiHandle)
 .text._ZNK5daisy11AudioHandle9GetConfigEv
                0x0000000008003a20        0x8 /home/quentinlister/DaisyExamples/libDaisy//build/libdaisy.a(audio.o)
                0x0000000008003a20                daisy::AudioHandle::GetConfig() const
 .text._ZN5daisy11AudioHandle12SetBlockSizeEj
                0x0000000008003a28       0x1c /home/quentinlister/DaisyExamples/libDaisy//build/libdaisy.a(audio.o)
                0x0000000008003a28                daisy::AudioHandle::SetBlockSize(unsigned int)
 .text._ZN5daisy11AudioHandle13GetSampleRateEv
                0x0000000008003a44        0x8 /home/quentinlister/DaisyExamples/libDaisy//build/libdaisy.a(audio.o)
                0x0000000008003a44                daisy::AudioHandle::GetSampleRate()
 .text._ZN5daisy11AudioHandle13SetSampleRateENS_9SaiHandle6Config10SampleRateE
                0x0000000008003a4c       0x88 /home/quentinlister/DaisyExamples/libDaisy//build/libdaisy.a(audio.o)
                0x0000000008003a4c                daisy::AudioHandle::SetSampleRate(daisy::SaiHandle::Config::SampleRate)
 .text._ZN5daisy11AudioHandle5StartEPFvPKPKfPPfjE
                0x0000000008003ad4       0x44 /home/quentinlister/DaisyExamples/libDaisy//build/libdaisy.a(audio.o)
                0x0000000008003ad4                daisy::AudioHandle::Start(void (*)(float const* const*, float**, unsigned int))
 .text.startup._GLOBAL__sub_I__ZN5daisy11AudioHandle4Impl4InitENS0_6ConfigENS_9SaiHandleE
                0x0000000008003b18       0x24 /home/quentinlister/DaisyExamples/libDaisy//build/libdaisy.a(audio.o)
 .text._ZN5daisy13AnalogControl4InitEPtfbbf
                0x0000000008003b3c       0x64 /home/quentinlister/DaisyExamples/libDaisy//build/libdaisy.a(ctrl.o)
                0x0000000008003b3c                daisy::AnalogControl::Init(unsigned short*, float, bool, bool, float)
 .text._ZN5daisy13AnalogControl7ProcessEv
                0x0000000008003ba0       0x48 /home/quentinlister/DaisyExamples/libDaisy//build/libdaisy.a(ctrl.o)
                0x0000000008003ba0                daisy::AnalogControl::Process()
 .text._ZN5daisy13AnalogControl13SetSampleRateEf
                0x0000000008003be8       0x58 /home/quentinlister/DaisyExamples/libDaisy//build/libdaisy.a(ctrl.o)
                0x0000000008003be8                daisy::AnalogControl::SetSampleRate(float)
 .text._ZN5daisy7Encoder4InitE12dsy_gpio_pinS1_S1_f
                0x0000000008003c40       0x60 /home/quentinlister/DaisyExamples/libDaisy//build/libdaisy.a(encoder.o)
                0x0000000008003c40                daisy::Encoder::Init(dsy_gpio_pin, dsy_gpio_pin, dsy_gpio_pin, float)
 .text._ZN5daisy7Encoder8DebounceEv
                0x0000000008003ca0       0x7c /home/quentinlister/DaisyExamples/libDaisy//build/libdaisy.a(encoder.o)
                0x0000000008003ca0                daisy::Encoder::Debounce()
 .text._ZN5daisy9UsbHandleD2Ev
                0x0000000008003d1c        0x4 /home/quentinlister/DaisyExamples/libDaisy//build/libdaisy.a(logger.o)
                0x0000000008003d1c                daisy::UsbHandle::~UsbHandle()
                0x0000000008003d1c                daisy::UsbHandle::~UsbHandle()
 .text._ZN5daisy6LoggerILNS_17LoggerDestinationE1EE11TransmitBufEv
                0x0000000008003d20       0x60 /home/quentinlister/DaisyExamples/libDaisy//build/libdaisy.a(logger.o)
                0x0000000008003d20                daisy::Logger<(daisy::LoggerDestination)1>::TransmitBuf()
 .text._ZN5daisy6LoggerILNS_17LoggerDestinationE1EE13AppendNewLineEv
                0x0000000008003d80       0x60 /home/quentinlister/DaisyExamples/libDaisy//build/libdaisy.a(logger.o)
                0x0000000008003d80                daisy::Logger<(daisy::LoggerDestination)1>::AppendNewLine()
 .text._ZN5daisy6LoggerILNS_17LoggerDestinationE1EE10PrintLineVEPKcSt9__va_list
                0x0000000008003de0       0x30 /home/quentinlister/DaisyExamples/libDaisy//build/libdaisy.a(logger.o)
                0x0000000008003de0                daisy::Logger<(daisy::LoggerDestination)1>::PrintLineV(char const*, std::__va_list)
 .text._ZN5daisy6LoggerILNS_17LoggerDestinationE1EE9PrintLineEPKcz
                0x0000000008003e10       0x1c /home/quentinlister/DaisyExamples/libDaisy//build/libdaisy.a(logger.o)
                0x0000000008003e10                daisy::Logger<(daisy::LoggerDestination)1>::PrintLine(char const*, ...)
 .text._ZN5daisy6LoggerILNS_17LoggerDestinationE1EE8StartLogEb
                0x0000000008003e2c       0x40 /home/quentinlister/DaisyExamples/libDaisy//build/libdaisy.a(logger.o)
                0x0000000008003e2c                daisy::Logger<(daisy::LoggerDestination)1>::StartLog(bool)
 .text.startup._GLOBAL__sub_I__ZN5daisy10LoggerImplILNS_17LoggerDestinationE1EE11usb_handle_E
                0x0000000008003e6c       0x2c /home/quentinlister/DaisyExamples/libDaisy//build/libdaisy.a(logger.o)
 .text._ZN5daisy6RgbLed4InitE12dsy_gpio_pinS1_S1_b
                0x0000000008003e98       0x50 /home/quentinlister/DaisyExamples/libDaisy//build/libdaisy.a(rgb_led.o)
                0x0000000008003e98                daisy::RgbLed::Init(dsy_gpio_pin, dsy_gpio_pin, dsy_gpio_pin, bool)
 .text._ZN5daisy6RgbLed8SetColorENS_5ColorE
                0x0000000008003ee8       0x2c /home/quentinlister/DaisyExamples/libDaisy//build/libdaisy.a(rgb_led.o)
                0x0000000008003ee8                daisy::RgbLed::SetColor(daisy::Color)
 .text._ZN5daisy6RgbLed6UpdateEv
                0x0000000008003f14       0x1c /home/quentinlister/DaisyExamples/libDaisy//build/libdaisy.a(rgb_led.o)
                0x0000000008003f14                daisy::RgbLed::Update()
 .text._ZN5daisy6Switch4InitE12dsy_gpio_pinf
                0x0000000008003f30       0x34 /home/quentinlister/DaisyExamples/libDaisy//build/libdaisy.a(switch.o)
                0x0000000008003f30                daisy::Switch::Init(dsy_gpio_pin, float)
 .text._ZN5daisy6Switch8DebounceEv
                0x0000000008003f64       0x5c /home/quentinlister/DaisyExamples/libDaisy//build/libdaisy.a(switch.o)
                0x0000000008003f64                daisy::Switch::Debounce()
 .text.DummyRxCallback
                0x0000000008003fc0        0x4 /home/quentinlister/DaisyExamples/libDaisy//build/libdaisy.a(usb.o)
                0x0000000008003fc0                DummyRxCallback
 .text._ZN5daisy9UsbHandle4InitENS0_9UsbPeriphE
                0x0000000008003fc4      0x10c /home/quentinlister/DaisyExamples/libDaisy//build/libdaisy.a(usb.o)
                0x0000000008003fc4                daisy::UsbHandle::Init(daisy::UsbHandle::UsbPeriph)
 .text._ZN5daisy9UsbHandle16TransmitInternalEPhj
                0x00000000080040d0       0x14 /home/quentinlister/DaisyExamples/libDaisy//build/libdaisy.a(usb.o)
                0x00000000080040d0                daisy::UsbHandle::TransmitInternal(unsigned char*, unsigned int)
 .text.OTG_FS_EP1_OUT_IRQHandler
                0x00000000080040e4        0xc /home/quentinlister/DaisyExamples/libDaisy//build/libdaisy.a(usb.o)
                0x00000000080040e4                OTG_FS_EP1_OUT_IRQHandler
 .text.OTG_FS_EP1_IN_IRQHandler
                0x00000000080040f0        0xc /home/quentinlister/DaisyExamples/libDaisy//build/libdaisy.a(usb.o)
                0x00000000080040f0                OTG_FS_EP1_IN_IRQHandler
 .text.OTG_FS_IRQHandler
                0x00000000080040fc        0xc /home/quentinlister/DaisyExamples/libDaisy//build/libdaisy.a(usb.o)
                0x00000000080040fc                OTG_FS_IRQHandler
 .text._ZN5daisy16AdcChannelConfig10InitSingleE12dsy_gpio_pin
                0x0000000008004108       0x1c /home/quentinlister/DaisyExamples/libDaisy//build/libdaisy.a(adc.o)
                0x0000000008004108                daisy::AdcChannelConfig::InitSingle(dsy_gpio_pin)
 .text._ZN5daisy9AdcHandle4InitEPNS_16AdcChannelConfigEjNS0_12OverSamplingE
                0x0000000008004124      0x3c8 /home/quentinlister/DaisyExamples/libDaisy//build/libdaisy.a(adc.o)
                0x0000000008004124                daisy::AdcHandle::Init(daisy::AdcChannelConfig*, unsigned int, daisy::AdcHandle::OverSampling)
 .text._ZN5daisy9AdcHandle5StartEv
                0x00000000080044ec       0x2c /home/quentinlister/DaisyExamples/libDaisy//build/libdaisy.a(adc.o)
                0x00000000080044ec                daisy::AdcHandle::Start()
 .text._ZNK5daisy9AdcHandle6GetPtrEh
                0x0000000008004518       0x14 /home/quentinlister/DaisyExamples/libDaisy//build/libdaisy.a(adc.o)
                0x0000000008004518                daisy::AdcHandle::GetPtr(unsigned char) const
 .text.HAL_ADC_MspInit
                0x000000000800452c       0x98 /home/quentinlister/DaisyExamples/libDaisy//build/libdaisy.a(adc.o)
                0x000000000800452c                HAL_ADC_MspInit
 .text.DMA1_Stream2_IRQHandler
                0x00000000080045c4        0xc /home/quentinlister/DaisyExamples/libDaisy//build/libdaisy.a(adc.o)
                0x00000000080045c4                DMA1_Stream2_IRQHandler
 .text.HAL_ADC_ConvCpltCallback
                0x00000000080045d0      0x148 /home/quentinlister/DaisyExamples/libDaisy//build/libdaisy.a(adc.o)
                0x00000000080045d0                HAL_ADC_ConvCpltCallback
 .text.HAL_ADC_ErrorCallback
                0x0000000008004718        0x4 /home/quentinlister/DaisyExamples/libDaisy//build/libdaisy.a(adc.o)
                0x0000000008004718                HAL_ADC_ErrorCallback
 .text.dsy_gpio_init
                0x000000000800471c      0x1b8 /home/quentinlister/DaisyExamples/libDaisy//build/libdaisy.a(gpio.o)
                0x000000000800471c                dsy_gpio_init
 .text.dsy_gpio_read
                0x00000000080048d4       0x1c /home/quentinlister/DaisyExamples/libDaisy//build/libdaisy.a(gpio.o)
                0x00000000080048d4                dsy_gpio_read
 .text.dsy_gpio_write
                0x00000000080048f0       0x24 /home/quentinlister/DaisyExamples/libDaisy//build/libdaisy.a(gpio.o)
                0x00000000080048f0                dsy_gpio_write
 .text._ZN5daisy9I2CHandle4Impl8InitPinsEv
                0x0000000008004914       0x58 /home/quentinlister/DaisyExamples/libDaisy//build/libdaisy.a(i2c.o)
                0x0000000008004914                daisy::I2CHandle::Impl::InitPins()
 .text.HAL_I2C_MspInit
                0x000000000800496c      0x1b4 /home/quentinlister/DaisyExamples/libDaisy//build/libdaisy.a(i2c.o)
                0x000000000800496c                HAL_I2C_MspInit
 .text.dsy_i2c_global_init
                0x0000000008004b20       0x78 /home/quentinlister/DaisyExamples/libDaisy//build/libdaisy.a(i2c.o)
                0x0000000008004b20                dsy_i2c_global_init
 .text.DMA1_Stream6_IRQHandler
                0x0000000008004b98       0x34 /home/quentinlister/DaisyExamples/libDaisy//build/libdaisy.a(i2c.o)
                0x0000000008004b98                DMA1_Stream6_IRQHandler
 .text.I2C1_EV_IRQHandler
                0x0000000008004bcc        0xc /home/quentinlister/DaisyExamples/libDaisy//build/libdaisy.a(i2c.o)
                0x0000000008004bcc                I2C1_EV_IRQHandler
 .text.I2C2_EV_IRQHandler
                0x0000000008004bd8        0xc /home/quentinlister/DaisyExamples/libDaisy//build/libdaisy.a(i2c.o)
                0x0000000008004bd8                I2C2_EV_IRQHandler
 .text.I2C3_EV_IRQHandler
                0x0000000008004be4        0xc /home/quentinlister/DaisyExamples/libDaisy//build/libdaisy.a(i2c.o)
                0x0000000008004be4                I2C3_EV_IRQHandler
 .text._ZN5daisy9I2CHandle4InitERKNS0_6ConfigE
                0x0000000008004bf0      0x12c /home/quentinlister/DaisyExamples/libDaisy//build/libdaisy.a(i2c.o)
                0x0000000008004bf0                daisy::I2CHandle::Init(daisy::I2CHandle::Config const&)
 .text._ZN5daisy9I2CHandle16TransmitBlockingEtPhtm
                0x0000000008004d1c       0x50 /home/quentinlister/DaisyExamples/libDaisy//build/libdaisy.a(i2c.o)
                0x0000000008004d1c                daisy::I2CHandle::TransmitBlocking(unsigned short, unsigned char*, unsigned short, unsigned long)
 .text.startup._GLOBAL__sub_I__ZN5daisy9I2CHandle4Impl10GlobalInitEv
                0x0000000008004d6c       0x18 /home/quentinlister/DaisyExamples/libDaisy//build/libdaisy.a(i2c.o)
 .text._ZN5daisy10QSPIHandle4Impl11WriteEnableEv
                0x0000000008004d84       0x8c /home/quentinlister/DaisyExamples/libDaisy//build/libdaisy.a(qspi.o)
                0x0000000008004d84                daisy::QSPIHandle::Impl::WriteEnable()
 .text._ZN5daisy10QSPIHandle4Impl17DummyCyclesConfigENS0_6Config6DeviceE
                0x0000000008004e10      0x118 /home/quentinlister/DaisyExamples/libDaisy//build/libdaisy.a(qspi.o)
                0x0000000008004e10                daisy::QSPIHandle::Impl::DummyCyclesConfig(daisy::QSPIHandle::Config::Device)
 .text._ZN5daisy10QSPIHandle4Impl10QuadEnableEv
                0x0000000008004f28      0x158 /home/quentinlister/DaisyExamples/libDaisy//build/libdaisy.a(qspi.o)
                0x0000000008004f28                daisy::QSPIHandle::Impl::QuadEnable()
 .text._ZN5daisy10QSPIHandle4InitERKNS0_6ConfigE
                0x0000000008005080      0x198 /home/quentinlister/DaisyExamples/libDaisy//build/libdaisy.a(qspi.o)
                0x0000000008005080                daisy::QSPIHandle::Init(daisy::QSPIHandle::Config const&)
 .text.HAL_QSPI_MspInit
                0x0000000008005218      0x11c /home/quentinlister/DaisyExamples/libDaisy//build/libdaisy.a(qspi.o)
                0x0000000008005218                HAL_QSPI_MspInit
 .text.HAL_QSPI_MspDeInit
                0x0000000008005334       0x54 /home/quentinlister/DaisyExamples/libDaisy//build/libdaisy.a(qspi.o)
                0x0000000008005334                HAL_QSPI_MspDeInit
 .text.QUADSPI_IRQHandler
                0x0000000008005388        0xc /home/quentinlister/DaisyExamples/libDaisy//build/libdaisy.a(qspi.o)
                0x0000000008005388                QUADSPI_IRQHandler
 .text.startup._GLOBAL__sub_I__ZN5daisy10QSPIHandle4Impl4InitERKNS0_6ConfigE
                0x0000000008005394       0x28 /home/quentinlister/DaisyExamples/libDaisy//build/libdaisy.a(qspi.o)
 .text._ZN5daisy9SaiHandle4Impl7InitDmaENS1_15PeripheralBlockE
                0x00000000080053bc       0xa0 /home/quentinlister/DaisyExamples/libDaisy//build/libdaisy.a(sai.o)
                0x00000000080053bc                daisy::SaiHandle::Impl::InitDma(daisy::SaiHandle::Impl::PeripheralBlock)
 .text._ZN5daisy9SaiHandle4Impl8InitPinsEv
                0x000000000800545c       0xa8 /home/quentinlister/DaisyExamples/libDaisy//build/libdaisy.a(sai.o)
                0x000000000800545c                daisy::SaiHandle::Impl::InitPins()
 .text.HAL_SAI_MspInit
                0x0000000008005504      0x164 /home/quentinlister/DaisyExamples/libDaisy//build/libdaisy.a(sai.o)
                0x0000000008005504                HAL_SAI_MspInit
 .text.DMA1_Stream0_IRQHandler
                0x0000000008005668        0xc /home/quentinlister/DaisyExamples/libDaisy//build/libdaisy.a(sai.o)
                0x0000000008005668                DMA1_Stream0_IRQHandler
 .text.DMA1_Stream1_IRQHandler
                0x0000000008005674        0xc /home/quentinlister/DaisyExamples/libDaisy//build/libdaisy.a(sai.o)
                0x0000000008005674                DMA1_Stream1_IRQHandler
 .text.DMA1_Stream3_IRQHandler
                0x0000000008005680        0xc /home/quentinlister/DaisyExamples/libDaisy//build/libdaisy.a(sai.o)
                0x0000000008005680                DMA1_Stream3_IRQHandler
 .text.DMA1_Stream4_IRQHandler
                0x000000000800568c        0xc /home/quentinlister/DaisyExamples/libDaisy//build/libdaisy.a(sai.o)
                0x000000000800568c                DMA1_Stream4_IRQHandler
 .text.HAL_SAI_RxHalfCpltCallback
                0x0000000008005698       0x78 /home/quentinlister/DaisyExamples/libDaisy//build/libdaisy.a(sai.o)
                0x0000000008005698                HAL_SAI_RxHalfCpltCallback
 .text.HAL_SAI_RxCpltCallback
                0x0000000008005710       0x70 /home/quentinlister/DaisyExamples/libDaisy//build/libdaisy.a(sai.o)
                0x0000000008005710                HAL_SAI_RxCpltCallback
 .text._ZN5daisy9SaiHandle4InitERKNS0_6ConfigE
                0x0000000008005780      0x1f0 /home/quentinlister/DaisyExamples/libDaisy//build/libdaisy.a(sai.o)
                0x0000000008005780                daisy::SaiHandle::Init(daisy::SaiHandle::Config const&)
 .text._ZNK5daisy9SaiHandle9GetConfigEv
                0x0000000008005970        0x4 /home/quentinlister/DaisyExamples/libDaisy//build/libdaisy.a(sai.o)
                0x0000000008005970                daisy::SaiHandle::GetConfig() const
 .text._ZN5daisy9SaiHandle8StartDmaEPlS1_jPFvS1_S1_jE
                0x0000000008005974       0xbc /home/quentinlister/DaisyExamples/libDaisy//build/libdaisy.a(sai.o)
                0x0000000008005974                daisy::SaiHandle::StartDma(long*, long*, unsigned int, void (*)(long*, long*, unsigned int))
 .text._ZN5daisy9SaiHandle13GetSampleRateEv
                0x0000000008005a30       0x24 /home/quentinlister/DaisyExamples/libDaisy//build/libdaisy.a(sai.o)
                0x0000000008005a30                daisy::SaiHandle::GetSampleRate()
 .text._ZNK5daisy9SaiHandle9GetOffsetEv
                0x0000000008005a54        0x8 /home/quentinlister/DaisyExamples/libDaisy//build/libdaisy.a(sai.o)
                0x0000000008005a54                daisy::SaiHandle::GetOffset() const
 .text._ZN5daisy9SpiHandle4Impl7InitDmaEv
                0x0000000008005a5c       0xec /home/quentinlister/DaisyExamples/libDaisy//build/libdaisy.a(spi.o)
                0x0000000008005a5c                daisy::SpiHandle::Impl::InitDma()
 .text._ZN5daisy9SpiHandle4Impl10StartDmaTxEPhjPFvPvEPFvS3_NS0_6ResultEES3_
                0x0000000008005b48       0xc8 /home/quentinlister/DaisyExamples/libDaisy//build/libdaisy.a(spi.o)
                0x0000000008005b48                daisy::SpiHandle::Impl::StartDmaTx(unsigned char*, unsigned int, void (*)(void*), void (*)(void*, daisy::SpiHandle::Result), void*)
 .text._ZN5daisy9SpiHandle4Impl10StartDmaRxEPhjPFvPvEPFvS3_NS0_6ResultEES3_
                0x0000000008005c10       0xc8 /home/quentinlister/DaisyExamples/libDaisy//build/libdaisy.a(spi.o)
                0x0000000008005c10                daisy::SpiHandle::Impl::StartDmaRx(unsigned char*, unsigned int, void (*)(void*), void (*)(void*, daisy::SpiHandle::Result), void*)
 .text._ZN5daisy9SpiHandle4Impl12StartDmaRxTxEPhS2_jPFvPvEPFvS3_NS0_6ResultEES3_
                0x0000000008005cd8       0xcc /home/quentinlister/DaisyExamples/libDaisy//build/libdaisy.a(spi.o)
                0x0000000008005cd8                daisy::SpiHandle::Impl::StartDmaRxTx(unsigned char*, unsigned char*, unsigned int, void (*)(void*), void (*)(void*, daisy::SpiHandle::Result), void*)
 .text._ZN5daisy9SpiHandle4Impl8InitPinsEv
                0x0000000008005da4      0x274 /home/quentinlister/DaisyExamples/libDaisy//build/libdaisy.a(spi.o)
                0x0000000008005da4                daisy::SpiHandle::Impl::InitPins()
 .text.HAL_SPI_MspInit
                0x0000000008006018      0x1a8 /home/quentinlister/DaisyExamples/libDaisy//build/libdaisy.a(spi.o)
                0x0000000008006018                HAL_SPI_MspInit
 .text.dsy_spi_global_init
                0x00000000080061c0       0x80 /home/quentinlister/DaisyExamples/libDaisy//build/libdaisy.a(spi.o)
                0x00000000080061c0                dsy_spi_global_init
 .text.SPI1_IRQHandler
                0x0000000008006240        0xc /home/quentinlister/DaisyExamples/libDaisy//build/libdaisy.a(spi.o)
                0x0000000008006240                SPI1_IRQHandler
 .text.SPI2_IRQHandler
                0x000000000800624c        0xc /home/quentinlister/DaisyExamples/libDaisy//build/libdaisy.a(spi.o)
                0x000000000800624c                SPI2_IRQHandler
 .text.SPI3_IRQHandler
                0x0000000008006258        0xc /home/quentinlister/DaisyExamples/libDaisy//build/libdaisy.a(spi.o)
                0x0000000008006258                SPI3_IRQHandler
 .text.SPI4_IRQHandler
                0x0000000008006264        0xc /home/quentinlister/DaisyExamples/libDaisy//build/libdaisy.a(spi.o)
                0x0000000008006264                SPI4_IRQHandler
 .text.SPI5_IRQHandler
                0x0000000008006270        0xc /home/quentinlister/DaisyExamples/libDaisy//build/libdaisy.a(spi.o)
                0x0000000008006270                SPI5_IRQHandler
 .text.DMA2_Stream2_IRQHandler
                0x000000000800627c       0x34 /home/quentinlister/DaisyExamples/libDaisy//build/libdaisy.a(spi.o)
                0x000000000800627c                DMA2_Stream2_IRQHandler
 .text.DMA2_Stream3_IRQHandler
                0x00000000080062b0       0x38 /home/quentinlister/DaisyExamples/libDaisy//build/libdaisy.a(spi.o)
                0x00000000080062b0                DMA2_Stream3_IRQHandler
 .text.HAL_SPI_TxCpltCallback
                0x00000000080062e8       0xc4 /home/quentinlister/DaisyExamples/libDaisy//build/libdaisy.a(spi.o)
                0x00000000080062e8                HAL_SPI_TxCpltCallback
 .text.HAL_SPI_RxCpltCallback
                0x00000000080063ac       0xc4 /home/quentinlister/DaisyExamples/libDaisy//build/libdaisy.a(spi.o)
                0x00000000080063ac                HAL_SPI_RxCpltCallback
 .text.HAL_SPI_TxRxCpltCallback
                0x0000000008006470       0xc4 /home/quentinlister/DaisyExamples/libDaisy//build/libdaisy.a(spi.o)
                0x0000000008006470                HAL_SPI_TxRxCpltCallback
 .text.HAL_SPI_ErrorCallback
                0x0000000008006534       0xc8 /home/quentinlister/DaisyExamples/libDaisy//build/libdaisy.a(spi.o)
                0x0000000008006534                HAL_SPI_ErrorCallback
 .text._ZN5daisy9SpiHandle16BlockingTransmitEPhjm
                0x00000000080065fc       0x14 /home/quentinlister/DaisyExamples/libDaisy//build/libdaisy.a(spi.o)
                0x00000000080065fc                daisy::SpiHandle::BlockingTransmit(unsigned char*, unsigned int, unsigned long)
 .text.startup._GLOBAL__sub_I__Z19MapInstanceToHandleP11SPI_TypeDef
                0x0000000008006610      0x1b0 /home/quentinlister/DaisyExamples/libDaisy//build/libdaisy.a(spi.o)
 .text._ZN5daisy11UartHandler4Impl7InitDmaEbb
                0x00000000080067c0      0x164 /home/quentinlister/DaisyExamples/libDaisy//build/libdaisy.a(uart.o)
                0x00000000080067c0                daisy::UartHandler::Impl::InitDma(bool, bool)
 .text._ZN5daisy11UartHandler4Impl10HandleFifoEv
                0x0000000008006924       0xec /home/quentinlister/DaisyExamples/libDaisy//build/libdaisy.a(uart.o)
                0x0000000008006924                daisy::UartHandler::Impl::HandleFifo()
 .text._ZN5daisy11UartHandler4Impl10StartDmaTxEPhjPFvPvEPFvS3_NS0_6ResultEES3_
                0x0000000008006a10       0xcc /home/quentinlister/DaisyExamples/libDaisy//build/libdaisy.a(uart.o)
                0x0000000008006a10                daisy::UartHandler::Impl::StartDmaTx(unsigned char*, unsigned int, void (*)(void*), void (*)(void*, daisy::UartHandler::Result), void*)
 .text._ZN5daisy11UartHandler4Impl10StartDmaRxEPhjPFvPvEPFvS3_NS0_6ResultEES3_
                0x0000000008006adc       0xcc /home/quentinlister/DaisyExamples/libDaisy//build/libdaisy.a(uart.o)
                0x0000000008006adc                daisy::UartHandler::Impl::StartDmaRx(unsigned char*, unsigned int, void (*)(void*), void (*)(void*, daisy::UartHandler::Result), void*)
 .text._ZN5daisy11UartHandler4Impl19DmaTransferFinishedEP20__UART_HandleTypeDefNS0_6ResultE
                0x0000000008006ba8       0xc0 /home/quentinlister/DaisyExamples/libDaisy//build/libdaisy.a(uart.o)
                0x0000000008006ba8                daisy::UartHandler::Impl::DmaTransferFinished(__UART_HandleTypeDef*, daisy::UartHandler::Result)
 .text._ZN5daisy11UartHandler4Impl8InitPinsEv
                0x0000000008006c68      0x150 /home/quentinlister/DaisyExamples/libDaisy//build/libdaisy.a(uart.o)
                0x0000000008006c68                daisy::UartHandler::Impl::InitPins()
 .text.HAL_UART_MspInit
                0x0000000008006db8      0x210 /home/quentinlister/DaisyExamples/libDaisy//build/libdaisy.a(uart.o)
                0x0000000008006db8                HAL_UART_MspInit
 .text.dsy_uart_global_init
                0x0000000008006fc8      0x110 /home/quentinlister/DaisyExamples/libDaisy//build/libdaisy.a(uart.o)
                0x0000000008006fc8                dsy_uart_global_init
 .text.USART1_IRQHandler
                0x00000000080070d8       0x30 /home/quentinlister/DaisyExamples/libDaisy//build/libdaisy.a(uart.o)
                0x00000000080070d8                USART1_IRQHandler
 .text.USART2_IRQHandler
                0x0000000008007108       0x34 /home/quentinlister/DaisyExamples/libDaisy//build/libdaisy.a(uart.o)
                0x0000000008007108                USART2_IRQHandler
 .text.USART3_IRQHandler
                0x000000000800713c       0x34 /home/quentinlister/DaisyExamples/libDaisy//build/libdaisy.a(uart.o)
                0x000000000800713c                USART3_IRQHandler
 .text.UART4_IRQHandler
                0x0000000008007170       0x34 /home/quentinlister/DaisyExamples/libDaisy//build/libdaisy.a(uart.o)
                0x0000000008007170                UART4_IRQHandler
 .text.UART5_IRQHandler
                0x00000000080071a4       0x34 /home/quentinlister/DaisyExamples/libDaisy//build/libdaisy.a(uart.o)
                0x00000000080071a4                UART5_IRQHandler
 .text.USART6_IRQHandler
                0x00000000080071d8       0x34 /home/quentinlister/DaisyExamples/libDaisy//build/libdaisy.a(uart.o)
                0x00000000080071d8                USART6_IRQHandler
 .text.UART7_IRQHandler
                0x000000000800720c       0x30 /home/quentinlister/DaisyExamples/libDaisy//build/libdaisy.a(uart.o)
                0x000000000800720c                UART7_IRQHandler
 .text.UART8_IRQHandler
                0x000000000800723c       0x34 /home/quentinlister/DaisyExamples/libDaisy//build/libdaisy.a(uart.o)
                0x000000000800723c                UART8_IRQHandler
 .text.LPUART1_IRQHandler
                0x0000000008007270       0x34 /home/quentinlister/DaisyExamples/libDaisy//build/libdaisy.a(uart.o)
                0x0000000008007270                LPUART1_IRQHandler
 .text.DMA1_Stream5_IRQHandler
                0x00000000080072a4       0x34 /home/quentinlister/DaisyExamples/libDaisy//build/libdaisy.a(uart.o)
                0x00000000080072a4                DMA1_Stream5_IRQHandler
 .text.DMA2_Stream4_IRQHandler
                0x00000000080072d8       0x34 /home/quentinlister/DaisyExamples/libDaisy//build/libdaisy.a(uart.o)
                0x00000000080072d8                DMA2_Stream4_IRQHandler
 .text.HAL_UART_TxCpltCallback
                0x000000000800730c        0x8 /home/quentinlister/DaisyExamples/libDaisy//build/libdaisy.a(uart.o)
                0x000000000800730c                HAL_UART_TxCpltCallback
 .text.HAL_UART_RxCpltCallback
                0x0000000008007314        0x8 /home/quentinlister/DaisyExamples/libDaisy//build/libdaisy.a(uart.o)
                0x0000000008007314                HAL_UART_RxCpltCallback
 .text.HAL_UART_ErrorCallback
                0x000000000800731c        0x8 /home/quentinlister/DaisyExamples/libDaisy//build/libdaisy.a(uart.o)
                0x000000000800731c                HAL_UART_ErrorCallback
 .text._ZN5daisy11UartHandler4InitERKNS0_6ConfigE
                0x0000000008007324       0xec /home/quentinlister/DaisyExamples/libDaisy//build/libdaisy.a(uart.o)
                0x0000000008007324                daisy::UartHandler::Init(daisy::UartHandler::Config const&)
 .text.startup._GLOBAL__sub_I__Z19MapInstanceToHandleP13USART_TypeDef
                0x0000000008007410      0x190 /home/quentinlister/DaisyExamples/libDaisy//build/libdaisy.a(uart.o)
 .text._ZN5daisy11TimerHandleD2Ev
                0x00000000080075a0        0x4 /home/quentinlister/DaisyExamples/libDaisy//build/libdaisy.a(system.o)
                0x00000000080075a0                daisy::TimerHandle::~TimerHandle()
                0x00000000080075a0                daisy::TimerHandle::~TimerHandle()
 .text.SysTick_Handler
                0x00000000080075a4       0x10 /home/quentinlister/DaisyExamples/libDaisy//build/libdaisy.a(system.o)
                0x00000000080075a4                SysTick_Handler
 .text.OTG_HS_EP1_OUT_IRQHandler
                0x00000000080075b4       0x24 /home/quentinlister/DaisyExamples/libDaisy//build/libdaisy.a(system.o)
                0x00000000080075b4                OTG_HS_EP1_OUT_IRQHandler
 .text.OTG_HS_EP1_IN_IRQHandler
                0x00000000080075d8       0x24 /home/quentinlister/DaisyExamples/libDaisy//build/libdaisy.a(system.o)
                0x00000000080075d8                OTG_HS_EP1_IN_IRQHandler
 .text.OTG_HS_IRQHandler
                0x00000000080075fc       0x24 /home/quentinlister/DaisyExamples/libDaisy//build/libdaisy.a(system.o)
                0x00000000080075fc                OTG_HS_IRQHandler
 .text.HardFault_Handler
                0x0000000008007620       0xe0 /home/quentinlister/DaisyExamples/libDaisy//build/libdaisy.a(system.o)
                0x0000000008007620                HardFault_Handler
 .text._ZN5daisy6System6GetNowEv
                0x0000000008007700        0x4 /home/quentinlister/DaisyExamples/libDaisy//build/libdaisy.a(system.o)
                0x0000000008007700                daisy::System::GetNow()
 .text._ZN5daisy6System5GetUsEv
                0x0000000008007704        0xc /home/quentinlister/DaisyExamples/libDaisy//build/libdaisy.a(system.o)
                0x0000000008007704                daisy::System::GetUs()
 .text._ZN5daisy6System7GetTickEv
                0x0000000008007710        0xc /home/quentinlister/DaisyExamples/libDaisy//build/libdaisy.a(system.o)
                0x0000000008007710                daisy::System::GetTick()
 .text._ZN5daisy6System5DelayEm
                0x000000000800771c        0x4 /home/quentinlister/DaisyExamples/libDaisy//build/libdaisy.a(system.o)
                0x000000000800771c                daisy::System::Delay(unsigned long)
 .text._ZN5daisy6System15ConfigureClocksEv
                0x0000000008007720      0x194 /home/quentinlister/DaisyExamples/libDaisy//build/libdaisy.a(system.o)
                0x0000000008007720                daisy::System::ConfigureClocks()
 .text._ZN5daisy6System4InitERKNS0_6ConfigE
                0x00000000080078b4      0x140 /home/quentinlister/DaisyExamples/libDaisy//build/libdaisy.a(system.o)
                0x00000000080078b4                daisy::System::Init(daisy::System::Config const&)
 .text._ZN5daisy6System12GetPClk1FreqEv
                0x00000000080079f4        0x4 /home/quentinlister/DaisyExamples/libDaisy//build/libdaisy.a(system.o)
                0x00000000080079f4                daisy::System::GetPClk1Freq()
 .text._ZN5daisy6System11GetTickFreqEv
                0x00000000080079f8        0xc /home/quentinlister/DaisyExamples/libDaisy//build/libdaisy.a(system.o)
                0x00000000080079f8                daisy::System::GetTickFreq()
 .text._ZN5daisy6System22GetProgramMemoryRegionEv
                0x0000000008007a04       0x78 /home/quentinlister/DaisyExamples/libDaisy//build/libdaisy.a(system.o)
                0x0000000008007a04                daisy::System::GetProgramMemoryRegion()
 .text.startup._GLOBAL__sub_I_SysTick_Handler
                0x0000000008007a7c       0x1c /home/quentinlister/DaisyExamples/libDaisy//build/libdaisy.a(system.o)
 .text.SystemInit
                0x0000000008007a98       0x9c /home/quentinlister/DaisyExamples/libDaisy//build/libdaisy.a(system_stm32h7xx.o)
                0x0000000008007a98                SystemInit
 .text.dummy_rx_callback
                0x0000000008007b34        0x4 /home/quentinlister/DaisyExamples/libDaisy//build/libdaisy.a(usbd_cdc_if.o)
                0x0000000008007b34                dummy_rx_callback
 .text.CDC_DeInit_FS
                0x0000000008007b38        0x4 /home/quentinlister/DaisyExamples/libDaisy//build/libdaisy.a(usbd_cdc_if.o)
 .text.CDC_Receive_FS
                0x0000000008007b3c       0x2c /home/quentinlister/DaisyExamples/libDaisy//build/libdaisy.a(usbd_cdc_if.o)
 .text.CDC_Receive_HS
                0x0000000008007b68       0x2c /home/quentinlister/DaisyExamples/libDaisy//build/libdaisy.a(usbd_cdc_if.o)
 .text.CDC_Init_FS
                0x0000000008007b94       0x3c /home/quentinlister/DaisyExamples/libDaisy//build/libdaisy.a(usbd_cdc_if.o)
 .text.CDC_Init_HS
                0x0000000008007bd0       0x3c /home/quentinlister/DaisyExamples/libDaisy//build/libdaisy.a(usbd_cdc_if.o)
 .text.CDC_Control_FS
                0x0000000008007c0c       0x34 /home/quentinlister/DaisyExamples/libDaisy//build/libdaisy.a(usbd_cdc_if.o)
 .text.CDC_Control_HS
                0x0000000008007c40       0x34 /home/quentinlister/DaisyExamples/libDaisy//build/libdaisy.a(usbd_cdc_if.o)
 .text.CDC_DeInit_HS
                0x0000000008007c74        0x4 /home/quentinlister/DaisyExamples/libDaisy//build/libdaisy.a(usbd_cdc_if.o)
 .text.CDC_Transmit_FS
                0x0000000008007c78       0x2c /home/quentinlister/DaisyExamples/libDaisy//build/libdaisy.a(usbd_cdc_if.o)
                0x0000000008007c78                CDC_Transmit_FS
 .text.HAL_PCD_MspInit
                0x0000000008007ca4      0x144 /home/quentinlister/DaisyExamples/libDaisy//build/libdaisy.a(usbd_conf.o)
                0x0000000008007ca4                HAL_PCD_MspInit
 .text.HAL_PCD_SetupStageCallback
                0x0000000008007de8        0xc /home/quentinlister/DaisyExamples/libDaisy//build/libdaisy.a(usbd_conf.o)
                0x0000000008007de8                HAL_PCD_SetupStageCallback
 .text.HAL_PCD_DataOutStageCallback
                0x0000000008007df4       0x14 /home/quentinlister/DaisyExamples/libDaisy//build/libdaisy.a(usbd_conf.o)
                0x0000000008007df4                HAL_PCD_DataOutStageCallback
 .text.HAL_PCD_DataInStageCallback
                0x0000000008007e08       0x14 /home/quentinlister/DaisyExamples/libDaisy//build/libdaisy.a(usbd_conf.o)
                0x0000000008007e08                HAL_PCD_DataInStageCallback
 .text.HAL_PCD_SOFCallback
                0x0000000008007e1c        0x8 /home/quentinlister/DaisyExamples/libDaisy//build/libdaisy.a(usbd_conf.o)
                0x0000000008007e1c                HAL_PCD_SOFCallback
 .text.HAL_PCD_ResetCallback
                0x0000000008007e24       0x24 /home/quentinlister/DaisyExamples/libDaisy//build/libdaisy.a(usbd_conf.o)
                0x0000000008007e24                HAL_PCD_ResetCallback
 .text.HAL_PCD_SuspendCallback
                0x0000000008007e48       0x30 /home/quentinlister/DaisyExamples/libDaisy//build/libdaisy.a(usbd_conf.o)
                0x0000000008007e48                HAL_PCD_SuspendCallback
 .text.HAL_PCD_ResumeCallback
                0x0000000008007e78        0x8 /home/quentinlister/DaisyExamples/libDaisy//build/libdaisy.a(usbd_conf.o)
                0x0000000008007e78                HAL_PCD_ResumeCallback
 .text.HAL_PCD_ISOOUTIncompleteCallback
                0x0000000008007e80        0x8 /home/quentinlister/DaisyExamples/libDaisy//build/libdaisy.a(usbd_conf.o)
                0x0000000008007e80                HAL_PCD_ISOOUTIncompleteCallback
 .text.HAL_PCD_ISOINIncompleteCallback
                0x0000000008007e88        0x8 /home/quentinlister/DaisyExamples/libDaisy//build/libdaisy.a(usbd_conf.o)
                0x0000000008007e88                HAL_PCD_ISOINIncompleteCallback
 .text.HAL_PCD_ConnectCallback
                0x0000000008007e90        0x8 /home/quentinlister/DaisyExamples/libDaisy//build/libdaisy.a(usbd_conf.o)
                0x0000000008007e90                HAL_PCD_ConnectCallback
 .text.HAL_PCD_DisconnectCallback
                0x0000000008007e98        0x8 /home/quentinlister/DaisyExamples/libDaisy//build/libdaisy.a(usbd_conf.o)
                0x0000000008007e98                HAL_PCD_DisconnectCallback
 .text.USBD_LL_Init
                0x0000000008007ea0       0xe4 /home/quentinlister/DaisyExamples/libDaisy//build/libdaisy.a(usbd_conf.o)
                0x0000000008007ea0                USBD_LL_Init
 .text.USBD_LL_Start
                0x0000000008007f84       0x1c /home/quentinlister/DaisyExamples/libDaisy//build/libdaisy.a(usbd_conf.o)
                0x0000000008007f84                USBD_LL_Start
 .text.USBD_LL_OpenEP
                0x0000000008007fa0       0x24 /home/quentinlister/DaisyExamples/libDaisy//build/libdaisy.a(usbd_conf.o)
                0x0000000008007fa0                USBD_LL_OpenEP
 .text.USBD_LL_CloseEP
                0x0000000008007fc4       0x1c /home/quentinlister/DaisyExamples/libDaisy//build/libdaisy.a(usbd_conf.o)
                0x0000000008007fc4                USBD_LL_CloseEP
 .text.USBD_LL_StallEP
                0x0000000008007fe0       0x1c /home/quentinlister/DaisyExamples/libDaisy//build/libdaisy.a(usbd_conf.o)
                0x0000000008007fe0                USBD_LL_StallEP
 .text.USBD_LL_ClearStallEP
                0x0000000008007ffc       0x1c /home/quentinlister/DaisyExamples/libDaisy//build/libdaisy.a(usbd_conf.o)
                0x0000000008007ffc                USBD_LL_ClearStallEP
 .text.USBD_LL_IsStallEP
                0x0000000008008018       0x28 /home/quentinlister/DaisyExamples/libDaisy//build/libdaisy.a(usbd_conf.o)
                0x0000000008008018                USBD_LL_IsStallEP
 .text.USBD_LL_SetUSBAddress
                0x0000000008008040       0x1c /home/quentinlister/DaisyExamples/libDaisy//build/libdaisy.a(usbd_conf.o)
                0x0000000008008040                USBD_LL_SetUSBAddress
 .text.USBD_LL_Transmit
                0x000000000800805c       0x1c /home/quentinlister/DaisyExamples/libDaisy//build/libdaisy.a(usbd_conf.o)
                0x000000000800805c                USBD_LL_Transmit
 .text.USBD_LL_PrepareReceive
                0x0000000008008078       0x1c /home/quentinlister/DaisyExamples/libDaisy//build/libdaisy.a(usbd_conf.o)
                0x0000000008008078                USBD_LL_PrepareReceive
 .text.USBD_LL_GetRxDataSize
                0x0000000008008094        0x8 /home/quentinlister/DaisyExamples/libDaisy//build/libdaisy.a(usbd_conf.o)
                0x0000000008008094                USBD_LL_GetRxDataSize
 .text.USBD_HS_DeviceDescriptor
                0x000000000800809c        0xc /home/quentinlister/DaisyExamples/libDaisy//build/libdaisy.a(usbd_desc.o)
                0x000000000800809c                USBD_HS_DeviceDescriptor
 .text.USBD_FS_DeviceDescriptor
                0x00000000080080a8        0xc /home/quentinlister/DaisyExamples/libDaisy//build/libdaisy.a(usbd_desc.o)
                0x00000000080080a8                USBD_FS_DeviceDescriptor
 .text.USBD_FS_LangIDStrDescriptor
                0x00000000080080b4        0xc /home/quentinlister/DaisyExamples/libDaisy//build/libdaisy.a(usbd_desc.o)
                0x00000000080080b4                USBD_FS_LangIDStrDescriptor
 .text.USBD_FS_ManufacturerStrDescriptor
                0x00000000080080c0       0x1c /home/quentinlister/DaisyExamples/libDaisy//build/libdaisy.a(usbd_desc.o)
                0x00000000080080c0                USBD_FS_ManufacturerStrDescriptor
 .text.USBD_HS_ProductStrDescriptor
                0x00000000080080dc       0x1c /home/quentinlister/DaisyExamples/libDaisy//build/libdaisy.a(usbd_desc.o)
                0x00000000080080dc                USBD_HS_ProductStrDescriptor
 .text.USBD_FS_ConfigStrDescriptor
                0x00000000080080f8       0x1c /home/quentinlister/DaisyExamples/libDaisy//build/libdaisy.a(usbd_desc.o)
                0x00000000080080f8                USBD_FS_ConfigStrDescriptor
 .text.USBD_FS_InterfaceStrDescriptor
                0x0000000008008114       0x1c /home/quentinlister/DaisyExamples/libDaisy//build/libdaisy.a(usbd_desc.o)
                0x0000000008008114                USBD_FS_InterfaceStrDescriptor
 .text.USBD_FS_ProductStrDescriptor
                0x0000000008008130       0x1c /home/quentinlister/DaisyExamples/libDaisy//build/libdaisy.a(usbd_desc.o)
                0x0000000008008130                USBD_FS_ProductStrDescriptor
 .text.USBD_HS_LangIDStrDescriptor
                0x000000000800814c        0xc /home/quentinlister/DaisyExamples/libDaisy//build/libdaisy.a(usbd_desc.o)
                0x000000000800814c                USBD_HS_LangIDStrDescriptor
 .text.USBD_HS_ManufacturerStrDescriptor
                0x0000000008008158       0x1c /home/quentinlister/DaisyExamples/libDaisy//build/libdaisy.a(usbd_desc.o)
                0x0000000008008158                USBD_HS_ManufacturerStrDescriptor
 .text.USBD_FS_SerialStrDescriptor
                0x0000000008008174      0x124 /home/quentinlister/DaisyExamples/libDaisy//build/libdaisy.a(usbd_desc.o)
                0x0000000008008174                USBD_FS_SerialStrDescriptor
 .text.USBD_HS_SerialStrDescriptor
                0x0000000008008298      0x124 /home/quentinlister/DaisyExamples/libDaisy//build/libdaisy.a(usbd_desc.o)
                0x0000000008008298                USBD_HS_SerialStrDescriptor
 .text.USBD_HS_InterfaceStrDescriptor
                0x00000000080083bc       0x1c /home/quentinlister/DaisyExamples/libDaisy//build/libdaisy.a(usbd_desc.o)
                0x00000000080083bc                USBD_HS_InterfaceStrDescriptor
 .text.USBD_HS_ConfigStrDescriptor
                0x00000000080083d8       0x1c /home/quentinlister/DaisyExamples/libDaisy//build/libdaisy.a(usbd_desc.o)
                0x00000000080083d8                USBD_HS_ConfigStrDescriptor
 .text.HAL_HCD_SOF_Callback
                0x00000000080083f4        0x8 /home/quentinlister/DaisyExamples/libDaisy//build/libdaisy.a(usbh_conf.o)
                0x00000000080083f4                HAL_HCD_SOF_Callback
 .text.HAL_HCD_Connect_Callback
                0x00000000080083fc        0x8 /home/quentinlister/DaisyExamples/libDaisy//build/libdaisy.a(usbh_conf.o)
                0x00000000080083fc                HAL_HCD_Connect_Callback
 .text.HAL_HCD_Disconnect_Callback
                0x0000000008008404        0x8 /home/quentinlister/DaisyExamples/libDaisy//build/libdaisy.a(usbh_conf.o)
                0x0000000008008404                HAL_HCD_Disconnect_Callback
 .text.HAL_HCD_HC_NotifyURBChange_Callback
                0x000000000800840c        0x4 /home/quentinlister/DaisyExamples/libDaisy//build/libdaisy.a(usbh_conf.o)
                0x000000000800840c                HAL_HCD_HC_NotifyURBChange_Callback
 .text.HAL_HCD_PortEnabled_Callback
                0x0000000008008410        0x8 /home/quentinlister/DaisyExamples/libDaisy//build/libdaisy.a(usbh_conf.o)
                0x0000000008008410                HAL_HCD_PortEnabled_Callback
 .text.HAL_HCD_PortDisabled_Callback
                0x0000000008008418        0x8 /home/quentinlister/DaisyExamples/libDaisy//build/libdaisy.a(usbh_conf.o)
                0x0000000008008418                HAL_HCD_PortDisabled_Callback
 .text.USBH_LL_Stop
                0x0000000008008420       0x1c /home/quentinlister/DaisyExamples/libDaisy//build/libdaisy.a(usbh_conf.o)
                0x0000000008008420                USBH_LL_Stop
 .text._ZN5daisy5Color4InitENS0_11PresetColorE
                0x000000000800843c       0x20 /home/quentinlister/DaisyExamples/libDaisy//build/libdaisy.a(color.o)
                0x000000000800843c                daisy::Color::Init(daisy::Color::PresetColor)
 .text.dsy_hal_map_get_port
                0x000000000800845c       0x10 /home/quentinlister/DaisyExamples/libDaisy//build/libdaisy.a(hal_map.o)
                0x000000000800845c                dsy_hal_map_get_port
 .text.dsy_hal_map_get_pin
                0x000000000800846c       0x10 /home/quentinlister/DaisyExamples/libDaisy//build/libdaisy.a(hal_map.o)
                0x000000000800846c                dsy_hal_map_get_pin
 .text.dsy_hal_map_gpio_clk_enable
                0x000000000800847c      0x150 /home/quentinlister/DaisyExamples/libDaisy//build/libdaisy.a(hal_map.o)
                0x000000000800847c                dsy_hal_map_gpio_clk_enable
 .text.HAL_MspInit
                0x00000000080085cc        0x4 /home/quentinlister/DaisyExamples/libDaisy//build/libdaisy.a(stm32h7xx_hal.o)
                0x00000000080085cc                HAL_MspInit
 .text.HAL_InitTick
                0x00000000080085d0       0x4c /home/quentinlister/DaisyExamples/libDaisy//build/libdaisy.a(stm32h7xx_hal.o)
                0x00000000080085d0                HAL_InitTick
 .text.HAL_Init
                0x000000000800861c       0x60 /home/quentinlister/DaisyExamples/libDaisy//build/libdaisy.a(stm32h7xx_hal.o)
                0x000000000800861c                HAL_Init
 .text.HAL_IncTick
                0x000000000800867c       0x18 /home/quentinlister/DaisyExamples/libDaisy//build/libdaisy.a(stm32h7xx_hal.o)
                0x000000000800867c                HAL_IncTick
 .text.HAL_GetTick
                0x0000000008008694        0xc /home/quentinlister/DaisyExamples/libDaisy//build/libdaisy.a(stm32h7xx_hal.o)
                0x0000000008008694                HAL_GetTick
 .text.HAL_Delay
                0x00000000080086a0       0x24 /home/quentinlister/DaisyExamples/libDaisy//build/libdaisy.a(stm32h7xx_hal.o)
                0x00000000080086a0                HAL_Delay
 .text.HAL_GetREVID
                0x00000000080086c4        0xc /home/quentinlister/DaisyExamples/libDaisy//build/libdaisy.a(stm32h7xx_hal.o)
                0x00000000080086c4                HAL_GetREVID
 .text.HAL_ADC_ConvHalfCpltCallback
                0x00000000080086d0        0x4 /home/quentinlister/DaisyExamples/libDaisy//build/libdaisy.a(stm32h7xx_hal_adc.o)
                0x00000000080086d0                HAL_ADC_ConvHalfCpltCallback
 .text.ADC_DMAHalfConvCplt
                0x00000000080086d4        0xc /home/quentinlister/DaisyExamples/libDaisy//build/libdaisy.a(stm32h7xx_hal_adc.o)
                0x00000000080086d4                ADC_DMAHalfConvCplt
 .text.ADC_DMAConvCplt
                0x00000000080086e0       0x6c /home/quentinlister/DaisyExamples/libDaisy//build/libdaisy.a(stm32h7xx_hal_adc.o)
                0x00000000080086e0                ADC_DMAConvCplt
 .text.ADC_DMAError
                0x000000000800874c       0x1c /home/quentinlister/DaisyExamples/libDaisy//build/libdaisy.a(stm32h7xx_hal_adc.o)
                0x000000000800874c                ADC_DMAError
 .text.HAL_ADC_ConfigChannel
                0x0000000008008768      0x3fc /home/quentinlister/DaisyExamples/libDaisy//build/libdaisy.a(stm32h7xx_hal_adc.o)
                0x0000000008008768                HAL_ADC_ConfigChannel
 .text.ADC_Enable
                0x0000000008008b64       0xac /home/quentinlister/DaisyExamples/libDaisy//build/libdaisy.a(stm32h7xx_hal_adc.o)
                0x0000000008008b64                ADC_Enable
 .text.HAL_ADC_Start_DMA
                0x0000000008008c10      0x114 /home/quentinlister/DaisyExamples/libDaisy//build/libdaisy.a(stm32h7xx_hal_adc.o)
                0x0000000008008c10                HAL_ADC_Start_DMA
 .text.ADC_Disable
                0x0000000008008d24       0x68 /home/quentinlister/DaisyExamples/libDaisy//build/libdaisy.a(stm32h7xx_hal_adc.o)
                0x0000000008008d24                ADC_Disable
 .text.ADC_ConfigureBoostMode
                0x0000000008008d8c      0x184 /home/quentinlister/DaisyExamples/libDaisy//build/libdaisy.a(stm32h7xx_hal_adc.o)
                0x0000000008008d8c                ADC_ConfigureBoostMode
 .text.HAL_ADC_Init
                0x0000000008008f10      0x218 /home/quentinlister/DaisyExamples/libDaisy//build/libdaisy.a(stm32h7xx_hal_adc.o)
                0x0000000008008f10                HAL_ADC_Init
 .text.HAL_ADCEx_Calibration_Start
                0x0000000008009128       0xa4 /home/quentinlister/DaisyExamples/libDaisy//build/libdaisy.a(stm32h7xx_hal_adc_ex.o)
                0x0000000008009128                HAL_ADCEx_Calibration_Start
 .text.HAL_ADCEx_MultiModeConfigChannel
                0x00000000080091cc       0xc4 /home/quentinlister/DaisyExamples/libDaisy//build/libdaisy.a(stm32h7xx_hal_adc_ex.o)
                0x00000000080091cc                HAL_ADCEx_MultiModeConfigChannel
 .text.HAL_NVIC_SetPriorityGrouping
                0x0000000008009290       0x24 /home/quentinlister/DaisyExamples/libDaisy//build/libdaisy.a(stm32h7xx_hal_cortex.o)
                0x0000000008009290                HAL_NVIC_SetPriorityGrouping
 .text.HAL_NVIC_SetPriority
                0x00000000080092b4       0x7c /home/quentinlister/DaisyExamples/libDaisy//build/libdaisy.a(stm32h7xx_hal_cortex.o)
                0x00000000080092b4                HAL_NVIC_SetPriority
 .text.HAL_NVIC_EnableIRQ
                0x0000000008009330       0x1c /home/quentinlister/DaisyExamples/libDaisy//build/libdaisy.a(stm32h7xx_hal_cortex.o)
                0x0000000008009330                HAL_NVIC_EnableIRQ
 .text.HAL_NVIC_DisableIRQ
                0x000000000800934c       0x28 /home/quentinlister/DaisyExamples/libDaisy//build/libdaisy.a(stm32h7xx_hal_cortex.o)
                0x000000000800934c                HAL_NVIC_DisableIRQ
 .text.HAL_SYSTICK_Config
                0x0000000008009374       0x2c /home/quentinlister/DaisyExamples/libDaisy//build/libdaisy.a(stm32h7xx_hal_cortex.o)
                0x0000000008009374                HAL_SYSTICK_Config
 .text.HAL_MPU_Disable
                0x00000000080093a0       0x1c /home/quentinlister/DaisyExamples/libDaisy//build/libdaisy.a(stm32h7xx_hal_cortex.o)
                0x00000000080093a0                HAL_MPU_Disable
 .text.HAL_MPU_Enable
                0x00000000080093bc       0x20 /home/quentinlister/DaisyExamples/libDaisy//build/libdaisy.a(stm32h7xx_hal_cortex.o)
                0x00000000080093bc                HAL_MPU_Enable
 .text.HAL_MPU_ConfigRegion
                0x00000000080093dc       0x64 /home/quentinlister/DaisyExamples/libDaisy//build/libdaisy.a(stm32h7xx_hal_cortex.o)
                0x00000000080093dc                HAL_MPU_ConfigRegion
 .text.HAL_SYSTICK_Callback
                0x0000000008009440        0x4 /home/quentinlister/DaisyExamples/libDaisy//build/libdaisy.a(stm32h7xx_hal_cortex.o)
                0x0000000008009440                HAL_SYSTICK_Callback
 .text.HAL_SYSTICK_IRQHandler
                0x0000000008009444        0x8 /home/quentinlister/DaisyExamples/libDaisy//build/libdaisy.a(stm32h7xx_hal_cortex.o)
                0x0000000008009444                HAL_SYSTICK_IRQHandler
 .text.DMA_CalcBaseAndBitshift
                0x000000000800944c       0xf4 /home/quentinlister/DaisyExamples/libDaisy//build/libdaisy.a(stm32h7xx_hal_dma.o)
 .text.DMA_CalcDMAMUXChannelBaseAndMask
                0x0000000008009540       0xd8 /home/quentinlister/DaisyExamples/libDaisy//build/libdaisy.a(stm32h7xx_hal_dma.o)
 .text.HAL_DMA_Init
                0x0000000008009618      0x37c /home/quentinlister/DaisyExamples/libDaisy//build/libdaisy.a(stm32h7xx_hal_dma.o)
                0x0000000008009618                HAL_DMA_Init
 .text.HAL_DMA_Start_IT
                0x0000000008009994      0x240 /home/quentinlister/DaisyExamples/libDaisy//build/libdaisy.a(stm32h7xx_hal_dma.o)
                0x0000000008009994                HAL_DMA_Start_IT
 .text.HAL_DMA_Abort_IT
                0x0000000008009bd4      0x134 /home/quentinlister/DaisyExamples/libDaisy//build/libdaisy.a(stm32h7xx_hal_dma.o)
                0x0000000008009bd4                HAL_DMA_Abort_IT
 .text.HAL_DMA_IRQHandler
                0x0000000008009d08      0x6a0 /home/quentinlister/DaisyExamples/libDaisy//build/libdaisy.a(stm32h7xx_hal_dma.o)
                0x0000000008009d08                HAL_DMA_IRQHandler
 .text.HAL_DMA_GetError
                0x000000000800a3a8        0x4 /home/quentinlister/DaisyExamples/libDaisy//build/libdaisy.a(stm32h7xx_hal_dma.o)
                0x000000000800a3a8                HAL_DMA_GetError
 .text.HAL_GPIO_Init
                0x000000000800a3ac      0x280 /home/quentinlister/DaisyExamples/libDaisy//build/libdaisy.a(stm32h7xx_hal_gpio.o)
                0x000000000800a3ac                HAL_GPIO_Init
 .text.HAL_GPIO_DeInit
                0x000000000800a62c      0x190 /home/quentinlister/DaisyExamples/libDaisy//build/libdaisy.a(stm32h7xx_hal_gpio.o)
                0x000000000800a62c                HAL_GPIO_DeInit
 .text.HAL_GPIO_ReadPin
                0x000000000800a7bc        0xc /home/quentinlister/DaisyExamples/libDaisy//build/libdaisy.a(stm32h7xx_hal_gpio.o)
                0x000000000800a7bc                HAL_GPIO_ReadPin
 .text.HAL_GPIO_WritePin
                0x000000000800a7c8        0x8 /home/quentinlister/DaisyExamples/libDaisy//build/libdaisy.a(stm32h7xx_hal_gpio.o)
                0x000000000800a7c8                HAL_GPIO_WritePin
 .text.HAL_HCD_IRQHandler
                0x000000000800a7d0      0x780 /home/quentinlister/DaisyExamples/libDaisy//build/libdaisy.a(stm32h7xx_hal_hcd.o)
                0x000000000800a7d0                HAL_HCD_IRQHandler
 .text.HAL_HCD_Stop
                0x000000000800af50       0x28 /home/quentinlister/DaisyExamples/libDaisy//build/libdaisy.a(stm32h7xx_hal_hcd.o)
                0x000000000800af50                HAL_HCD_Stop
 .text.I2C_WaitOnTXISFlagUntilTimeout
                0x000000000800af78       0xb8 /home/quentinlister/DaisyExamples/libDaisy//build/libdaisy.a(stm32h7xx_hal_i2c.o)
 .text.I2C_WaitOnSTOPFlagUntilTimeout
                0x000000000800b030       0xac /home/quentinlister/DaisyExamples/libDaisy//build/libdaisy.a(stm32h7xx_hal_i2c.o)
 .text.HAL_I2C_Init
                0x000000000800b0dc       0xac /home/quentinlister/DaisyExamples/libDaisy//build/libdaisy.a(stm32h7xx_hal_i2c.o)
                0x000000000800b0dc                HAL_I2C_Init
 .text.HAL_I2C_Master_Transmit
                0x000000000800b188      0x1a8 /home/quentinlister/DaisyExamples/libDaisy//build/libdaisy.a(stm32h7xx_hal_i2c.o)
                0x000000000800b188                HAL_I2C_Master_Transmit
 .text.HAL_I2C_Slave_Transmit
                0x000000000800b330      0x1c8 /home/quentinlister/DaisyExamples/libDaisy//build/libdaisy.a(stm32h7xx_hal_i2c.o)
                0x000000000800b330                HAL_I2C_Slave_Transmit
 .text.HAL_I2C_EV_IRQHandler
                0x000000000800b4f8       0x10 /home/quentinlister/DaisyExamples/libDaisy//build/libdaisy.a(stm32h7xx_hal_i2c.o)
                0x000000000800b4f8                HAL_I2C_EV_IRQHandler
 .text.HAL_I2C_GetState
                0x000000000800b508        0x8 /home/quentinlister/DaisyExamples/libDaisy//build/libdaisy.a(stm32h7xx_hal_i2c.o)
                0x000000000800b508                HAL_I2C_GetState
 .text.HAL_I2CEx_ConfigAnalogFilter
                0x000000000800b510       0x54 /home/quentinlister/DaisyExamples/libDaisy//build/libdaisy.a(stm32h7xx_hal_i2c_ex.o)
                0x000000000800b510                HAL_I2CEx_ConfigAnalogFilter
 .text.HAL_I2CEx_ConfigDigitalFilter
                0x000000000800b564       0x58 /home/quentinlister/DaisyExamples/libDaisy//build/libdaisy.a(stm32h7xx_hal_i2c_ex.o)
                0x000000000800b564                HAL_I2CEx_ConfigDigitalFilter
 .text.HAL_PCD_Init
                0x000000000800b5bc      0x12c /home/quentinlister/DaisyExamples/libDaisy//build/libdaisy.a(stm32h7xx_hal_pcd.o)
                0x000000000800b5bc                HAL_PCD_Init
 .text.HAL_PCD_Start
                0x000000000800b6e8       0x44 /home/quentinlister/DaisyExamples/libDaisy//build/libdaisy.a(stm32h7xx_hal_pcd.o)
                0x000000000800b6e8                HAL_PCD_Start
 .text.HAL_PCD_IRQHandler
                0x000000000800b72c      0x69c /home/quentinlister/DaisyExamples/libDaisy//build/libdaisy.a(stm32h7xx_hal_pcd.o)
                0x000000000800b72c                HAL_PCD_IRQHandler
 .text.HAL_PCD_SetAddress
                0x000000000800bdc8       0x2c /home/quentinlister/DaisyExamples/libDaisy//build/libdaisy.a(stm32h7xx_hal_pcd.o)
                0x000000000800bdc8                HAL_PCD_SetAddress
 .text.HAL_PCD_EP_Open
                0x000000000800bdf4       0x7c /home/quentinlister/DaisyExamples/libDaisy//build/libdaisy.a(stm32h7xx_hal_pcd.o)
                0x000000000800bdf4                HAL_PCD_EP_Open
 .text.HAL_PCD_EP_Close
                0x000000000800be70       0x6c /home/quentinlister/DaisyExamples/libDaisy//build/libdaisy.a(stm32h7xx_hal_pcd.o)
                0x000000000800be70                HAL_PCD_EP_Close
 .text.HAL_PCD_EP_Receive
                0x000000000800bedc       0x50 /home/quentinlister/DaisyExamples/libDaisy//build/libdaisy.a(stm32h7xx_hal_pcd.o)
                0x000000000800bedc                HAL_PCD_EP_Receive
 .text.HAL_PCD_EP_GetRxCount
                0x000000000800bf2c       0x14 /home/quentinlister/DaisyExamples/libDaisy//build/libdaisy.a(stm32h7xx_hal_pcd.o)
                0x000000000800bf2c                HAL_PCD_EP_GetRxCount
 .text.HAL_PCD_EP_Transmit
                0x000000000800bf40       0x50 /home/quentinlister/DaisyExamples/libDaisy//build/libdaisy.a(stm32h7xx_hal_pcd.o)
                0x000000000800bf40                HAL_PCD_EP_Transmit
 .text.HAL_PCD_EP_SetStall
                0x000000000800bf90       0x88 /home/quentinlister/DaisyExamples/libDaisy//build/libdaisy.a(stm32h7xx_hal_pcd.o)
                0x000000000800bf90                HAL_PCD_EP_SetStall
 .text.HAL_PCD_EP_ClrStall
                0x000000000800c018       0x78 /home/quentinlister/DaisyExamples/libDaisy//build/libdaisy.a(stm32h7xx_hal_pcd.o)
                0x000000000800c018                HAL_PCD_EP_ClrStall
 .text.HAL_PCDEx_SetTxFiFo
                0x000000000800c090       0x54 /home/quentinlister/DaisyExamples/libDaisy//build/libdaisy.a(stm32h7xx_hal_pcd_ex.o)
                0x000000000800c090                HAL_PCDEx_SetTxFiFo
 .text.HAL_PCDEx_SetRxFiFo
                0x000000000800c0e4        0xc /home/quentinlister/DaisyExamples/libDaisy//build/libdaisy.a(stm32h7xx_hal_pcd_ex.o)
                0x000000000800c0e4                HAL_PCDEx_SetRxFiFo
 .text.HAL_PCDEx_ActivateLPM
                0x000000000800c0f0       0x30 /home/quentinlister/DaisyExamples/libDaisy//build/libdaisy.a(stm32h7xx_hal_pcd_ex.o)
                0x000000000800c0f0                HAL_PCDEx_ActivateLPM
 .text.HAL_PCDEx_LPM_Callback
                0x000000000800c120        0x4 /home/quentinlister/DaisyExamples/libDaisy//build/libdaisy.a(stm32h7xx_hal_pcd_ex.o)
                0x000000000800c120                HAL_PCDEx_LPM_Callback
 .text.HAL_PWREx_ConfigSupply
                0x000000000800c124       0x4c /home/quentinlister/DaisyExamples/libDaisy//build/libdaisy.a(stm32h7xx_hal_pwr_ex.o)
                0x000000000800c124                HAL_PWREx_ConfigSupply
 .text.HAL_PWREx_EnableUSBVoltageDetector
                0x000000000800c170       0x10 /home/quentinlister/DaisyExamples/libDaisy//build/libdaisy.a(stm32h7xx_hal_pwr_ex.o)
                0x000000000800c170                HAL_PWREx_EnableUSBVoltageDetector
 .text.QSPI_Config
                0x000000000800c180      0x174 /home/quentinlister/DaisyExamples/libDaisy//build/libdaisy.a(stm32h7xx_hal_qspi.o)
 .text.HAL_QSPI_Init
                0x000000000800c2f4       0xd8 /home/quentinlister/DaisyExamples/libDaisy//build/libdaisy.a(stm32h7xx_hal_qspi.o)
                0x000000000800c2f4                HAL_QSPI_Init
 .text.HAL_QSPI_DeInit
                0x000000000800c3cc       0x3c /home/quentinlister/DaisyExamples/libDaisy//build/libdaisy.a(stm32h7xx_hal_qspi.o)
                0x000000000800c3cc                HAL_QSPI_DeInit
 .text.HAL_QSPI_Command
                0x000000000800c408       0xd4 /home/quentinlister/DaisyExamples/libDaisy//build/libdaisy.a(stm32h7xx_hal_qspi.o)
                0x000000000800c408                HAL_QSPI_Command
 .text.HAL_QSPI_Transmit
                0x000000000800c4dc       0xfc /home/quentinlister/DaisyExamples/libDaisy//build/libdaisy.a(stm32h7xx_hal_qspi.o)
                0x000000000800c4dc                HAL_QSPI_Transmit
 .text.HAL_QSPI_Receive
                0x000000000800c5d8      0x108 /home/quentinlister/DaisyExamples/libDaisy//build/libdaisy.a(stm32h7xx_hal_qspi.o)
                0x000000000800c5d8                HAL_QSPI_Receive
 .text.HAL_QSPI_AutoPolling
                0x000000000800c6e0       0xf0 /home/quentinlister/DaisyExamples/libDaisy//build/libdaisy.a(stm32h7xx_hal_qspi.o)
                0x000000000800c6e0                HAL_QSPI_AutoPolling
 .text.HAL_QSPI_MemoryMapped
                0x000000000800c7d0       0xc0 /home/quentinlister/DaisyExamples/libDaisy//build/libdaisy.a(stm32h7xx_hal_qspi.o)
                0x000000000800c7d0                HAL_QSPI_MemoryMapped
 .text.HAL_QSPI_ErrorCallback
                0x000000000800c890        0x4 /home/quentinlister/DaisyExamples/libDaisy//build/libdaisy.a(stm32h7xx_hal_qspi.o)
                0x000000000800c890                HAL_QSPI_ErrorCallback
 .text.QSPI_DMAAbortCplt
                0x000000000800c894       0x38 /home/quentinlister/DaisyExamples/libDaisy//build/libdaisy.a(stm32h7xx_hal_qspi.o)
 .text.HAL_QSPI_AbortCpltCallback
                0x000000000800c8cc        0x4 /home/quentinlister/DaisyExamples/libDaisy//build/libdaisy.a(stm32h7xx_hal_qspi.o)
                0x000000000800c8cc                HAL_QSPI_AbortCpltCallback
 .text.HAL_QSPI_CmdCpltCallback
                0x000000000800c8d0        0x4 /home/quentinlister/DaisyExamples/libDaisy//build/libdaisy.a(stm32h7xx_hal_qspi.o)
                0x000000000800c8d0                HAL_QSPI_CmdCpltCallback
 .text.HAL_QSPI_RxCpltCallback
                0x000000000800c8d4        0x4 /home/quentinlister/DaisyExamples/libDaisy//build/libdaisy.a(stm32h7xx_hal_qspi.o)
                0x000000000800c8d4                HAL_QSPI_RxCpltCallback
 .text.HAL_QSPI_TxCpltCallback
                0x000000000800c8d8        0x4 /home/quentinlister/DaisyExamples/libDaisy//build/libdaisy.a(stm32h7xx_hal_qspi.o)
                0x000000000800c8d8                HAL_QSPI_TxCpltCallback
 .text.HAL_QSPI_FifoThresholdCallback
                0x000000000800c8dc        0x4 /home/quentinlister/DaisyExamples/libDaisy//build/libdaisy.a(stm32h7xx_hal_qspi.o)
                0x000000000800c8dc                HAL_QSPI_FifoThresholdCallback
 .text.HAL_QSPI_StatusMatchCallback
                0x000000000800c8e0        0x4 /home/quentinlister/DaisyExamples/libDaisy//build/libdaisy.a(stm32h7xx_hal_qspi.o)
                0x000000000800c8e0                HAL_QSPI_StatusMatchCallback
 .text.HAL_QSPI_TimeOutCallback
                0x000000000800c8e4        0x4 /home/quentinlister/DaisyExamples/libDaisy//build/libdaisy.a(stm32h7xx_hal_qspi.o)
                0x000000000800c8e4                HAL_QSPI_TimeOutCallback
 .text.HAL_QSPI_IRQHandler
                0x000000000800c8e8      0x210 /home/quentinlister/DaisyExamples/libDaisy//build/libdaisy.a(stm32h7xx_hal_qspi.o)
                0x000000000800c8e8                HAL_QSPI_IRQHandler
 .text.HAL_RCC_OscConfig
                0x000000000800caf8      0x51c /home/quentinlister/DaisyExamples/libDaisy//build/libdaisy.a(stm32h7xx_hal_rcc.o)
                0x000000000800caf8                HAL_RCC_OscConfig
 .text.HAL_RCC_GetSysClockFreq
                0x000000000800d014      0x140 /home/quentinlister/DaisyExamples/libDaisy//build/libdaisy.a(stm32h7xx_hal_rcc.o)
                0x000000000800d014                HAL_RCC_GetSysClockFreq
 .text.HAL_RCC_ClockConfig
                0x000000000800d154      0x234 /home/quentinlister/DaisyExamples/libDaisy//build/libdaisy.a(stm32h7xx_hal_rcc.o)
                0x000000000800d154                HAL_RCC_ClockConfig
 .text.HAL_RCC_GetHCLKFreq
                0x000000000800d388       0x2c /home/quentinlister/DaisyExamples/libDaisy//build/libdaisy.a(stm32h7xx_hal_rcc.o)
                0x000000000800d388                HAL_RCC_GetHCLKFreq
 .text.HAL_RCC_GetPCLK1Freq
                0x000000000800d3b4       0x38 /home/quentinlister/DaisyExamples/libDaisy//build/libdaisy.a(stm32h7xx_hal_rcc.o)
                0x000000000800d3b4                HAL_RCC_GetPCLK1Freq
 .text.HAL_RCC_GetPCLK2Freq
                0x000000000800d3ec       0x38 /home/quentinlister/DaisyExamples/libDaisy//build/libdaisy.a(stm32h7xx_hal_rcc.o)
                0x000000000800d3ec                HAL_RCC_GetPCLK2Freq
 .text.RCCEx_PLL2_Config
                0x000000000800d424       0xf4 /home/quentinlister/DaisyExamples/libDaisy//build/libdaisy.a(stm32h7xx_hal_rcc_ex.o)
 .text.RCCEx_PLL3_Config
                0x000000000800d518       0xf4 /home/quentinlister/DaisyExamples/libDaisy//build/libdaisy.a(stm32h7xx_hal_rcc_ex.o)
 .text.HAL_RCCEx_PeriphCLKConfig
                0x000000000800d60c      0xa7c /home/quentinlister/DaisyExamples/libDaisy//build/libdaisy.a(stm32h7xx_hal_rcc_ex.o)
                0x000000000800d60c                HAL_RCCEx_PeriphCLKConfig
 .text.HAL_RCCEx_GetD3PCLK1Freq
                0x000000000800e088       0x24 /home/quentinlister/DaisyExamples/libDaisy//build/libdaisy.a(stm32h7xx_hal_rcc_ex.o)
                0x000000000800e088                HAL_RCCEx_GetD3PCLK1Freq
 .text.HAL_RCCEx_GetPLL2ClockFreq
                0x000000000800e0ac      0x17c /home/quentinlister/DaisyExamples/libDaisy//build/libdaisy.a(stm32h7xx_hal_rcc_ex.o)
                0x000000000800e0ac                HAL_RCCEx_GetPLL2ClockFreq
 .text.HAL_RCCEx_GetPLL3ClockFreq
                0x000000000800e228      0x17c /home/quentinlister/DaisyExamples/libDaisy//build/libdaisy.a(stm32h7xx_hal_rcc_ex.o)
                0x000000000800e228                HAL_RCCEx_GetPLL3ClockFreq
 .text.HAL_RCCEx_GetPLL1ClockFreq
                0x000000000800e3a4      0x17c /home/quentinlister/DaisyExamples/libDaisy//build/libdaisy.a(stm32h7xx_hal_rcc_ex.o)
                0x000000000800e3a4                HAL_RCCEx_GetPLL1ClockFreq
 .text.HAL_RCCEx_GetPeriphCLKFreq
                0x000000000800e520      0x198 /home/quentinlister/DaisyExamples/libDaisy//build/libdaisy.a(stm32h7xx_hal_rcc_ex.o)
                0x000000000800e520                HAL_RCCEx_GetPeriphCLKFreq
 .text.HAL_RCCEx_GetD1SysClockFreq
                0x000000000800e6b8       0x2c /home/quentinlister/DaisyExamples/libDaisy//build/libdaisy.a(stm32h7xx_hal_rcc_ex.o)
                0x000000000800e6b8                HAL_RCCEx_GetD1SysClockFreq
 .text.HAL_SAI_Init.part.0
                0x000000000800e6e4      0x348 /home/quentinlister/DaisyExamples/libDaisy//build/libdaisy.a(stm32h7xx_hal_sai.o)
 .text.HAL_SAI_InitProtocol
                0x000000000800ea2c      0x178 /home/quentinlister/DaisyExamples/libDaisy//build/libdaisy.a(stm32h7xx_hal_sai.o)
                0x000000000800ea2c                HAL_SAI_InitProtocol
 .text.HAL_SAI_Transmit_DMA
                0x000000000800eba4      0x124 /home/quentinlister/DaisyExamples/libDaisy//build/libdaisy.a(stm32h7xx_hal_sai.o)