Archive member included to satisfy reference by file (symbol)

/home/quentinlister/DaisyExamples/libDaisy//build/libdaisy.a(daisy_pod.o)
                              build/Poly3.o (daisy::DaisyPod::StartAudio(void (*)(float const* const*, float**, unsigned int)))
/home/quentinlister/DaisyExamples/libDaisy//build/libdaisy.a(daisy_seed.o)
                              /home/quentinlister/DaisyExamples/libDaisy//build/libdaisy.a(daisy_pod.o) (daisy::DaisySeed::Configure())
/home/quentinlister/DaisyExamples/libDaisy//build/libdaisy.a(codec_ak4556.o)
                              /home/quentinlister/DaisyExamples/libDaisy//build/libdaisy.a(daisy_seed.o) (daisy::Ak4556::Init(dsy_gpio_pin))
/home/quentinlister/DaisyExamples/libDaisy//build/libdaisy.a(codec_wm8731.o)
                              /home/quentinlister/DaisyExamples/libDaisy//build/libdaisy.a(daisy_seed.o) (daisy::Wm8731::Init(daisy::Wm8731::Config const&, daisy::I2CHandle))
/home/quentinlister/DaisyExamples/libDaisy//build/libdaisy.a(sdram.o)
                              /home/quentinlister/DaisyExamples/libDaisy//build/libdaisy.a(daisy_seed.o) (SdramHandle::Init())
/home/quentinlister/DaisyExamples/libDaisy//build/libdaisy.a(audio.o)
                              /home/quentinlister/DaisyExamples/libDaisy//build/libdaisy.a(daisy_seed.o) (daisy::AudioHandle::Init(daisy::AudioHandle::Config const&, daisy::SaiHandle))
/home/quentinlister/DaisyExamples/libDaisy//build/libdaisy.a(ctrl.o)
                              /home/quentinlister/DaisyExamples/libDaisy//build/libdaisy.a(daisy_pod.o) (daisy::AnalogControl::Init(unsigned short*, float, bool, bool, float))
/home/quentinlister/DaisyExamples/libDaisy//build/libdaisy.a(encoder.o)
                              /home/quentinlister/DaisyExamples/libDaisy//build/libdaisy.a(daisy_pod.o) (daisy::Encoder::Init(dsy_gpio_pin, dsy_gpio_pin, dsy_gpio_pin, float))
/home/quentinlister/DaisyExamples/libDaisy//build/libdaisy.a(rgb_led.o)
                              /home/quentinlister/DaisyExamples/libDaisy//build/libdaisy.a(daisy_pod.o) (daisy::RgbLed::Init(dsy_gpio_pin, dsy_gpio_pin, dsy_gpio_pin, bool))
/home/quentinlister/DaisyExamples/libDaisy//build/libdaisy.a(switch.o)
                              /home/quentinlister/DaisyExamples/libDaisy//build/libdaisy.a(daisy_pod.o) (daisy::Switch::Init(dsy_gpio_pin, float))
/home/quentinlister/DaisyExamples/libDaisy//build/libdaisy.a(adc.o)
                              /home/quentinlister/DaisyExamples/libDaisy//build/libdaisy.a(daisy_pod.o) (daisy::AdcChannelConfig::InitSingle(dsy_gpio_pin))
/home/quentinlister/DaisyExamples/libDaisy//build/libdaisy.a(gpio.o)
                              build/Poly3.o (dsy_gpio_init)
/home/quentinlister/DaisyExamples/libDaisy//build/libdaisy.a(i2c.o)
                              /home/quentinlister/DaisyExamples/libDaisy//build/libdaisy.a(daisy_seed.o) (daisy::I2CHandle::Init(daisy::I2CHandle::Config const&))
/home/quentinlister/DaisyExamples/libDaisy//build/libdaisy.a(qspi.o)
                              /home/quentinlister/DaisyExamples/libDaisy//build/libdaisy.a(daisy_seed.o) (daisy::QSPIHandle::Init(daisy::QSPIHandle::Config const&))
/home/quentinlister/DaisyExamples/libDaisy//build/libdaisy.a(sai.o)
                              /home/quentinlister/DaisyExamples/libDaisy//build/libdaisy.a(daisy_seed.o) (daisy::SaiHandle::Init(daisy::SaiHandle::Config const&))
/home/quentinlister/DaisyExamples/libDaisy//build/libdaisy.a(spi.o)
                              build/Poly3.o (daisy::SpiHandle::Init(daisy::SpiHandle::Config const&))
/home/quentinlister/DaisyExamples/libDaisy//build/libdaisy.a(uart.o)
                              /home/quentinlister/DaisyExamples/libDaisy//build/libdaisy.a(daisy_pod.o) (daisy::UartHandler::Init(daisy::UartHandler::Config const&))
/home/quentinlister/DaisyExamples/libDaisy//build/libdaisy.a(system.o)
                              /home/quentinlister/DaisyExamples/libDaisy//build/libdaisy.a(daisy_seed.o) (daisy::System::DeInit())
/home/quentinlister/DaisyExamples/libDaisy//build/libdaisy.a(system_stm32h7xx.o)
                              build/startup_stm32h750xx.o (SystemInit)
/home/quentinlister/DaisyExamples/libDaisy//build/libdaisy.a(usbd_conf.o)
                              /home/quentinlister/DaisyExamples/libDaisy//build/libdaisy.a(system.o) (hpcd_USB_OTG_HS)
/home/quentinlister/DaisyExamples/libDaisy//build/libdaisy.a(usbh_conf.o)
                              /home/quentinlister/DaisyExamples/libDaisy//build/libdaisy.a(system.o) (hhcd_USB_OTG_HS)
/home/quentinlister/DaisyExamples/libDaisy//build/libdaisy.a(color.o)
                              /home/quentinlister/DaisyExamples/libDaisy//build/libdaisy.a(daisy_pod.o) (daisy::Color::Init(daisy::Color::PresetColor))
/home/quentinlister/DaisyExamples/libDaisy//build/libdaisy.a(hal_map.o)
                              /home/quentinlister/DaisyExamples/libDaisy//build/libdaisy.a(gpio.o) (dsy_hal_map_get_port)
[...]
Memory Configuration

Name             Origin             Length             Attributes
FLASH            0x0000000008000000 0x0000000000020000 xr
DTCMRAM          0x0000000020000000 0x0000000000020000 xrw
SRAM             0x0000000024000000 0x0000000000080000 xrw
RAM_D2           0x0000000030000000 0x0000000000048000 xrw
RAM_D3           0x0000000038000000 0x0000000000010000 xrw
ITCMRAM          0x0000000000000000 0x0000000000010000 xrw
SDRAM            0x00000000c0000000 0x0000000004000000 xrw
QSPIFLASH        0x0000000090000000 0x0000000000800000 xr
*default*        0x0000000000000000 0xffffffffffffffff

Linker script and memory map

LOAD /home/quentinlister/developer/gcc-arm-none-eabi-10-2020-q4-major/bin/../lib/gcc/arm-none-eabi/10.2.1/thumb/v7e-m+dp/hard/crti.o
LOAD /home/quentinlister/developer/gcc-arm-none-eabi-10-2020-q4-major/bin/../lib/gcc/arm-none-eabi/10.2.1/thumb/v7e-m+dp/hard/crtbegin.o
LOAD /home/quentinlister/developer/gcc-arm-none-eabi-10-2020-q4-major/bin/../lib/gcc/arm-none-eabi/10.2.1/../../../../arm-none-eabi/lib/thumb/v7e-m+dp/hard/crt0.o
LOAD build/startup_stm32h750xx.o
LOAD build/Poly3.o
LOAD build/voice.o
LOAD build/envelope.o
LOAD build/oscillator.o
LOAD build/polyvoice.o
LOAD build/mix.o
LOAD /home/quentinlister/DaisyExamples/libDaisy//build/libdaisy.a
LOAD /home/quentinlister/developer/gcc-arm-none-eabi-10-2020-q4-major/bin/../lib/gcc/arm-none-eabi/10.2.1/../../../../arm-none-eabi/lib/thumb/v7e-m+dp/hard/libnosys.a
LOAD /home/quentinlister/DaisyExamples/DaisySP//build/libdaisysp.a
LOAD /home/quentinlister/developer/gcc-arm-none-eabi-10-2020-q4-major/bin/../lib/gcc/arm-none-eabi/10.2.1/../../../../arm-none-eabi/lib/thumb/v7e-m+dp/hard/libstdc++_nano.a
LOAD /home/quentinlister/developer/gcc-arm-none-eabi-10-2020-q4-major/bin/../lib/gcc/arm-none-eabi/10.2.1/../../../../arm-none-eabi/lib/thumb/v7e-m+dp/hard/libm.a
LOAD /home/quentinlister/developer/gcc-arm-none-eabi-10-2020-q4-major/bin/../lib/gcc/arm-none-eabi/10.2.1/../../../../arm-none-eabi/lib/thumb/v7e-m+dp/hard/libc_nano.a
START GROUP
LOAD /home/quentinlister/developer/gcc-arm-none-eabi-10-2020-q4-major/bin/../lib/gcc/arm-none-eabi/10.2.1/thumb/v7e-m+dp/hard/libgcc.a
LOAD /home/quentinlister/developer/gcc-arm-none-eabi-10-2020-q4-major/bin/../lib/gcc/arm-none-eabi/10.2.1/../../../../arm-none-eabi/lib/thumb/v7e-m+dp/hard/libc_nano.a
END GROUP
START GROUP
LOAD /home/quentinlister/developer/gcc-arm-none-eabi-10-2020-q4-major/bin/../lib/gcc/arm-none-eabi/10.2.1/thumb/v7e-m+dp/hard/libgcc.a
LOAD /home/quentinlister/developer/gcc-arm-none-eabi-10-2020-q4-major/bin/../lib/gcc/arm-none-eabi/10.2.1/../../../../arm-none-eabi/lib/thumb/v7e-m+dp/hard/libc_nano.a
LOAD /home/quentinlister/developer/gcc-arm-none-eabi-10-2020-q4-major/bin/../lib/gcc/arm-none-eabi/10.2.1/../../../../arm-none-eabi/lib/thumb/v7e-m+dp/hard/libnosys.a
END GROUP
START GROUP
LOAD /home/quentinlister/developer/gcc-arm-none-eabi-10-2020-q4-major/bin/../lib/gcc/arm-none-eabi/10.2.1/thumb/v7e-m+dp/hard/libgcc.a
LOAD /home/quentinlister/developer/gcc-arm-none-eabi-10-2020-q4-major/bin/../lib/gcc/arm-none-eabi/10.2.1/../../../../arm-none-eabi/lib/thumb/v7e-m+dp/hard/libc_nano.a
LOAD /home/quentinlister/developer/gcc-arm-none-eabi-10-2020-q4-major/bin/../lib/gcc/arm-none-eabi/10.2.1/../../../../arm-none-eabi/lib/thumb/v7e-m+dp/hard/libnosys.a
END GROUP
LOAD /home/quentinlister/developer/gcc-arm-none-eabi-10-2020-q4-major/bin/../lib/gcc/arm-none-eabi/10.2.1/thumb/v7e-m+dp/hard/crtend.o
LOAD /home/quentinlister/developer/gcc-arm-none-eabi-10-2020-q4-major/bin/../lib/gcc/arm-none-eabi/10.2.1/thumb/v7e-m+dp/hard/crtn.o
                0x0000000020020000                _estack = 0x20020000

.isr_vector     0x0000000008000000      0x298
                0x0000000008000000                . = ALIGN (0x4)
 *(.isr_vector)
 .isr_vector    0x0000000008000000      0x298 build/startup_stm32h750xx.o
                0x0000000008000000                g_pfnVectors
                0x0000000008000298                . = ALIGN (0x4)

.text           0x0000000008000298    0x15100
                0x0000000008000298                . = ALIGN (0x4)
                0x0000000008000298                _stext = .
 *(.text)
 .text          0x0000000008000298       0x40 /home/quentinlister/developer/gcc-arm-none-eabi-10-2020-q4-major/bin/../lib/gcc/arm-none-eabi/10.2.1/thumb/v7e-m+dp/hard/crtbegin.o
 .text          0x00000000080002d8      0x378 /home/quentinlister/developer/gcc-arm-none-eabi-10-2020-q4-major/bin/../lib/gcc/arm-none-eabi/10.2.1/thumb/v7e-m+dp/hard/libgcc.a(_arm_addsubdf3.o)
                0x00000000080002d8                __aeabi_drsub
                0x00000000080002e0                __aeabi_dsub
                0x00000000080002e0                __subdf3
                0x00000000080002e4                __adddf3
                0x00000000080002e4                __aeabi_dadd
                0x000000000800055c                __aeabi_ui2d
                0x000000000800055c                __floatunsidf
                0x000000000800057c                __floatsidf
                0x000000000800057c                __aeabi_i2d
                0x00000000080005a0                __extendsfdf2
                0x00000000080005a0                __aeabi_f2d
                0x00000000080005e4                __aeabi_ul2d
                0x00000000080005e4                __floatundidf
                0x00000000080005f4                __floatdidf
                0x00000000080005f4                __aeabi_l2d
 .text          0x0000000008000650       0x30 /home/quentinlister/developer/gcc-arm-none-eabi-10-2020-q4-major/bin/../lib/gcc/arm-none-eabi/10.2.1/thumb/v7e-m+dp/hard/libgcc.a(_aeabi_uldivmod.o)
                0x0000000008000650                __aeabi_uldivmod
 .text          0x0000000008000680      0x2d0 /home/quentinlister/developer/gcc-arm-none-eabi-10-2020-q4-major/bin/../lib/gcc/arm-none-eabi/10.2.1/thumb/v7e-m+dp/hard/libgcc.a(_udivmoddi4.o)
                0x0000000008000680                __udivmoddi4
 .text          0x0000000008000950        0x4 /home/quentinlister/developer/gcc-arm-none-eabi-10-2020-q4-major/bin/../lib/gcc/arm-none-eabi/10.2.1/thumb/v7e-m+dp/hard/libgcc.a(_dvmd_tls.o)
                0x0000000008000950                __aeabi_ldiv0
                0x0000000008000950                __aeabi_idiv0
 *(.text*)
 .text.Default_Handler
                0x0000000008000954        0x4 build/startup_stm32h750xx.o
                0x0000000008000954                RTC_Alarm_IRQHandler
                0x0000000008000954                HASH_RNG_IRQHandler
                0x0000000008000954                EXTI2_IRQHandler
                0x0000000008000954                TIM8_CC_IRQHandler
                0x0000000008000954                HRTIM1_Master_IRQHandler
                0x0000000008000954                DebugMon_Handler
                0x0000000008000954                TIM1_CC_IRQHandler
                0x0000000008000954                BDMA_Channel6_IRQHandler
                0x0000000008000954                DMA2_Stream5_IRQHandler
                0x0000000008000954                HRTIM1_FLT_IRQHandler
                0x0000000008000954                JPEG_IRQHandler
                0x0000000008000954                BDMA_Channel1_IRQHandler
                0x0000000008000954                HRTIM1_TIMD_IRQHandler
                0x0000000008000954                TAMP_STAMP_IRQHandler
                0x0000000008000954                PendSV_Handler
                0x0000000008000954                NMI_Handler
                0x0000000008000954                EXTI3_IRQHandler
                0x0000000008000954                LPTIM4_IRQHandler
                0x0000000008000954                TIM8_TRG_COM_TIM14_IRQHandler
                0x0000000008000954                LPTIM2_IRQHandler
                0x0000000008000954                DFSDM1_FLT1_IRQHandler
                0x0000000008000954                DMAMUX2_OVR_IRQHandler
                0x0000000008000954                TIM8_UP_TIM13_IRQHandler
                0x0000000008000954                I2C3_ER_IRQHandler
                0x0000000008000954                DFSDM1_FLT2_IRQHandler
                0x0000000008000954                MDMA_IRQHandler
                0x0000000008000954                LPTIM3_IRQHandler
                0x0000000008000954                HSEM1_IRQHandler
                0x0000000008000954                EXTI0_IRQHandler
                0x0000000008000954                FPU_IRQHandler
                0x0000000008000954                OTG_HS_WKUP_IRQHandler
                0x0000000008000954                FDCAN1_IT1_IRQHandler
                0x0000000008000954                UsageFault_Handler
                0x0000000008000954                LTDC_ER_IRQHandler
                0x0000000008000954                HRTIM1_TIME_IRQHandler
                0x0000000008000954                TIM6_DAC_IRQHandler
                0x0000000008000954                DCMI_IRQHandler
                0x0000000008000954                HRTIM1_TIMC_IRQHandler
                0x0000000008000954                SAI2_IRQHandler
                0x0000000008000954                DFSDM1_FLT3_IRQHandler
                0x0000000008000954                TIM17_IRQHandler
                0x0000000008000954                CRYP_IRQHandler
                0x0000000008000954                BDMA_Channel7_IRQHandler
                0x0000000008000954                LPTIM5_IRQHandler
                0x0000000008000954                ADC3_IRQHandler
                0x0000000008000954                DMA2_Stream0_IRQHandler
                0x0000000008000954                BDMA_Channel2_IRQHandler
                0x0000000008000954                DMAMUX1_OVR_IRQHandler
                0x0000000008000954                TIM16_IRQHandler
                0x0000000008000954                BDMA_Channel5_IRQHandler
                0x0000000008000954                RCC_IRQHandler
                0x0000000008000954                TIM8_BRK_TIM12_IRQHandler
                0x0000000008000954                TIM1_TRG_COM_IRQHandler
                0x0000000008000954                Default_Handler
                0x0000000008000954                ECC_IRQHandler
                0x0000000008000954                CEC_IRQHandler
                0x0000000008000954                EXTI15_10_IRQHandler
                0x0000000008000954                BDMA_Channel0_IRQHandler
                0x0000000008000954                ADC_IRQHandler
                0x0000000008000954                DMA1_Stream7_IRQHandler
                0x0000000008000954                HRTIM1_TIMA_IRQHandler
                0x0000000008000954                TIM7_IRQHandler
                0x0000000008000954                SDMMC1_IRQHandler
                0x0000000008000954                DMA2_Stream7_IRQHandler
                0x0000000008000954                TIM15_IRQHandler
                0x0000000008000954                PVD_AVD_IRQHandler
                0x0000000008000954                EXTI9_5_IRQHandler
                0x0000000008000954                RTC_WKUP_IRQHandler
                0x0000000008000954                LTDC_IRQHandler
                0x0000000008000954                SAI3_IRQHandler
                0x0000000008000954                ETH_WKUP_IRQHandler
                0x0000000008000954                SPDIF_RX_IRQHandler
                0x0000000008000954                MemManage_Handler
                0x0000000008000954                SVC_Handler
                0x0000000008000954                CRS_IRQHandler
                0x0000000008000954                EXTI4_IRQHandler
                0x0000000008000954                HRTIM1_TIMB_IRQHandler
                0x0000000008000954                FDCAN2_IT1_IRQHandler
                0x0000000008000954                ETH_IRQHandler
                0x0000000008000954                TIM1_UP_IRQHandler
                0x0000000008000954                BDMA_Channel4_IRQHandler
                0x0000000008000954                WWDG_IRQHandler
                0x0000000008000954                SPI6_IRQHandler
                0x0000000008000954                I2C4_EV_IRQHandler
                0x0000000008000954                MDIOS_IRQHandler
                0x0000000008000954                FDCAN2_IT0_IRQHandler
                0x0000000008000954                FDCAN1_IT0_IRQHandler
                0x0000000008000954                OTG_FS_WKUP_IRQHandler
                0x0000000008000954                DMA2D_IRQHandler
                0x0000000008000954                TIM1_BRK_IRQHandler
                0x0000000008000954                EXTI1_IRQHandler
                0x0000000008000954                SDMMC2_IRQHandler
                0x0000000008000954                OTG_FS_EP1_OUT_IRQHandler
                0x0000000008000954                BDMA_Channel3_IRQHandler
                0x0000000008000954                MDIOS_WKUP_IRQHandler
                0x0000000008000954                DFSDM1_FLT0_IRQHandler
                0x0000000008000954                SAI4_IRQHandler
                0x0000000008000954                I2C2_ER_IRQHandler
                0x0000000008000954                DMA2_Stream1_IRQHandler
                0x0000000008000954                FLASH_IRQHandler
                0x0000000008000954                BusFault_Handler
                0x0000000008000954                OTG_FS_IRQHandler
                0x0000000008000954                WAKEUP_PIN_IRQHandler
                0x0000000008000954                OTG_FS_EP1_IN_IRQHandler
                0x0000000008000954                I2C1_ER_IRQHandler
                0x0000000008000954                FMC_IRQHandler
                0x0000000008000954                FDCAN_CAL_IRQHandler
                0x0000000008000954                SWPMI1_IRQHandler
                0x0000000008000954                COMP1_IRQHandler
                0x0000000008000954                LPTIM1_IRQHandler
                0x0000000008000954                I2C4_ER_IRQHandler
                0x0000000008000954                DMA2_Stream6_IRQHandler
                0x0000000008000954                SAI1_IRQHandler
 .text.Reset_Handler
                0x0000000008000958       0x44 build/startup_stm32h750xx.o
                0x0000000008000958                Reset_Handler
 .text._ZN5daisy8DaisyPodD2Ev
                0x000000000800099c        0x4 build/Poly3.o
                0x000000000800099c                daisy::DaisyPod::~DaisyPod()
                0x000000000800099c                daisy::DaisyPod::~DaisyPod()
 .text._ZN7daisysp3SvfD2Ev
                0x00000000080009a0        0x4 build/Poly3.o
                0x00000000080009a0                daisysp::Svf::~Svf()
                0x00000000080009a0                daisysp::Svf::~Svf()
 .text.__tcf_0  0x00000000080009a4        0x4 build/Poly3.o
 .text._ZN5daisy11OledDisplayINS_13SSD1305DriverILj132ELj64ENS_24SSD13054WireSpiTransportEEEED2Ev
                0x00000000080009a8        0x4 build/Poly3.o
                0x00000000080009a8                daisy::OledDisplay<daisy::SSD1305Driver<132u, 64u, daisy::SSD13054WireSpiTransport> >::~OledDisplay()
                0x00000000080009a8                daisy::OledDisplay<daisy::SSD1305Driver<132u, 64u, daisy::SSD13054WireSpiTransport> >::~OledDisplay()
 .text._ZNK5daisy11OledDisplayINS_13SSD1305DriverILj132ELj64ENS_24SSD13054WireSpiTransportEEEE6HeightEv
                0x00000000080009ac        0x4 build/Poly3.o
                0x00000000080009ac                daisy::OledDisplay<daisy::SSD1305Driver<132u, 64u, daisy::SSD13054WireSpiTransport> >::Height() const
 .text._ZNK5daisy11OledDisplayINS_13SSD1305DriverILj132ELj64ENS_24SSD13054WireSpiTransportEEEE5WidthEv
                0x00000000080009b0        0x4 build/Poly3.o
                0x00000000080009b0                daisy::OledDisplay<daisy::SSD1305Driver<132u, 64u, daisy::SSD13054WireSpiTransport> >::Width() const
 .text._ZN5daisy11OledDisplayINS_13SSD1305DriverILj132ELj64ENS_24SSD13054WireSpiTransportEEEE4FillEb
                0x00000000080009b4       0x10 build/Poly3.o
                0x00000000080009b4                daisy::OledDisplay<daisy::SSD1305Driver<132u, 64u, daisy::SSD13054WireSpiTransport> >::Fill(bool)
 .text._Z13AudioCallbackPKPKfPPfj
                0x00000000080009c4       0xdc build/Poly3.o
                0x00000000080009c4                AudioCallback(float const* const*, float**, unsigned int)
 .text._ZN5daisy11OledDisplayINS_13SSD1305DriverILj132ELj64ENS_24SSD13054WireSpiTransportEEEED0Ev
                0x0000000008000aa0       0x10 build/Poly3.o
                0x0000000008000aa0                daisy::OledDisplay<daisy::SSD1305Driver<132u, 64u, daisy::SSD13054WireSpiTransport> >::~OledDisplay()
 .text._ZN5daisy11OledDisplayINS_13SSD1305DriverILj132ELj64ENS_24SSD13054WireSpiTransportEEEE6UpdateEv
                0x0000000008000ab0       0x8c build/Poly3.o
                0x0000000008000ab0                daisy::OledDisplay<daisy::SSD1305Driver<132u, 64u, daisy::SSD13054WireSpiTransport> >::Update()
 .text._ZN5daisy25OneBitGraphicsDisplayImplINS_11OledDisplayINS_13SSD1305DriverILj132ELj64ENS_24SSD13054WireSpiTransportEEEEEE11WriteStringEPKc7FontDefb
                0x0000000008000b3c      0x1c4 build/Poly3.o
                0x0000000008000b3c                daisy::OneBitGraphicsDisplayImpl<daisy::OledDisplay<daisy::SSD1305Driver<132u, 64u, daisy::SSD13054WireSpiTransport> > >::WriteString(char const*, FontDef, bool)
 .text._ZN5daisy25OneBitGraphicsDisplayImplINS_11OledDisplayINS_13SSD1305DriverILj132ELj64ENS_24SSD13054WireSpiTransportEEEEEE9WriteCharEc7FontDefb
                0x0000000008000d00      0x1a4 build/Poly3.o
                0x0000000008000d00                daisy::OneBitGraphicsDisplayImpl<daisy::OledDisplay<daisy::SSD1305Driver<132u, 64u, daisy::SSD13054WireSpiTransport> > >::WriteChar(char, FontDef, bool)
 .text._ZN5daisy25OneBitGraphicsDisplayImplINS_11OledDisplayINS_13SSD1305DriverILj132ELj64ENS_24SSD13054WireSpiTransportEEEEEE18WriteStringAlignedEPKcRK7FontDefNS_9RectangleENS_9AlignmentEb
                0x0000000008000ea4      0x3f4 build/Poly3.o
                0x0000000008000ea4                daisy::OneBitGraphicsDisplayImpl<daisy::OledDisplay<daisy::SSD1305Driver<132u, 64u, daisy::SSD13054WireSpiTransport> > >::WriteStringAligned(char const*, FontDef const&, daisy::Rectangle, daisy::Alignment, bool)
 .text._ZN5daisy11OledDisplayINS_13SSD1305DriverILj132ELj64ENS_24SSD13054WireSpiTransportEEEE9DrawPixelEjjb
                0x0000000008001298       0x4c build/Poly3.o
                0x0000000008001298                daisy::OledDisplay<daisy::SSD1305Driver<132u, 64u, daisy::SSD13054WireSpiTransport> >::DrawPixel(unsigned int, unsigned int, bool)
 .text._ZN5daisy25OneBitGraphicsDisplayImplINS_11OledDisplayINS_13SSD1305DriverILj132ELj64ENS_24SSD13054WireSpiTransportEEEEEE8DrawLineEjjjjb
                0x00000000080012e4      0x104 build/Poly3.o
                0x00000000080012e4                daisy::OneBitGraphicsDisplayImpl<daisy::OledDisplay<daisy::SSD1305Driver<132u, 64u, daisy::SSD13054WireSpiTransport> > >::DrawLine(unsigned int, unsigned int, unsigned int, unsigned int, bool)
 .text._ZN5daisy25OneBitGraphicsDisplayImplINS_11OledDisplayINS_13SSD1305DriverILj132ELj64ENS_24SSD13054WireSpiTransportEEEEEE7DrawArcEjjjiib
                0x00000000080013e8      0x440 build/Poly3.o
                0x00000000080013e8                daisy::OneBitGraphicsDisplayImpl<daisy::OledDisplay<daisy::SSD1305Driver<132u, 64u, daisy::SSD13054WireSpiTransport> > >::DrawArc(unsigned int, unsigned int, unsigned int, int, int, bool)
 .text._ZN5daisy25OneBitGraphicsDisplayImplINS_11OledDisplayINS_13SSD1305DriverILj132ELj64ENS_24SSD13054WireSpiTransportEEEEEE8DrawRectEjjjjbb
                0x0000000008001828      0x44c build/Poly3.o
                0x0000000008001828                daisy::OneBitGraphicsDisplayImpl<daisy::OledDisplay<daisy::SSD1305Driver<132u, 64u, daisy::SSD13054WireSpiTransport> > >::DrawRect(unsigned int, unsigned int, unsigned int, unsigned int, bool, bool)
 .text._Z17HandleMidiMessageN5daisy9MidiEventE
                0x0000000008001c74       0x8c build/Poly3.o
                0x0000000008001c74                HandleMidiMessage(daisy::MidiEvent)
 .text._ZN5daisy13SSD1305DriverILj132ELj64ENS_24SSD13054WireSpiTransportEE4InitENS2_6ConfigE
                0x0000000008001d00      0x2ec build/Poly3.o
                0x0000000008001d00                daisy::SSD1305Driver<132u, 64u, daisy::SSD13054WireSpiTransport>::Init(daisy::SSD1305Driver<132u, 64u, daisy::SSD13054WireSpiTransport>::Config)
 .text._ZN5daisy13SSD1305DriverILj132ELj64ENS_24SSD13054WireSpiTransportEE6UpdateEv
                0x0000000008001fec       0x88 build/Poly3.o
                0x0000000008001fec                daisy::SSD1305Driver<132u, 64u, daisy::SSD13054WireSpiTransport>::Update()
 .text._ZN5daisy11MidiHandlerINS_17MidiUartTransportEE5ParseEh
                0x0000000008002074      0x2c0 build/Poly3.o
                0x0000000008002074                daisy::MidiHandler<daisy::MidiUartTransport>::Parse(unsigned char)
 .text.startup.main
                0x0000000008002334      0x228 build/Poly3.o
                0x0000000008002334                main
 .text.startup._GLOBAL__sub_I_myPod
                0x000000000800255c       0x9c build/Poly3.o
 .text._ZN5voice7ProcessEPPfj
                0x00000000080025f8       0x1c build/voice.o
                0x00000000080025f8                voice::Process(float**, unsigned int)
 .text._ZN5voice4InitEf
                0x0000000008002614       0xa0 build/voice.o
                0x0000000008002614                voice::Init(float)
 .text._ZN8envelope7ProcessEPPfj
                0x00000000080026b4       0x4c build/envelope.o
                0x00000000080026b4                envelope::Process(float**, unsigned int)
 .text._ZN10oscillator7ProcessEPPfj
                0x0000000008002700       0x30 build/oscillator.o
                0x0000000008002700                oscillator::Process(float**, unsigned int)
 .text._ZN5daisy8DaisyPod10StartAudioEPFvPKPKfPPfjE
                0x0000000008002730        0x4 /home/quentinlister/DaisyExamples/libDaisy//build/libdaisy.a(daisy_pod.o)
                0x0000000008002730                daisy::DaisyPod::StartAudio(void (*)(float const* const*, float**, unsigned int))
 .text._ZN5daisy8DaisyPod17SetAudioBlockSizeEj
                0x0000000008002734       0x2c /home/quentinlister/DaisyExamples/libDaisy//build/libdaisy.a(daisy_pod.o)
                0x0000000008002734                daisy::DaisyPod::SetAudioBlockSize(unsigned int)
 .text._ZN5daisy8DaisyPod18SetAudioSampleRateENS_9SaiHandle6Config10SampleRateE
                0x0000000008002760       0x2c /home/quentinlister/DaisyExamples/libDaisy//build/libdaisy.a(daisy_pod.o)
                0x0000000008002760                daisy::DaisyPod::SetAudioSampleRate(daisy::SaiHandle::Config::SampleRate)
 .text._ZN5daisy8DaisyPod15AudioSampleRateEv
                0x000000000800278c        0x4 /home/quentinlister/DaisyExamples/libDaisy//build/libdaisy.a(daisy_pod.o)
                0x000000000800278c                daisy::DaisyPod::AudioSampleRate()
 .text._ZN5daisy8DaisyPod8StartAdcEv
                0x0000000008002790        0x8 /home/quentinlister/DaisyExamples/libDaisy//build/libdaisy.a(daisy_pod.o)
                0x0000000008002790                daisy::DaisyPod::StartAdc()
 .text._ZN5daisy8DaisyPod21ProcessAnalogControlsEv
                0x0000000008002798       0x18 /home/quentinlister/DaisyExamples/libDaisy//build/libdaisy.a(daisy_pod.o)
                0x0000000008002798                daisy::DaisyPod::ProcessAnalogControls()
 .text._ZN5daisy8DaisyPod22ProcessDigitalControlsEv
                0x00000000080027b0       0x20 /home/quentinlister/DaisyExamples/libDaisy//build/libdaisy.a(daisy_pod.o)
                0x00000000080027b0                daisy::DaisyPod::ProcessDigitalControls()
 .text._ZN5daisy8DaisyPod8InitLedsEv
                0x00000000080027d0       0xac /home/quentinlister/DaisyExamples/libDaisy//build/libdaisy.a(daisy_pod.o)
                0x00000000080027d0                daisy::DaisyPod::InitLeds()
 .text._ZN5daisy8DaisyPod9InitKnobsEv
                0x000000000800287c       0x98 /home/quentinlister/DaisyExamples/libDaisy//build/libdaisy.a(daisy_pod.o)
                0x000000000800287c                daisy::DaisyPod::InitKnobs()
 .text._ZN5daisy8DaisyPod4InitEb
                0x0000000008002914      0x118 /home/quentinlister/DaisyExamples/libDaisy//build/libdaisy.a(daisy_pod.o)
                0x0000000008002914                daisy::DaisyPod::Init(bool)
 .text._ZN5daisy9DaisySeed9ConfigureEv
                0x0000000008002a2c        0x4 /home/quentinlister/DaisyExamples/libDaisy//build/libdaisy.a(daisy_seed.o)
                0x0000000008002a2c                daisy::DaisySeed::Configure()
 .text._ZN5daisy9DaisySeed6GetPinEh
                0x0000000008002a30       0x2c /home/quentinlister/DaisyExamples/libDaisy//build/libdaisy.a(daisy_seed.o)
                0x0000000008002a30                daisy::DaisySeed::GetPin(unsigned char)
 .text._ZN5daisy9DaisySeed10StartAudioEPFvPKPKfPPfjE
                0x0000000008002a5c        0x8 /home/quentinlister/DaisyExamples/libDaisy//build/libdaisy.a(daisy_seed.o)
                0x0000000008002a5c                daisy::DaisySeed::StartAudio(void (*)(float const* const*, float**, unsigned int))
 .text._ZN5daisy9DaisySeed18SetAudioSampleRateENS_9SaiHandle6Config10SampleRateE
                0x0000000008002a64       0x38 /home/quentinlister/DaisyExamples/libDaisy//build/libdaisy.a(daisy_seed.o)
                0x0000000008002a64                daisy::DaisySeed::SetAudioSampleRate(daisy::SaiHandle::Config::SampleRate)
 .text._ZN5daisy9DaisySeed15AudioSampleRateEv
                0x0000000008002a9c        0x8 /home/quentinlister/DaisyExamples/libDaisy//build/libdaisy.a(daisy_seed.o)
                0x0000000008002a9c                daisy::DaisySeed::AudioSampleRate()
 .text._ZN5daisy9DaisySeed17SetAudioBlockSizeEj
                0x0000000008002aa4       0x38 /home/quentinlister/DaisyExamples/libDaisy//build/libdaisy.a(daisy_seed.o)
                0x0000000008002aa4                daisy::DaisySeed::SetAudioBlockSize(unsigned int)
 .text._ZNK5daisy9DaisySeed17AudioCallbackRateEv
                0x0000000008002adc        0x8 /home/quentinlister/DaisyExamples/libDaisy//build/libdaisy.a(daisy_seed.o)
                0x0000000008002adc                daisy::DaisySeed::AudioCallbackRate() const
 .text._ZN5daisy9DaisySeed14ConfigureAudioEv
                0x0000000008002ae4       0xd0 /home/quentinlister/DaisyExamples/libDaisy//build/libdaisy.a(daisy_seed.o)
                0x0000000008002ae4                daisy::DaisySeed::ConfigureAudio()
 .text._ZN5daisy9DaisySeed4InitEb
                0x0000000008002bb4       0xf0 /home/quentinlister/DaisyExamples/libDaisy//build/libdaisy.a(daisy_seed.o)
                0x0000000008002bb4                daisy::DaisySeed::Init(bool)
 .text._ZN5daisy6Ak45564InitE12dsy_gpio_pin
                0x0000000008002ca4       0x44 /home/quentinlister/DaisyExamples/libDaisy//build/libdaisy.a(codec_ak4556.o)
                0x0000000008002ca4                daisy::Ak4556::Init(dsy_gpio_pin)
 .text._ZN5daisy6Wm873120WriteControlRegisterEht
                0x0000000008002ce8       0x3c /home/quentinlister/DaisyExamples/libDaisy//build/libdaisy.a(codec_wm8731.o)
                0x0000000008002ce8                daisy::Wm8731::WriteControlRegister(unsigned char, unsigned short)
 .text._ZN5daisy6Wm87314InitERKNS0_6ConfigENS_9I2CHandleE
                0x0000000008002d24      0x1bc /home/quentinlister/DaisyExamples/libDaisy//build/libdaisy.a(codec_wm8731.o)
                0x0000000008002d24                daisy::Wm8731::Init(daisy::Wm8731::Config const&, daisy::I2CHandle)
 .text._ZN11SdramHandle10DeviceInitEv
                0x0000000008002ee0       0x98 /home/quentinlister/DaisyExamples/libDaisy//build/libdaisy.a(sdram.o)
                0x0000000008002ee0                SdramHandle::DeviceInit()
 .text._ZN11SdramHandle4InitEv
                0x0000000008002f78       0x7c /home/quentinlister/DaisyExamples/libDaisy//build/libdaisy.a(sdram.o)
                0x0000000008002f78                SdramHandle::Init()
 .text.HAL_SDRAM_MspInit
                0x0000000008002ff4      0x1a8 /home/quentinlister/DaisyExamples/libDaisy//build/libdaisy.a(sdram.o)
                0x0000000008002ff4                HAL_SDRAM_MspInit
 .text._ZN5daisy11AudioHandle4Impl16InternalCallbackEPlS2_j
                0x000000000800319c      0xbbc /home/quentinlister/DaisyExamples/libDaisy//build/libdaisy.a(audio.o)
                0x000000000800319c                daisy::AudioHandle::Impl::InternalCallback(long*, long*, unsigned int)
 .text._ZN5daisy11AudioHandle4InitERKNS0_6ConfigENS_9SaiHandleE
                0x0000000008003d58       0x70 /home/quentinlister/DaisyExamples/libDaisy//build/libdaisy.a(audio.o)
                0x0000000008003d58                daisy::AudioHandle::Init(daisy::AudioHandle::Config const&, daisy::SaiHandle)
 .text._ZNK5daisy11AudioHandle9GetConfigEv
                0x0000000008003dc8        0x8 /home/quentinlister/DaisyExamples/libDaisy//build/libdaisy.a(audio.o)
                0x0000000008003dc8                daisy::AudioHandle::GetConfig() const
 .text._ZN5daisy11AudioHandle12SetBlockSizeEj
                0x0000000008003dd0       0x1c /home/quentinlister/DaisyExamples/libDaisy//build/libdaisy.a(audio.o)
                0x0000000008003dd0                daisy::AudioHandle::SetBlockSize(unsigned int)
 .text._ZN5daisy11AudioHandle13GetSampleRateEv
                0x0000000008003dec        0x8 /home/quentinlister/DaisyExamples/libDaisy//build/libdaisy.a(audio.o)
                0x0000000008003dec                daisy::AudioHandle::GetSampleRate()
 .text._ZN5daisy11AudioHandle13SetSampleRateENS_9SaiHandle6Config10SampleRateE
                0x0000000008003df4       0x88 /home/quentinlister/DaisyExamples/libDaisy//build/libdaisy.a(audio.o)
                0x0000000008003df4                daisy::AudioHandle::SetSampleRate(daisy::SaiHandle::Config::SampleRate)
 .text._ZN5daisy11AudioHandle5StartEPFvPKPKfPPfjE
                0x0000000008003e7c       0x44 /home/quentinlister/DaisyExamples/libDaisy//build/libdaisy.a(audio.o)
                0x0000000008003e7c                daisy::AudioHandle::Start(void (*)(float const* const*, float**, unsigned int))
 .text.startup._GLOBAL__sub_I__ZN5daisy11AudioHandle4Impl4InitENS0_6ConfigENS_9SaiHandleE
                0x0000000008003ec0       0x24 /home/quentinlister/DaisyExamples/libDaisy//build/libdaisy.a(audio.o)
 .text._ZN5daisy13AnalogControl4InitEPtfbbf
                0x0000000008003ee4       0x64 /home/quentinlister/DaisyExamples/libDaisy//build/libdaisy.a(ctrl.o)
                0x0000000008003ee4                daisy::AnalogControl::Init(unsigned short*, float, bool, bool, float)
 .text._ZN5daisy13AnalogControl7ProcessEv
                0x0000000008003f48       0x48 /home/quentinlister/DaisyExamples/libDaisy//build/libdaisy.a(ctrl.o)
                0x0000000008003f48                daisy::AnalogControl::Process()
 .text._ZN5daisy13AnalogControl13SetSampleRateEf
                0x0000000008003f90       0x58 /home/quentinlister/DaisyExamples/libDaisy//build/libdaisy.a(ctrl.o)
                0x0000000008003f90                daisy::AnalogControl::SetSampleRate(float)
 .text._ZN5daisy7Encoder4InitE12dsy_gpio_pinS1_S1_f
                0x0000000008003fe8       0x60 /home/quentinlister/DaisyExamples/libDaisy//build/libdaisy.a(encoder.o)
                0x0000000008003fe8                daisy::Encoder::Init(dsy_gpio_pin, dsy_gpio_pin, dsy_gpio_pin, float)
 .text._ZN5daisy7Encoder8DebounceEv
                0x0000000008004048       0x7c /home/quentinlister/DaisyExamples/libDaisy//build/libdaisy.a(encoder.o)
                0x0000000008004048                daisy::Encoder::Debounce()
 .text._ZN5daisy6RgbLed4InitE12dsy_gpio_pinS1_S1_b
                0x00000000080040c4       0x50 /home/quentinlister/DaisyExamples/libDaisy//build/libdaisy.a(rgb_led.o)
                0x00000000080040c4                daisy::RgbLed::Init(dsy_gpio_pin, dsy_gpio_pin, dsy_gpio_pin, bool)
 .text._ZN5daisy6RgbLed8SetColorENS_5ColorE
                0x0000000008004114       0x2c /home/quentinlister/DaisyExamples/libDaisy//build/libdaisy.a(rgb_led.o)
                0x0000000008004114                daisy::RgbLed::SetColor(daisy::Color)
 .text._ZN5daisy6RgbLed6UpdateEv
                0x0000000008004140       0x1c /home/quentinlister/DaisyExamples/libDaisy//build/libdaisy.a(rgb_led.o)
                0x0000000008004140                daisy::RgbLed::Update()
 .text._ZN5daisy6Switch4InitE12dsy_gpio_pinf
                0x000000000800415c       0x34 /home/quentinlister/DaisyExamples/libDaisy//build/libdaisy.a(switch.o)
                0x000000000800415c                daisy::Switch::Init(dsy_gpio_pin, float)
 .text._ZN5daisy6Switch8DebounceEv
                0x0000000008004190       0x5c /home/quentinlister/DaisyExamples/libDaisy//build/libdaisy.a(switch.o)
                0x0000000008004190                daisy::Switch::Debounce()
 .text._ZN5daisy16AdcChannelConfig10InitSingleE12dsy_gpio_pin
                0x00000000080041ec       0x1c /home/quentinlister/DaisyExamples/libDaisy//build/libdaisy.a(adc.o)
                0x00000000080041ec                daisy::AdcChannelConfig::InitSingle(dsy_gpio_pin)
 .text._ZN5daisy9AdcHandle4InitEPNS_16AdcChannelConfigEjNS0_12OverSamplingE
                0x0000000008004208      0x3c8 /home/quentinlister/DaisyExamples/libDaisy//build/libdaisy.a(adc.o)
                0x0000000008004208                daisy::AdcHandle::Init(daisy::AdcChannelConfig*, unsigned int, daisy::AdcHandle::OverSampling)
 .text._ZN5daisy9AdcHandle5StartEv
                0x00000000080045d0       0x2c /home/quentinlister/DaisyExamples/libDaisy//build/libdaisy.a(adc.o)
                0x00000000080045d0                daisy::AdcHandle::Start()
 .text._ZNK5daisy9AdcHandle6GetPtrEh
                0x00000000080045fc       0x14 /home/quentinlister/DaisyExamples/libDaisy//build/libdaisy.a(adc.o)
                0x00000000080045fc                daisy::AdcHandle::GetPtr(unsigned char) const
 .text.HAL_ADC_MspInit
                0x0000000008004610       0x98 /home/quentinlister/DaisyExamples/libDaisy//build/libdaisy.a(adc.o)
                0x0000000008004610                HAL_ADC_MspInit
 .text.DMA1_Stream2_IRQHandler
                0x00000000080046a8        0xc /home/quentinlister/DaisyExamples/libDaisy//build/libdaisy.a(adc.o)
                0x00000000080046a8                DMA1_Stream2_IRQHandler
 .text.HAL_ADC_ConvCpltCallback
                0x00000000080046b4      0x148 /home/quentinlister/DaisyExamples/libDaisy//build/libdaisy.a(adc.o)
                0x00000000080046b4                HAL_ADC_ConvCpltCallback
 .text.HAL_ADC_ErrorCallback
                0x00000000080047fc        0x4 /home/quentinlister/DaisyExamples/libDaisy//build/libdaisy.a(adc.o)
                0x00000000080047fc                HAL_ADC_ErrorCallback
 .text.dsy_gpio_init
                0x0000000008004800      0x1b8 /home/quentinlister/DaisyExamples/libDaisy//build/libdaisy.a(gpio.o)
                0x0000000008004800                dsy_gpio_init
 .text.dsy_gpio_read
                0x00000000080049b8       0x1c /home/quentinlister/DaisyExamples/libDaisy//build/libdaisy.a(gpio.o)
                0x00000000080049b8                dsy_gpio_read
 .text.dsy_gpio_write
                0x00000000080049d4       0x24 /home/quentinlister/DaisyExamples/libDaisy//build/libdaisy.a(gpio.o)
                0x00000000080049d4                dsy_gpio_write
 .text._ZN5daisy9I2CHandle4Impl8InitPinsEv
                0x00000000080049f8       0x58 /home/quentinlister/DaisyExamples/libDaisy//build/libdaisy.a(i2c.o)
                0x00000000080049f8                daisy::I2CHandle::Impl::InitPins()
 .text.HAL_I2C_MspInit
                0x0000000008004a50      0x1b4 /home/quentinlister/DaisyExamples/libDaisy//build/libdaisy.a(i2c.o)
                0x0000000008004a50                HAL_I2C_MspInit
 .text.dsy_i2c_global_init
                0x0000000008004c04       0x78 /home/quentinlister/DaisyExamples/libDaisy//build/libdaisy.a(i2c.o)
                0x0000000008004c04                dsy_i2c_global_init
 .text.DMA1_Stream6_IRQHandler
                0x0000000008004c7c       0x34 /home/quentinlister/DaisyExamples/libDaisy//build/libdaisy.a(i2c.o)
                0x0000000008004c7c                DMA1_Stream6_IRQHandler
 .text.I2C1_EV_IRQHandler
                0x0000000008004cb0        0xc /home/quentinlister/DaisyExamples/libDaisy//build/libdaisy.a(i2c.o)
                0x0000000008004cb0                I2C1_EV_IRQHandler
 .text.I2C2_EV_IRQHandler
                0x0000000008004cbc        0xc /home/quentinlister/DaisyExamples/libDaisy//build/libdaisy.a(i2c.o)
                0x0000000008004cbc                I2C2_EV_IRQHandler
 .text.I2C3_EV_IRQHandler
                0x0000000008004cc8        0xc /home/quentinlister/DaisyExamples/libDaisy//build/libdaisy.a(i2c.o)
                0x0000000008004cc8                I2C3_EV_IRQHandler
 .text._ZN5daisy9I2CHandle4InitERKNS0_6ConfigE
                0x0000000008004cd4      0x12c /home/quentinlister/DaisyExamples/libDaisy//build/libdaisy.a(i2c.o)
                0x0000000008004cd4                daisy::I2CHandle::Init(daisy::I2CHandle::Config const&)
 .text._ZN5daisy9I2CHandle16TransmitBlockingEtPhtm
                0x0000000008004e00       0x50 /home/quentinlister/DaisyExamples/libDaisy//build/libdaisy.a(i2c.o)
                0x0000000008004e00                daisy::I2CHandle::TransmitBlocking(unsigned short, unsigned char*, unsigned short, unsigned long)
 .text.startup._GLOBAL__sub_I__ZN5daisy9I2CHandle4Impl10GlobalInitEv
                0x0000000008004e50       0x18 /home/quentinlister/DaisyExamples/libDaisy//build/libdaisy.a(i2c.o)
 .text._ZN5daisy10QSPIHandle4Impl11WriteEnableEv
                0x0000000008004e68       0x8c /home/quentinlister/DaisyExamples/libDaisy//build/libdaisy.a(qspi.o)
                0x0000000008004e68                daisy::QSPIHandle::Impl::WriteEnable()
 *fill*         0x0000000008004ef4        0x4 
 .text._ZN5daisy10QSPIHandle4Impl17DummyCyclesConfigENS0_6Config6DeviceE
                0x0000000008004ef8      0x118 /home/quentinlister/DaisyExamples/libDaisy//build/libdaisy.a(qspi.o)
                0x0000000008004ef8                daisy::QSPIHandle::Impl::DummyCyclesConfig(daisy::QSPIHandle::Config::Device)
 .text._ZN5daisy10QSPIHandle4Impl10QuadEnableEv
                0x0000000008005010      0x158 /home/quentinlister/DaisyExamples/libDaisy//build/libdaisy.a(qspi.o)
                0x0000000008005010                daisy::QSPIHandle::Impl::QuadEnable()
 .text._ZN5daisy10QSPIHandle4InitERKNS0_6ConfigE
                0x0000000008005168      0x198 /home/quentinlister/DaisyExamples/libDaisy//build/libdaisy.a(qspi.o)
                0x0000000008005168                daisy::QSPIHandle::Init(daisy::QSPIHandle::Config const&)
 .text.HAL_QSPI_MspInit
                0x0000000008005300      0x11c /home/quentinlister/DaisyExamples/libDaisy//build/libdaisy.a(qspi.o)
                0x0000000008005300                HAL_QSPI_MspInit
 .text.HAL_QSPI_MspDeInit
                0x000000000800541c       0x54 /home/quentinlister/DaisyExamples/libDaisy//build/libdaisy.a(qspi.o)
                0x000000000800541c                HAL_QSPI_MspDeInit
 .text.QUADSPI_IRQHandler
                0x0000000008005470        0xc /home/quentinlister/DaisyExamples/libDaisy//build/libdaisy.a(qspi.o)
                0x0000000008005470                QUADSPI_IRQHandler
 .text.startup._GLOBAL__sub_I__ZN5daisy10QSPIHandle4Impl4InitERKNS0_6ConfigE
                0x000000000800547c       0x28 /home/quentinlister/DaisyExamples/libDaisy//build/libdaisy.a(qspi.o)
 .text._ZN5daisy9SaiHandle4Impl7InitDmaENS1_15PeripheralBlockE
                0x00000000080054a4       0xa0 /home/quentinlister/DaisyExamples/libDaisy//build/libdaisy.a(sai.o)
                0x00000000080054a4                daisy::SaiHandle::Impl::InitDma(daisy::SaiHandle::Impl::PeripheralBlock)
 .text._ZN5daisy9SaiHandle4Impl8InitPinsEv
                0x0000000008005544       0xa8 /home/quentinlister/DaisyExamples/libDaisy//build/libdaisy.a(sai.o)
                0x0000000008005544                daisy::SaiHandle::Impl::InitPins()
 .text.HAL_SAI_MspInit
                0x00000000080055ec      0x164 /home/quentinlister/DaisyExamples/libDaisy//build/libdaisy.a(sai.o)
                0x00000000080055ec                HAL_SAI_MspInit
 .text.DMA1_Stream0_IRQHandler
                0x0000000008005750        0xc /home/quentinlister/DaisyExamples/libDaisy//build/libdaisy.a(sai.o)
                0x0000000008005750                DMA1_Stream0_IRQHandler
 .text.DMA1_Stream1_IRQHandler
                0x000000000800575c        0xc /home/quentinlister/DaisyExamples/libDaisy//build/libdaisy.a(sai.o)
                0x000000000800575c                DMA1_Stream1_IRQHandler
 .text.DMA1_Stream3_IRQHandler
                0x0000000008005768        0xc /home/quentinlister/DaisyExamples/libDaisy//build/libdaisy.a(sai.o)
                0x0000000008005768                DMA1_Stream3_IRQHandler
 .text.DMA1_Stream4_IRQHandler
                0x0000000008005774        0xc /home/quentinlister/DaisyExamples/libDaisy//build/libdaisy.a(sai.o)
                0x0000000008005774                DMA1_Stream4_IRQHandler
 .text.HAL_SAI_RxHalfCpltCallback
                0x0000000008005780       0x78 /home/quentinlister/DaisyExamples/libDaisy//build/libdaisy.a(sai.o)
                0x0000000008005780                HAL_SAI_RxHalfCpltCallback
 .text.HAL_SAI_RxCpltCallback
                0x00000000080057f8       0x70 /home/quentinlister/DaisyExamples/libDaisy//build/libdaisy.a(sai.o)
                0x00000000080057f8                HAL_SAI_RxCpltCallback
 .text._ZN5daisy9SaiHandle4InitERKNS0_6ConfigE
                0x0000000008005868      0x1f0 /home/quentinlister/DaisyExamples/libDaisy//build/libdaisy.a(sai.o)
                0x0000000008005868                daisy::SaiHandle::Init(daisy::SaiHandle::Config const&)
 .text._ZNK5daisy9SaiHandle9GetConfigEv
                0x0000000008005a58        0x4 /home/quentinlister/DaisyExamples/libDaisy//build/libdaisy.a(sai.o)
                0x0000000008005a58                daisy::SaiHandle::GetConfig() const
 .text._ZN5daisy9SaiHandle8StartDmaEPlS1_jPFvS1_S1_jE
                0x0000000008005a5c       0xbc /home/quentinlister/DaisyExamples/libDaisy//build/libdaisy.a(sai.o)
                0x0000000008005a5c                daisy::SaiHandle::StartDma(long*, long*, unsigned int, void (*)(long*, long*, unsigned int))
 .text._ZN5daisy9SaiHandle13GetSampleRateEv
                0x0000000008005b18       0x24 /home/quentinlister/DaisyExamples/libDaisy//build/libdaisy.a(sai.o)
                0x0000000008005b18                daisy::SaiHandle::GetSampleRate()
 .text._ZNK5daisy9SaiHandle9GetOffsetEv
                0x0000000008005b3c        0x8 /home/quentinlister/DaisyExamples/libDaisy//build/libdaisy.a(sai.o)
                0x0000000008005b3c                daisy::SaiHandle::GetOffset() const
 .text._ZN5daisy9SpiHandle4Impl7InitDmaEv
                0x0000000008005b44       0xec /home/quentinlister/DaisyExamples/libDaisy//build/libdaisy.a(spi.o)
                0x0000000008005b44                daisy::SpiHandle::Impl::InitDma()
 .text._ZN5daisy9SpiHandle4Impl10StartDmaTxEPhjPFvPvEPFvS3_NS0_6ResultEES3_
                0x0000000008005c30       0xc8 /home/quentinlister/DaisyExamples/libDaisy//build/libdaisy.a(spi.o)
                0x0000000008005c30                daisy::SpiHandle::Impl::StartDmaTx(unsigned char*, unsigned int, void (*)(void*), void (*)(void*, daisy::SpiHandle::Result), void*)
 .text._ZN5daisy9SpiHandle4Impl10StartDmaRxEPhjPFvPvEPFvS3_NS0_6ResultEES3_
                0x0000000008005cf8       0xc8 /home/quentinlister/DaisyExamples/libDaisy//build/libdaisy.a(spi.o)
                0x0000000008005cf8                daisy::SpiHandle::Impl::StartDmaRx(unsigned char*, unsigned int, void (*)(void*), void (*)(void*, daisy::SpiHandle::Result), void*)
 .text._ZN5daisy9SpiHandle4Impl12StartDmaRxTxEPhS2_jPFvPvEPFvS3_NS0_6ResultEES3_
                0x0000000008005dc0       0xcc /home/quentinlister/DaisyExamples/libDaisy//build/libdaisy.a(spi.o)
                0x0000000008005dc0                daisy::SpiHandle::Impl::StartDmaRxTx(unsigned char*, unsigned char*, unsigned int, void (*)(void*), void (*)(void*, daisy::SpiHandle::Result), void*)
 .text._ZN5daisy9SpiHandle4Impl8InitPinsEv
                0x0000000008005e8c      0x274 /home/quentinlister/DaisyExamples/libDaisy//build/libdaisy.a(spi.o)
                0x0000000008005e8c                daisy::SpiHandle::Impl::InitPins()
 .text.HAL_SPI_MspInit
                0x0000000008006100      0x1a8 /home/quentinlister/DaisyExamples/libDaisy//build/libdaisy.a(spi.o)
                0x0000000008006100                HAL_SPI_MspInit
 .text.dsy_spi_global_init
                0x00000000080062a8       0x80 /home/quentinlister/DaisyExamples/libDaisy//build/libdaisy.a(spi.o)
                0x00000000080062a8                dsy_spi_global_init
 .text.SPI1_IRQHandler
                0x0000000008006328        0xc /home/quentinlister/DaisyExamples/libDaisy//build/libdaisy.a(spi.o)
                0x0000000008006328                SPI1_IRQHandler
 .text.SPI2_IRQHandler
                0x0000000008006334        0xc /home/quentinlister/DaisyExamples/libDaisy//build/libdaisy.a(spi.o)
                0x0000000008006334                SPI2_IRQHandler
 .text.SPI3_IRQHandler
                0x0000000008006340        0xc /home/quentinlister/DaisyExamples/libDaisy//build/libdaisy.a(spi.o)
                0x0000000008006340                SPI3_IRQHandler
 .text.SPI4_IRQHandler
                0x000000000800634c        0xc /home/quentinlister/DaisyExamples/libDaisy//build/libdaisy.a(spi.o)
                0x000000000800634c                SPI4_IRQHandler
 .text.SPI5_IRQHandler
                0x0000000008006358        0xc /home/quentinlister/DaisyExamples/libDaisy//build/libdaisy.a(spi.o)
                0x0000000008006358                SPI5_IRQHandler
 .text.DMA2_Stream2_IRQHandler
                0x0000000008006364       0x34 /home/quentinlister/DaisyExamples/libDaisy//build/libdaisy.a(spi.o)
                0x0000000008006364                DMA2_Stream2_IRQHandler
 .text.DMA2_Stream3_IRQHandler
                0x0000000008006398       0x38 /home/quentinlister/DaisyExamples/libDaisy//build/libdaisy.a(spi.o)
                0x0000000008006398                DMA2_Stream3_IRQHandler
 .text.HAL_SPI_TxCpltCallback
                0x00000000080063d0       0xc4 /home/quentinlister/DaisyExamples/libDaisy//build/libdaisy.a(spi.o)
                0x00000000080063d0                HAL_SPI_TxCpltCallback
 .text.HAL_SPI_RxCpltCallback
                0x0000000008006494       0xc4 /home/quentinlister/DaisyExamples/libDaisy//build/libdaisy.a(spi.o)
                0x0000000008006494                HAL_SPI_RxCpltCallback
 .text.HAL_SPI_TxRxCpltCallback
                0x0000000008006558       0xc4 /home/quentinlister/DaisyExamples/libDaisy//build/libdaisy.a(spi.o)
                0x0000000008006558                HAL_SPI_TxRxCpltCallback
 .text.HAL_SPI_ErrorCallback
                0x000000000800661c       0xc8 /home/quentinlister/DaisyExamples/libDaisy//build/libdaisy.a(spi.o)
                0x000000000800661c                HAL_SPI_ErrorCallback
 .text._ZN5daisy9SpiHandle4InitERKNS0_6ConfigE
                0x00000000080066e4      0x10c /home/quentinlister/DaisyExamples/libDaisy//build/libdaisy.a(spi.o)
                0x00000000080066e4                daisy::SpiHandle::Init(daisy::SpiHandle::Config const&)
 .text._ZN5daisy9SpiHandle16BlockingTransmitEPhjm
                0x00000000080067f0       0x14 /home/quentinlister/DaisyExamples/libDaisy//build/libdaisy.a(spi.o)
                0x00000000080067f0                daisy::SpiHandle::BlockingTransmit(unsigned char*, unsigned int, unsigned long)
 .text.startup._GLOBAL__sub_I__Z19MapInstanceToHandleP11SPI_TypeDef
                0x0000000008006804      0x1b0 /home/quentinlister/DaisyExamples/libDaisy//build/libdaisy.a(spi.o)
 .text._ZN5daisy11UartHandler4Impl7InitDmaEbb
                0x00000000080069b4      0x164 /home/quentinlister/DaisyExamples/libDaisy//build/libdaisy.a(uart.o)
                0x00000000080069b4                daisy::UartHandler::Impl::InitDma(bool, bool)
 .text._ZN5daisy11UartHandler4Impl10HandleFifoEv
                0x0000000008006b18       0xec /home/quentinlister/DaisyExamples/libDaisy//build/libdaisy.a(uart.o)
                0x0000000008006b18                daisy::UartHandler::Impl::HandleFifo()
 .text._ZN5daisy11UartHandler4Impl10StartDmaTxEPhjPFvPvEPFvS3_NS0_6ResultEES3_
                0x0000000008006c04       0xcc /home/quentinlister/DaisyExamples/libDaisy//build/libdaisy.a(uart.o)
                0x0000000008006c04                daisy::UartHandler::Impl::StartDmaTx(unsigned char*, unsigned int, void (*)(void*), void (*)(void*, daisy::UartHandler::Result), void*)
 .text._ZN5daisy11UartHandler4Impl10StartDmaRxEPhjPFvPvEPFvS3_NS0_6ResultEES3_
                0x0000000008006cd0       0xcc /home/quentinlister/DaisyExamples/libDaisy//build/libdaisy.a(uart.o)
                0x0000000008006cd0                daisy::UartHandler::Impl::StartDmaRx(unsigned char*, unsigned int, void (*)(void*), void (*)(void*, daisy::UartHandler::Result), void*)
 .text._ZN5daisy11UartHandler4Impl19DmaTransferFinishedEP20__UART_HandleTypeDefNS0_6ResultE
                0x0000000008006d9c       0xc0 /home/quentinlister/DaisyExamples/libDaisy//build/libdaisy.a(uart.o)
                0x0000000008006d9c                daisy::UartHandler::Impl::DmaTransferFinished(__UART_HandleTypeDef*, daisy::UartHandler::Result)
 .text._ZN5daisy11UartHandler4Impl8InitPinsEv
                0x0000000008006e5c      0x150 /home/quentinlister/DaisyExamples/libDaisy//build/libdaisy.a(uart.o)
                0x0000000008006e5c                daisy::UartHandler::Impl::InitPins()
 .text.HAL_UART_MspInit
                0x0000000008006fac      0x210 /home/quentinlister/DaisyExamples/libDaisy//build/libdaisy.a(uart.o)
                0x0000000008006fac                HAL_UART_MspInit
 .text.dsy_uart_global_init
                0x00000000080071bc      0x110 /home/quentinlister/DaisyExamples/libDaisy//build/libdaisy.a(uart.o)
                0x00000000080071bc                dsy_uart_global_init
 .text.USART1_IRQHandler
                0x00000000080072cc       0x30 /home/quentinlister/DaisyExamples/libDaisy//build/libdaisy.a(uart.o)
                0x00000000080072cc                USART1_IRQHandler
 .text.USART2_IRQHandler
                0x00000000080072fc       0x34 /home/quentinlister/DaisyExamples/libDaisy//build/libdaisy.a(uart.o)
                0x00000000080072fc                USART2_IRQHandler
 .text.USART3_IRQHandler
                0x0000000008007330       0x34 /home/quentinlister/DaisyExamples/libDaisy//build/libdaisy.a(uart.o)
                0x0000000008007330                USART3_IRQHandler
 .text.UART4_IRQHandler
                0x0000000008007364       0x34 /home/quentinlister/DaisyExamples/libDaisy//build/libdaisy.a(uart.o)
                0x0000000008007364                UART4_IRQHandler
 .text.UART5_IRQHandler
                0x0000000008007398       0x34 /home/quentinlister/DaisyExamples/libDaisy//build/libdaisy.a(uart.o)
                0x0000000008007398                UART5_IRQHandler
 .text.USART6_IRQHandler
                0x00000000080073cc       0x34 /home/quentinlister/DaisyExamples/libDaisy//build/libdaisy.a(uart.o)
                0x00000000080073cc                USART6_IRQHandler
 .text.UART7_IRQHandler
                0x0000000008007400       0x30 /home/quentinlister/DaisyExamples/libDaisy//build/libdaisy.a(uart.o)
                0x0000000008007400                UART7_IRQHandler
 .text.UART8_IRQHandler
                0x0000000008007430       0x34 /home/quentinlister/DaisyExamples/libDaisy//build/libdaisy.a(uart.o)
                0x0000000008007430                UART8_IRQHandler
 .text.LPUART1_IRQHandler
                0x0000000008007464       0x34 /home/quentinlister/DaisyExamples/libDaisy//build/libdaisy.a(uart.o)
                0x0000000008007464                LPUART1_IRQHandler
 .text.DMA1_Stream5_IRQHandler
                0x0000000008007498       0x34 /home/quentinlister/DaisyExamples/libDaisy//build/libdaisy.a(uart.o)
                0x0000000008007498                DMA1_Stream5_IRQHandler
 .text.DMA2_Stream4_IRQHandler
                0x00000000080074cc       0x34 /home/quentinlister/DaisyExamples/libDaisy//build/libdaisy.a(uart.o)
                0x00000000080074cc                DMA2_Stream4_IRQHandler
 .text.HAL_UART_TxCpltCallback
                0x0000000008007500        0x8 /home/quentinlister/DaisyExamples/libDaisy//build/libdaisy.a(uart.o)
                0x0000000008007500                HAL_UART_TxCpltCallback
 .text.HAL_UART_RxCpltCallback
                0x0000000008007508        0x8 /home/quentinlister/DaisyExamples/libDaisy//build/libdaisy.a(uart.o)
                0x0000000008007508                HAL_UART_RxCpltCallback
 .text.HAL_UART_ErrorCallback
                0x0000000008007510        0x8 /home/quentinlister/DaisyExamples/libDaisy//build/libdaisy.a(uart.o)
                0x0000000008007510                HAL_UART_ErrorCallback
 .text._ZN5daisy11UartHandler4InitERKNS0_6ConfigE
                0x0000000008007518       0xec /home/quentinlister/DaisyExamples/libDaisy//build/libdaisy.a(uart.o)
                0x0000000008007518                daisy::UartHandler::Init(daisy::UartHandler::Config const&)
 .text._ZN5daisy11UartHandler5PopRxEv
                0x0000000008007604       0x28 /home/quentinlister/DaisyExamples/libDaisy//build/libdaisy.a(uart.o)
                0x0000000008007604                daisy::UartHandler::PopRx()
 .text._ZN5daisy11UartHandler8ReadableEv
                0x000000000800762c       0x10 /home/quentinlister/DaisyExamples/libDaisy//build/libdaisy.a(uart.o)
                0x000000000800762c                daisy::UartHandler::Readable()
 .text.startup._GLOBAL__sub_I__Z19MapInstanceToHandleP13USART_TypeDef
                0x000000000800763c      0x190 /home/quentinlister/DaisyExamples/libDaisy//build/libdaisy.a(uart.o)
 .text._ZN5daisy11TimerHandleD2Ev
                0x00000000080077cc        0x4 /home/quentinlister/DaisyExamples/libDaisy//build/libdaisy.a(system.o)
                0x00000000080077cc                daisy::TimerHandle::~TimerHandle()
                0x00000000080077cc                daisy::TimerHandle::~TimerHandle()
 .text.SysTick_Handler
                0x00000000080077d0       0x10 /home/quentinlister/DaisyExamples/libDaisy//build/libdaisy.a(system.o)
                0x00000000080077d0                SysTick_Handler
 .text.OTG_HS_EP1_OUT_IRQHandler
                0x00000000080077e0       0x24 /home/quentinlister/DaisyExamples/libDaisy//build/libdaisy.a(system.o)
                0x00000000080077e0                OTG_HS_EP1_OUT_IRQHandler
 .text.OTG_HS_EP1_IN_IRQHandler
                0x0000000008007804       0x24 /home/quentinlister/DaisyExamples/libDaisy//build/libdaisy.a(system.o)
                0x0000000008007804                OTG_HS_EP1_IN_IRQHandler
 .text.OTG_HS_IRQHandler
                0x0000000008007828       0x24 /home/quentinlister/DaisyExamples/libDaisy//build/libdaisy.a(system.o)
                0x0000000008007828                OTG_HS_IRQHandler
 .text.HardFault_Handler
                0x000000000800784c       0xe0 /home/quentinlister/DaisyExamples/libDaisy//build/libdaisy.a(system.o)
                0x000000000800784c                HardFault_Handler
 .text._ZN5daisy6System6GetNowEv
                0x000000000800792c        0x4 /home/quentinlister/DaisyExamples/libDaisy//build/libdaisy.a(system.o)
                0x000000000800792c                daisy::System::GetNow()
 .text._ZN5daisy6System5GetUsEv
                0x0000000008007930        0xc /home/quentinlister/DaisyExamples/libDaisy//build/libdaisy.a(system.o)
                0x0000000008007930                daisy::System::GetUs()
 .text._ZN5daisy6System7GetTickEv
                0x000000000800793c        0xc /home/quentinlister/DaisyExamples/libDaisy//build/libdaisy.a(system.o)
                0x000000000800793c                daisy::System::GetTick()
 .text._ZN5daisy6System5DelayEm
                0x0000000008007948        0x4 /home/quentinlister/DaisyExamples/libDaisy//build/libdaisy.a(system.o)
                0x0000000008007948                daisy::System::Delay(unsigned long)
 .text._ZN5daisy6System15ConfigureClocksEv
                0x000000000800794c      0x194 /home/quentinlister/DaisyExamples/libDaisy//build/libdaisy.a(system.o)
                0x000000000800794c                daisy::System::ConfigureClocks()
 .text._ZN5daisy6System4InitERKNS0_6ConfigE
                0x0000000008007ae0      0x140 /home/quentinlister/DaisyExamples/libDaisy//build/libdaisy.a(system.o)
                0x0000000008007ae0                daisy::System::Init(daisy::System::Config const&)
 .text._ZN5daisy6System12GetPClk1FreqEv
                0x0000000008007c20        0x4 /home/quentinlister/DaisyExamples/libDaisy//build/libdaisy.a(system.o)
                0x0000000008007c20                daisy::System::GetPClk1Freq()
 .text._ZN5daisy6System11GetTickFreqEv
                0x0000000008007c24        0xc /home/quentinlister/DaisyExamples/libDaisy//build/libdaisy.a(system.o)
                0x0000000008007c24                daisy::System::GetTickFreq()
 .text._ZN5daisy6System22GetProgramMemoryRegionEv
                0x0000000008007c30       0x78 /home/quentinlister/DaisyExamples/libDaisy//build/libdaisy.a(system.o)
                0x0000000008007c30                daisy::System::GetProgramMemoryRegion()
 .text.startup._GLOBAL__sub_I_SysTick_Handler
                0x0000000008007ca8       0x1c /home/quentinlister/DaisyExamples/libDaisy//build/libdaisy.a(system.o)
 .text.SystemInit
                0x0000000008007cc4       0x9c /home/quentinlister/DaisyExamples/libDaisy//build/libdaisy.a(system_stm32h7xx.o)
                0x0000000008007cc4                SystemInit
 .text.HAL_PCD_SetupStageCallback
                0x0000000008007d60        0xc /home/quentinlister/DaisyExamples/libDaisy//build/libdaisy.a(usbd_conf.o)
                0x0000000008007d60                HAL_PCD_SetupStageCallback
 .text.HAL_PCD_DataOutStageCallback
                0x0000000008007d6c       0x14 /home/quentinlister/DaisyExamples/libDaisy//build/libdaisy.a(usbd_conf.o)
                0x0000000008007d6c                HAL_PCD_DataOutStageCallback
 .text.HAL_PCD_DataInStageCallback
                0x0000000008007d80       0x14 /home/quentinlister/DaisyExamples/libDaisy//build/libdaisy.a(usbd_conf.o)
                0x0000000008007d80                HAL_PCD_DataInStageCallback
 .text.HAL_PCD_SOFCallback
                0x0000000008007d94        0x8 /home/quentinlister/DaisyExamples/libDaisy//build/libdaisy.a(usbd_conf.o)
                0x0000000008007d94                HAL_PCD_SOFCallback
 .text.HAL_PCD_ResetCallback
                0x0000000008007d9c       0x24 /home/quentinlister/DaisyExamples/libDaisy//build/libdaisy.a(usbd_conf.o)
                0x0000000008007d9c                HAL_PCD_ResetCallback
 .text.HAL_PCD_SuspendCallback
                0x0000000008007dc0       0x30 /home/quentinlister/DaisyExamples/libDaisy//build/libdaisy.a(usbd_conf.o)
                0x0000000008007dc0                HAL_PCD_SuspendCallback
 .text.HAL_PCD_ResumeCallback
                0x0000000008007df0        0x8 /home/quentinlister/DaisyExamples/libDaisy//build/libdaisy.a(usbd_conf.o)
                0x0000000008007df0                HAL_PCD_ResumeCallback
 .text.HAL_PCD_ISOOUTIncompleteCallback
                0x0000000008007df8        0x8 /home/quentinlister/DaisyExamples/libDaisy//build/libdaisy.a(usbd_conf.o)
                0x0000000008007df8                HAL_PCD_ISOOUTIncompleteCallback
 .text.HAL_PCD_ISOINIncompleteCallback
                0x0000000008007e00        0x8 /home/quentinlister/DaisyExamples/libDaisy//build/libdaisy.a(usbd_conf.o)
                0x0000000008007e00                HAL_PCD_ISOINIncompleteCallback
 .text.HAL_PCD_ConnectCallback
                0x0000000008007e08        0x8 /home/quentinlister/DaisyExamples/libDaisy//build/libdaisy.a(usbd_conf.o)
                0x0000000008007e08                HAL_PCD_ConnectCallback
 .text.HAL_PCD_DisconnectCallback
                0x0000000008007e10        0x8 /home/quentinlister/DaisyExamples/libDaisy//build/libdaisy.a(usbd_conf.o)
                0x0000000008007e10                HAL_PCD_DisconnectCallback
 .text.USBD_LL_OpenEP
                0x0000000008007e18       0x24 /home/quentinlister/DaisyExamples/libDaisy//build/libdaisy.a(usbd_conf.o)
                0x0000000008007e18                USBD_LL_OpenEP
 .text.USBD_LL_StallEP
                0x0000000008007e3c       0x1c /home/quentinlister/DaisyExamples/libDaisy//build/libdaisy.a(usbd_conf.o)
                0x0000000008007e3c                USBD_LL_StallEP
 .text.USBD_LL_ClearStallEP
                0x0000000008007e58       0x1c /home/quentinlister/DaisyExamples/libDaisy//build/libdaisy.a(usbd_conf.o)
                0x0000000008007e58                USBD_LL_ClearStallEP
 .text.USBD_LL_IsStallEP
                0x0000000008007e74       0x28 /home/quentinlister/DaisyExamples/libDaisy//build/libdaisy.a(usbd_conf.o)
                0x0000000008007e74                USBD_LL_IsStallEP
 .text.USBD_LL_SetUSBAddress
                0x0000000008007e9c       0x1c /home/quentinlister/DaisyExamples/libDaisy//build/libdaisy.a(usbd_conf.o)
                0x0000000008007e9c                USBD_LL_SetUSBAddress
 .text.USBD_LL_Transmit
                0x0000000008007eb8       0x1c /home/quentinlister/DaisyExamples/libDaisy//build/libdaisy.a(usbd_conf.o)
                0x0000000008007eb8                USBD_LL_Transmit
 .text.USBD_LL_PrepareReceive
                0x0000000008007ed4       0x1c /home/quentinlister/DaisyExamples/libDaisy//build/libdaisy.a(usbd_conf.o)
                0x0000000008007ed4                USBD_LL_PrepareReceive
 .text.HAL_HCD_SOF_Callback
                0x0000000008007ef0        0x8 /home/quentinlister/DaisyExamples/libDaisy//build/libdaisy.a(usbh_conf.o)
                0x0000000008007ef0                HAL_HCD_SOF_Callback
 .text.HAL_HCD_Connect_Callback
                0x0000000008007ef8        0x8 /home/quentinlister/DaisyExamples/libDaisy//build/libdaisy.a(usbh_conf.o)
                0x0000000008007ef8                HAL_HCD_Connect_Callback
 .text.HAL_HCD_Disconnect_Callback
                0x0000000008007f00        0x8 /home/quentinlister/DaisyExamples/libDaisy//build/libdaisy.a(usbh_conf.o)
                0x0000000008007f00                HAL_HCD_Disconnect_Callback
 .text.HAL_HCD_HC_NotifyURBChange_Callback
                0x0000000008007f08        0x4 /home/quentinlister/DaisyExamples/libDaisy//build/libdaisy.a(usbh_conf.o)
                0x0000000008007f08                HAL_HCD_HC_NotifyURBChange_Callback
 .text.HAL_HCD_PortEnabled_Callback
                0x0000000008007f0c        0x8 /home/quentinlister/DaisyExamples/libDaisy//build/libdaisy.a(usbh_conf.o)
                0x0000000008007f0c                HAL_HCD_PortEnabled_Callback
 .text.HAL_HCD_PortDisabled_Callback
                0x0000000008007f14        0x8 /home/quentinlister/DaisyExamples/libDaisy//build/libdaisy.a(usbh_conf.o)
                0x0000000008007f14                HAL_HCD_PortDisabled_Callback
 .text.USBH_LL_Stop
                0x0000000008007f1c       0x1c /home/quentinlister/DaisyExamples/libDaisy//build/libdaisy.a(usbh_conf.o)
                0x0000000008007f1c                USBH_LL_Stop
 .text._ZN5daisy5Color4InitENS0_11PresetColorE
                0x0000000008007f38       0x20 /home/quentinlister/DaisyExamples/libDaisy//build/libdaisy.a(color.o)
                0x0000000008007f38                daisy::Color::Init(daisy::Color::PresetColor)
 .text.dsy_hal_map_get_port
                0x0000000008007f58       0x10 /home/quentinlister/DaisyExamples/libDaisy//build/libdaisy.a(hal_map.o)
                0x0000000008007f58                dsy_hal_map_get_port
 .text.dsy_hal_map_get_pin
                0x0000000008007f68       0x10 /home/quentinlister/DaisyExamples/libDaisy//build/libdaisy.a(hal_map.o)
                0x0000000008007f68                dsy_hal_map_get_pin
 .text.dsy_hal_map_gpio_clk_enable
                0x0000000008007f78      0x150 /home/quentinlister/DaisyExamples/libDaisy//build/libdaisy.a(hal_map.o)
                0x0000000008007f78                dsy_hal_map_gpio_clk_enable
 .text.HAL_MspInit
                0x00000000080080c8        0x4 /home/quentinlister/DaisyExamples/libDaisy//build/libdaisy.a(stm32h7xx_hal.o)
                0x00000000080080c8                HAL_MspInit
 .text.HAL_InitTick
                0x00000000080080cc       0x4c /home/quentinlister/DaisyExamples/libDaisy//build/libdaisy.a(stm32h7xx_hal.o)
                0x00000000080080cc                HAL_InitTick
 .text.HAL_Init
                0x0000000008008118       0x60 /home/quentinlister/DaisyExamples/libDaisy//build/libdaisy.a(stm32h7xx_hal.o)
                0x0000000008008118                HAL_Init
 .text.HAL_IncTick
                0x0000000008008178       0x18 /home/quentinlister/DaisyExamples/libDaisy//build/libdaisy.a(stm32h7xx_hal.o)
                0x0000000008008178                HAL_IncTick
 .text.HAL_GetTick
                0x0000000008008190        0xc /home/quentinlister/DaisyExamples/libDaisy//build/libdaisy.a(stm32h7xx_hal.o)
                0x0000000008008190                HAL_GetTick
 .text.HAL_Delay
                0x000000000800819c       0x24 /home/quentinlister/DaisyExamples/libDaisy//build/libdaisy.a(stm32h7xx_hal.o)
                0x000000000800819c                HAL_Delay
 .text.HAL_GetREVID
                0x00000000080081c0        0xc /home/quentinlister/DaisyExamples/libDaisy//build/libdaisy.a(stm32h7xx_hal.o)
                0x00000000080081c0                HAL_GetREVID
 .text.HAL_ADC_ConvHalfCpltCallback
                0x00000000080081cc        0x4 /home/quentinlister/DaisyExamples/libDaisy//build/libdaisy.a(stm32h7xx_hal_adc.o)
                0x00000000080081cc                HAL_ADC_ConvHalfCpltCallback
 .text.ADC_DMAHalfConvCplt
                0x00000000080081d0        0xc /home/quentinlister/DaisyExamples/libDaisy//build/libdaisy.a(stm32h7xx_hal_adc.o)
                0x00000000080081d0                ADC_DMAHalfConvCplt
 .text.ADC_DMAConvCplt
                0x00000000080081dc       0x6c /home/quentinlister/DaisyExamples/libDaisy//build/libdaisy.a(stm32h7xx_hal_adc.o)
                0x00000000080081dc                ADC_DMAConvCplt
 .text.ADC_DMAError
                0x0000000008008248       0x1c /home/quentinlister/DaisyExamples/libDaisy//build/libdaisy.a(stm32h7xx_hal_adc.o)
                0x0000000008008248                ADC_DMAError
 .text.HAL_ADC_ConfigChannel
                0x0000000008008264      0x3fc /home/quentinlister/DaisyExamples/libDaisy//build/libdaisy.a(stm32h7xx_hal_adc.o)
                0x0000000008008264                HAL_ADC_ConfigChannel
 .text.ADC_Enable
                0x0000000008008660       0xac /home/quentinlister/DaisyExamples/libDaisy//build/libdaisy.a(stm32h7xx_hal_adc.o)
                0x0000000008008660                ADC_Enable
 .text.HAL_ADC_Start_DMA
                0x000000000800870c      0x114 /home/quentinlister/DaisyExamples/libDaisy//build/libdaisy.a(stm32h7xx_hal_adc.o)
                0x000000000800870c                HAL_ADC_Start_DMA
 .text.ADC_Disable
                0x0000000008008820       0x68 /home/quentinlister/DaisyExamples/libDaisy//build/libdaisy.a(stm32h7xx_hal_adc.o)
                0x0000000008008820                ADC_Disable
 .text.ADC_ConfigureBoostMode
                0x0000000008008888      0x184 /home/quentinlister/DaisyExamples/libDaisy//build/libdaisy.a(stm32h7xx_hal_adc.o)
                0x0000000008008888                ADC_ConfigureBoostMode
 .text.HAL_ADC_Init
                0x0000000008008a0c      0x218 /home/quentinlister/DaisyExamples/libDaisy//build/libdaisy.a(stm32h7xx_hal_adc.o)
                0x0000000008008a0c                HAL_ADC_Init
 .text.HAL_ADCEx_Calibration_Start
                0x0000000008008c24       0xa4 /home/quentinlister/DaisyExamples/libDaisy//build/libdaisy.a(stm32h7xx_hal_adc_ex.o)
                0x0000000008008c24                HAL_ADCEx_Calibration_Start
 .text.HAL_ADCEx_MultiModeConfigChannel
                0x0000000008008cc8       0xc4 /home/quentinlister/DaisyExamples/libDaisy//build/libdaisy.a(stm32h7xx_hal_adc_ex.o)
                0x0000000008008cc8                HAL_ADCEx_MultiModeConfigChannel
 .text.HAL_NVIC_SetPriorityGrouping
                0x0000000008008d8c       0x24 /home/quentinlister/DaisyExamples/libDaisy//build/libdaisy.a(stm32h7xx_hal_cortex.o)
                0x0000000008008d8c                HAL_NVIC_SetPriorityGrouping
 .text.HAL_NVIC_SetPriority
                0x0000000008008db0       0x7c /home/quentinlister/DaisyExamples/libDaisy//build/libdaisy.a(stm32h7xx_hal_cortex.o)
                0x0000000008008db0                HAL_NVIC_SetPriority
 .text.HAL_NVIC_EnableIRQ
                0x0000000008008e2c       0x1c /home/quentinlister/DaisyExamples/libDaisy//build/libdaisy.a(stm32h7xx_hal_cortex.o)
                0x0000000008008e2c                HAL_NVIC_EnableIRQ
 .text.HAL_NVIC_DisableIRQ
                0x0000000008008e48       0x28 /home/quentinlister/DaisyExamples/libDaisy//build/libdaisy.a(stm32h7xx_hal_cortex.o)
                0x0000000008008e48                HAL_NVIC_DisableIRQ
 .text.HAL_SYSTICK_Config
                0x0000000008008e70       0x2c /home/quentinlister/DaisyExamples/libDaisy//build/libdaisy.a(stm32h7xx_hal_cortex.o)
                0x0000000008008e70                HAL_SYSTICK_Config
 .text.HAL_MPU_Disable
                0x0000000008008e9c       0x1c /home/quentinlister/DaisyExamples/libDaisy//build/libdaisy.a(stm32h7xx_hal_cortex.o)
                0x0000000008008e9c                HAL_MPU_Disable
 .text.HAL_MPU_Enable
                0x0000000008008eb8       0x20 /home/quentinlister/DaisyExamples/libDaisy//build/libdaisy.a(stm32h7xx_hal_cortex.o)
                0x0000000008008eb8                HAL_MPU_Enable
 .text.HAL_MPU_ConfigRegion
                0x0000000008008ed8       0x64 /home/quentinlister/DaisyExamples/libDaisy//build/libdaisy.a(stm32h7xx_hal_cortex.o)
                0x0000000008008ed8                HAL_MPU_ConfigRegion
 .text.HAL_SYSTICK_Callback
                0x0000000008008f3c        0x4 /home/quentinlister/DaisyExamples/libDaisy//build/libdaisy.a(stm32h7xx_hal_cortex.o)
                0x0000000008008f3c                HAL_SYSTICK_Callback
 .text.HAL_SYSTICK_IRQHandler
                0x0000000008008f40        0x8 /home/quentinlister/DaisyExamples/libDaisy//build/libdaisy.a(stm32h7xx_hal_cortex.o)
                0x0000000008008f40                HAL_SYSTICK_IRQHandler
 .text.DMA_CalcBaseAndBitshift
                0x0000000008008f48       0xf4 /home/quentinlister/DaisyExamples/libDaisy//build/libdaisy.a(stm32h7xx_hal_dma.o)
 .text.DMA_CalcDMAMUXChannelBaseAndMask
                0x000000000800903c       0xd8 /home/quentinlister/DaisyExamples/libDaisy//build/libdaisy.a(stm32h7xx_hal_dma.o)
 .text.HAL_DMA_Init
                0x0000000008009114      0x37c /home/quentinlister/DaisyExamples/libDaisy//build/libdaisy.a(stm32h7xx_hal_dma.o)
                0x0000000008009114                HAL_DMA_Init
 .text.HAL_DMA_Start_IT
                0x0000000008009490      0x240 /home/quentinlister/DaisyExamples/libDaisy//build/libdaisy.a(stm32h7xx_hal_dma.o)
                0x0000000008009490                HAL_DMA_Start_IT
 .text.HAL_DMA_Abort_IT
                0x00000000080096d0      0x134 /home/quentinlister/DaisyExamples/libDaisy//build/libdaisy.a(stm32h7xx_hal_dma.o)
                0x00000000080096d0                HAL_DMA_Abort_IT
 .text.HAL_DMA_IRQHandler
                0x0000000008009804      0x6a0 /home/quentinlister/DaisyExamples/libDaisy//build/libdaisy.a(stm32h7xx_hal_dma.o)
                0x0000000008009804                HAL_DMA_IRQHandler
 .text.HAL_DMA_GetError
                0x0000000008009ea4        0x4 /home/quentinlister/DaisyExamples/libDaisy//build/libdaisy.a(stm32h7xx_hal_dma.o)
                0x0000000008009ea4                HAL_DMA_GetError
 .text.HAL_GPIO_Init
                0x0000000008009ea8      0x280 /home/quentinlister/DaisyExamples/libDaisy//build/libdaisy.a(stm32h7xx_hal_gpio.o)
                0x0000000008009ea8                HAL_GPIO_Init
 .text.HAL_GPIO_DeInit
                0x000000000800a128      0x190 /home/quentinlister/DaisyExamples/libDaisy//build/libdaisy.a(stm32h7xx_hal_gpio.o)
                0x000000000800a128                HAL_GPIO_DeInit
 .text.HAL_GPIO_ReadPin
                0x000000000800a2b8        0xc /home/quentinlister/DaisyExamples/libDaisy//build/libdaisy.a(stm32h7xx_hal_gpio.o)
                0x000000000800a2b8                HAL_GPIO_ReadPin
 .text.HAL_GPIO_WritePin
                0x000000000800a2c4        0x8 /home/quentinlister/DaisyExamples/libDaisy//build/libdaisy.a(stm32h7xx_hal_gpio.o)
                0x000000000800a2c4                HAL_GPIO_WritePin
 .text.HAL_HCD_IRQHandler
                0x000000000800a2cc      0x780 /home/quentinlister/DaisyExamples/libDaisy//build/libdaisy.a(stm32h7xx_hal_hcd.o)
                0x000000000800a2cc                HAL_HCD_IRQHandler
 .text.HAL_HCD_Stop
                0x000000000800aa4c       0x28 /home/quentinlister/DaisyExamples/libDaisy//build/libdaisy.a(stm32h7xx_hal_hcd.o)
                0x000000000800aa4c                HAL_HCD_Stop
 .text.I2C_WaitOnTXISFlagUntilTimeout
                0x000000000800aa74       0xb8 /home/quentinlister/DaisyExamples/libDaisy//build/libdaisy.a(stm32h7xx_hal_i2c.o)
 .text.I2C_WaitOnSTOPFlagUntilTimeout
                0x000000000800ab2c       0xac /home/quentinlister/DaisyExamples/libDaisy//build/libdaisy.a(stm32h7xx_hal_i2c.o)
 .text.HAL_I2C_Init
                0x000000000800abd8       0xac /home/quentinlister/DaisyExamples/libDaisy//build/libdaisy.a(stm32h7xx_hal_i2c.o)
                0x000000000800abd8                HAL_I2C_Init
 .text.HAL_I2C_Master_Transmit
                0x000000000800ac84      0x1a8 /home/quentinlister/DaisyExamples/libDaisy//build/libdaisy.a(stm32h7xx_hal_i2c.o)
                0x000000000800ac84                HAL_I2C_Master_Transmit
 .text.HAL_I2C_Slave_Transmit
                0x000000000800ae2c      0x1c8 /home/quentinlister/DaisyExamples/libDaisy//build/libdaisy.a(stm32h7xx_hal_i2c.o)
                0x000000000800ae2c                HAL_I2C_Slave_Transmit
 .text.HAL_I2C_EV_IRQHandler
                0x000000000800aff4       0x10 /home/quentinlister/DaisyExamples/libDaisy//build/libdaisy.a(stm32h7xx_hal_i2c.o)
                0x000000000800aff4                HAL_I2C_EV_IRQHandler
 .text.HAL_I2C_GetState
                0x000000000800b004        0x8 /home/quentinlister/DaisyExamples/libDaisy//build/libdaisy.a(stm32h7xx_hal_i2c.o)
                0x000000000800b004                HAL_I2C_GetState
 .text.HAL_I2CEx_ConfigAnalogFilter
                0x000000000800b00c       0x54 /home/quentinlister/DaisyExamples/libDaisy//build/libdaisy.a(stm32h7xx_hal_i2c_ex.o)
                0x000000000800b00c                HAL_I2CEx_ConfigAnalogFilter
 .text.HAL_I2CEx_ConfigDigitalFilter
                0x000000000800b060       0x58 /home/quentinlister/DaisyExamples/libDaisy//build/libdaisy.a(stm32h7xx_hal_i2c_ex.o)
                0x000000000800b060                HAL_I2CEx_ConfigDigitalFilter
 .text.HAL_PCD_IRQHandler
                0x000000000800b0b8      0x69c /home/quentinlister/DaisyExamples/libDaisy//build/libdaisy.a(stm32h7xx_hal_pcd.o)
                0x000000000800b0b8                HAL_PCD_IRQHandler
 .text.HAL_PCD_SetAddress
                0x000000000800b754       0x2c /home/quentinlister/DaisyExamples/libDaisy//build/libdaisy.a(stm32h7xx_hal_pcd.o)
                0x000000000800b754                HAL_PCD_SetAddress
 .text.HAL_PCD_EP_Open
                0x000000000800b780       0x7c /home/quentinlister/DaisyExamples/libDaisy//build/libdaisy.a(stm32h7xx_hal_pcd.o)
                0x000000000800b780                HAL_PCD_EP_Open
 .text.HAL_PCD_EP_Receive
                0x000000000800b7fc       0x50 /home/quentinlister/DaisyExamples/libDaisy//build/libdaisy.a(stm32h7xx_hal_pcd.o)
                0x000000000800b7fc                HAL_PCD_EP_Receive
 .text.HAL_PCD_EP_Transmit
                0x000000000800b84c       0x50 /home/quentinlister/DaisyExamples/libDaisy//build/libdaisy.a(stm32h7xx_hal_pcd.o)
                0x000000000800b84c                HAL_PCD_EP_Transmit
 .text.HAL_PCD_EP_SetStall
                0x000000000800b89c       0x88 /home/quentinlister/DaisyExamples/libDaisy//build/libdaisy.a(stm32h7xx_hal_pcd.o)
                0x000000000800b89c                HAL_PCD_EP_SetStall
 .text.HAL_PCD_EP_ClrStall
                0x000000000800b924       0x78 /home/quentinlister/DaisyExamples/libDaisy//build/libdaisy.a(stm32h7xx_hal_pcd.o)
                0x000000000800b924                HAL_PCD_EP_ClrStall
 .text.HAL_PCDEx_LPM_Callback
                0x000000000800b99c        0x4 /home/quentinlister/DaisyExamples/libDaisy//build/libdaisy.a(stm32h7xx_hal_pcd_ex.o)
                0x000000000800b99c                HAL_PCDEx_LPM_Callback
 .text.HAL_PWREx_ConfigSupply
                0x000000000800b9a0       0x4c /home/quentinlister/DaisyExamples/libDaisy//build/libdaisy.a(stm32h7xx_hal_pwr_ex.o)
                0x000000000800b9a0                HAL_PWREx_ConfigSupply
 .text.HAL_PWREx_EnableUSBVoltageDetector
                0x000000000800b9ec       0x10 /home/quentinlister/DaisyExamples/libDaisy//build/libdaisy.a(stm32h7xx_hal_pwr_ex.o)
                0x000000000800b9ec                HAL_PWREx_EnableUSBVoltageDetector
 .text.QSPI_Config
                0x000000000800b9fc      0x174 /home/quentinlister/DaisyExamples/libDaisy//build/libdaisy.a(stm32h7xx_hal_qspi.o)
 .text.HAL_QSPI_Init
                0x000000000800bb70       0xd8 /home/quentinlister/DaisyExamples/libDaisy//build/libdaisy.a(stm32h7xx_hal_qspi.o)
                0x000000000800bb70                HAL_QSPI_Init
 .text.HAL_QSPI_DeInit
                0x000000000800bc48       0x3c /home/quentinlister/DaisyExamples/libDaisy//build/libdaisy.a(stm32h7xx_hal_qspi.o)
                0x000000000800bc48                HAL_QSPI_DeInit
 .text.HAL_QSPI_Command
                0x000000000800bc84       0xd4 /home/quentinlister/DaisyExamples/libDaisy//build/libdaisy.a(stm32h7xx_hal_qspi.o)
                0x000000000800bc84                HAL_QSPI_Command
 .text.HAL_QSPI_Transmit
                0x000000000800bd58       0xfc /home/quentinlister/DaisyExamples/libDaisy//build/libdaisy.a(stm32h7xx_hal_qspi.o)
                0x000000000800bd58                HAL_QSPI_Transmit
 .text.HAL_QSPI_Receive
                0x000000000800be54      0x108 /home/quentinlister/DaisyExamples/libDaisy//build/libdaisy.a(stm32h7xx_hal_qspi.o)
                0x000000000800be54                HAL_QSPI_Receive
 .text.HAL_QSPI_AutoPolling
                0x000000000800bf5c       0xf0 /home/quentinlister/DaisyExamples/libDaisy//build/libdaisy.a(stm32h7xx_hal_qspi.o)
                0x000000000800bf5c                HAL_QSPI_AutoPolling
 .text.HAL_QSPI_MemoryMapped
                0x000000000800c04c       0xc0 /home/quentinlister/DaisyExamples/libDaisy//build/libdaisy.a(stm32h7xx_hal_qspi.o)
                0x000000000800c04c                HAL_QSPI_MemoryMapped
 .text.HAL_QSPI_ErrorCallback
                0x000000000800c10c        0x4 /home/quentinlister/DaisyExamples/libDaisy//build/libdaisy.a(stm32h7xx_hal_qspi.o)
                0x000000000800c10c                HAL_QSPI_ErrorCallback
 .text.QSPI_DMAAbortCplt
                0x000000000800c110       0x38 /home/quentinlister/DaisyExamples/libDaisy//build/libdaisy.a(stm32h7xx_hal_qspi.o)
 .text.HAL_QSPI_AbortCpltCallback
                0x000000000800c148        0x4 /home/quentinlister/DaisyExamples/libDaisy//build/libdaisy.a(stm32h7xx_hal_qspi.o)
                0x000000000800c148                HAL_QSPI_AbortCpltCallback
 .text.HAL_QSPI_CmdCpltCallback
                0x000000000800c14c        0x4 /home/quentinlister/DaisyExamples/libDaisy//build/libdaisy.a(stm32h7xx_hal_qspi.o)
                0x000000000800c14c                HAL_QSPI_CmdCpltCallback
 .text.HAL_QSPI_RxCpltCallback
                0x000000000800c150        0x4 /home/quentinlister/DaisyExamples/libDaisy//build/libdaisy.a(stm32h7xx_hal_qspi.o)
                0x000000000800c150                HAL_QSPI_RxCpltCallback
 .text.HAL_QSPI_TxCpltCallback
                0x000000000800c154        0x4 /home/quentinlister/DaisyExamples/libDaisy//build/libdaisy.a(stm32h7xx_hal_qspi.o)
                0x000000000800c154                HAL_QSPI_TxCpltCallback
 .text.HAL_QSPI_FifoThresholdCallback
                0x000000000800c158        0x4 /home/quentinlister/DaisyExamples/libDaisy//build/libdaisy.a(stm32h7xx_hal_qspi.o)
                0x000000000800c158                HAL_QSPI_FifoThresholdCallback
 .text.HAL_QSPI_StatusMatchCallback
                0x000000000800c15c        0x4 /home/quentinlister/DaisyExamples/libDaisy//build/libdaisy.a(stm32h7xx_hal_qspi.o)
                0x000000000800c15c                HAL_QSPI_StatusMatchCallback
 .text.HAL_QSPI_TimeOutCallback
                0x000000000800c160        0x4 /home/quentinlister/DaisyExamples/libDaisy//build/libdaisy.a(stm32h7xx_hal_qspi.o)
                0x000000000800c160                HAL_QSPI_TimeOutCallback
 .text.HAL_QSPI_IRQHandler
                0x000000000800c164      0x210 /home/quentinlister/DaisyExamples/libDaisy//build/libdaisy.a(stm32h7xx_hal_qspi.o)
                0x000000000800c164                HAL_QSPI_IRQHandler
 .text.HAL_RCC_OscConfig
                0x000000000800c374      0x51c /home/quentinlister/DaisyExamples/libDaisy//build/libdaisy.a(stm32h7xx_hal_rcc.o)
                0x000000000800c374                HAL_RCC_OscConfig
 .text.HAL_RCC_GetSysClockFreq
                0x000000000800c890      0x140 /home/quentinlister/DaisyExamples/libDaisy//build/libdaisy.a(stm32h7xx_hal_rcc.o)
                0x000000000800c890                HAL_RCC_GetSysClockFreq
 .text.HAL_RCC_ClockConfig
                0x000000000800c9d0      0x234 /home/quentinlister/DaisyExamples/libDaisy//build/libdaisy.a(stm32h7xx_hal_rcc.o)
                0x000000000800c9d0                HAL_RCC_ClockConfig
 .text.HAL_RCC_GetHCLKFreq
                0x000000000800cc04       0x2c /home/quentinlister/DaisyExamples/libDaisy//build/libdaisy.a(stm32h7xx_hal_rcc.o)
                0x000000000800cc04                HAL_RCC_GetHCLKFreq
 .text.HAL_RCC_GetPCLK1Freq
                0x000000000800cc30       0x38 /home/quentinlister/DaisyExamples/libDaisy//build/libdaisy.a(stm32h7xx_hal_rcc.o)
                0x000000000800cc30                HAL_RCC_GetPCLK1Freq
 .text.HAL_RCC_GetPCLK2Freq
                0x000000000800cc68       0x38 /home/quentinlister/DaisyExamples/libDaisy//build/libdaisy.a(stm32h7xx_hal_rcc.o)
                0x000000000800cc68                HAL_RCC_GetPCLK2Freq
 .text.RCCEx_PLL2_Config
                0x000000000800cca0       0xf4 /home/quentinlister/DaisyExamples/libDaisy//build/libdaisy.a(stm32h7xx_hal_rcc_ex.o)
 .text.RCCEx_PLL3_Config
                0x000000000800cd94       0xf4 /home/quentinlister/DaisyExamples/libDaisy//build/libdaisy.a(stm32h7xx_hal_rcc_ex.o)
 .text.HAL_RCCEx_PeriphCLKConfig
                0x000000000800ce88      0xa7c /home/quentinlister/DaisyExamples/libDaisy//build/libdaisy.a(stm32h7xx_hal_rcc_ex.o)
                0x000000000800ce88                HAL_RCCEx_PeriphCLKConfig
 .text.HAL_RCCEx_GetD3PCLK1Freq
                0x000000000800d904       0x24 /home/quentinlister/DaisyExamples/libDaisy//build/libdaisy.a(stm32h7xx_hal_rcc_ex.o)
                0x000000000800d904                HAL_RCCEx_GetD3PCLK1Freq
 .text.HAL_RCCEx_GetPLL2ClockFreq
                0x000000000800d928      0x17c /home/quentinlister/DaisyExamples/libDaisy//build/libdaisy.a(stm32h7xx_hal_rcc_ex.o)
                0x000000000800d928                HAL_RCCEx_GetPLL2ClockFreq
 .text.HAL_RCCEx_GetPLL3ClockFreq
                0x000000000800daa4      0x17c /home/quentinlister/DaisyExamples/libDaisy//build/libdaisy.a(stm32h7xx_hal_rcc_ex.o)
                0x000000000800daa4                HAL_RCCEx_GetPLL3ClockFreq
 .text.HAL_RCCEx_GetPLL1ClockFreq
                0x000000000800dc20      0x17c /home/quentinlister/DaisyExamples/libDaisy//build/libdaisy.a(stm32h7xx_hal_rcc_ex.o)
                0x000000000800dc20                HAL_RCCEx_GetPLL1ClockFreq
 .text.HAL_RCCEx_GetPeriphCLKFreq
                0x000000000800dd9c      0x198 /home/quentinlister/DaisyExamples/libDaisy//build/libdaisy.a(stm32h7xx_hal_rcc_ex.o)
                0x000000000800dd9c                HAL_RCCEx_GetPeriphCLKFreq
 .text.HAL_RCCEx_GetD1SysClockFreq
                0x000000000800df34       0x2c /home/quentinlister/DaisyExamples/libDaisy//build/libdaisy.a(stm32h7xx_hal_rcc_ex.o)
                0x000000000800df34                HAL_RCCEx_GetD1SysClockFreq
 .text.HAL_SAI_Init.part.0
                0x000000000800df60      0x348 /home/quentinlister/DaisyExamples/libDaisy//build/libdaisy.a(stm32h7xx_hal_sai.o)
 .text.HAL_SAI_InitProtocol
                0x000000000800e2a8      0x178 /home/quentinlister/DaisyExamples/libDaisy//build/libdaisy.a(stm32h7xx_hal_sai.o)
                0x000000000800e2a8                HAL_SAI_InitProtocol
 .text.HAL_SAI_Transmit_DMA
                0x000000000800e420      0x124 /home/quentinlister/DaisyExamples/libDaisy//build/libdaisy.a(stm32h7xx_hal_sai.o)
                0x000000000800e420                HAL_SAI_Transmit_DMA
 .text.HAL_SAI_Receive_DMA
                0x000000000800e544       0xd0 /home/quentinlister/DaisyExamples/libDaisy//build/libdaisy.a(stm32h7xx_hal_sai.o)
                0x000000000800e544                HAL_SAI_Receive_DMA
 .text.HAL_SAI_TxCpltCallback
                0x000000000800e614        0x4 /home/quentinlister/DaisyExamples/libDaisy//build/libdaisy.a(stm32h7xx_hal_sai.o)
                0x000000000800e614                HAL_SAI_TxCpltCallback
 .text.SAI_DMATxCplt
                0x000000000800e618       0x64 /home/quentinlister/DaisyExamples/libDaisy//build/libdaisy.a(stm32h7xx_hal_sai.o)
 .text.HAL_SAI_TxHalfCpltCallback
                0x000000000800e67c        0x4 /home/quentinlister/DaisyExamples/libDaisy//build/libdaisy.a(stm32h7xx_hal_sai.o)
                0x000000000800e67c                HAL_SAI_TxHalfCpltCallback
 .text.SAI_DMATxHalfCplt
                0x000000000800e680        0xc /home/quentinlister/DaisyExamples/libDaisy//build/libdaisy.a(stm32h7xx_hal_sai.o)
 .text.SAI_DMARxCplt
                0x000000000800e68c       0x64 /home/quentinlister/DaisyExamples/libDaisy//build/libdaisy.a(stm32h7xx_hal_sai.o)
 .text.SAI_DMARxHalfCplt
                0x000000000800e6f0        0xc /home/quentinlister/DaisyExamples/libDaisy//build/libdaisy.a(stm32h7xx_hal_sai.o)
 .text.HAL_SAI_ErrorCallback
                0x000000000800e6fc        0x4 /home/quentinlister/DaisyExamples/libDaisy//build/libdaisy.a(stm32h7xx_hal_sai.o)
                0x000000000800e6fc                HAL_SAI_ErrorCallback
 .text.SAI_DMAError
                0x000000000800e700       0x6c /home/quentinlister/DaisyExamples/libDaisy//build/libdaisy.a(stm32h7xx_hal_sai.o)
 .text.HAL_SDRAM_Init
                0x000000000800e76c       0x54 /home/quentinlister/DaisyExamples/libDaisy//build/libdaisy.a(stm32h7xx_hal_sdram.o)
                0x000000000800e76c                HAL_SDRAM_Init
 .text.HAL_SDRAM_SendCommand
                0x000000000800e7c0       0x40 /home/quentinlister/DaisyExamples/libDaisy//build/libdaisy.a(stm32h7xx_hal_sdram.o)
                0x000000000800e7c0                HAL_SDRAM_SendCommand
 .text.HAL_SDRAM_ProgramRefreshRate
                0x000000000800e800       0x30 /home/quentinlister/DaisyExamples/libDaisy//build/libdaisy.a(stm32h7xx_hal_sdram.o)
                0x000000000800e800                HAL_SDRAM_ProgramRefreshRate
 .text.SPI_CloseTransfer
                0x000000000800e830       0xb8 /home/quentinlister/DaisyExamples/libDaisy//build/libdaisy.a(stm32h7xx_hal_spi.o)
 .text.HAL_SPI_Init
                0x000000000800e8e8      0x15c /home/quentinlister/DaisyExamples/libDaisy//build/libdaisy.a(stm32h7xx_hal_spi.o)
                0x000000000800e8e8                HAL_SPI_Init
 .text.HAL_SPI_Transmit
                0x000000000800ea44      0x314 /home/quentinlister/DaisyExamples/libDaisy//build/libdaisy.a(stm32h7xx_hal_spi.o)
                0x000000000800ea44                HAL_SPI_Transmit
 .text.HAL_SPI_Transmit_DMA
                0x000000000800ed58      0x170 /home/quentinlister/DaisyExamples/libDaisy//build/libdaisy.a(stm32h7xx_hal_spi.o)
                0x000000000800ed58                HAL_SPI_Transmit_DMA
 .text.HAL_SPI_TransmitReceive_DMA
                0x000000000800eec8      0x218 /home/quentinlister/DaisyExamples/libDaisy//build/libdaisy.a(stm32h7xx_hal_spi.o)
                0x000000000800eec8                HAL_SPI_TransmitReceive_DMA
 .text.HAL_SPI_Receive_DMA
                0x000000000800f0e0      0x1b4 /home/quentinlister/DaisyExamples/libDaisy//build/libdaisy.a(stm32h7xx_hal_spi.o)
                0x000000000800f0e0                HAL_SPI_Receive_DMA
 .text.SPI_DMATransmitCplt
                0x000000000800f294       0x28 /home/quentinlister/DaisyExamples/libDaisy//build/libdaisy.a(stm32h7xx_hal_spi.o)
 .text.SPI_DMAReceiveCplt
                0x000000000800f2bc       0x28 /home/quentinlister/DaisyExamples/libDaisy//build/libdaisy.a(stm32h7xx_hal_spi.o)
 .text.SPI_DMATransmitReceiveCplt
                0x000000000800f2e4       0x28 /home/quentinlister/DaisyExamples/libDaisy//build/libdaisy.a(stm32h7xx_hal_spi.o)
 .text.HAL_SPI_TxHalfCpltCallback
                0x000000000800f30c        0x4 /home/quentinlister/DaisyExamples/libDaisy//build/libdaisy.a(stm32h7xx_hal_spi.o)
                0x000000000800f30c                HAL_SPI_TxHalfCpltCallback
 .text.SPI_DMAHalfTransmitCplt
                0x000000000800f310        0xc /home/quentinlister/DaisyExamples/libDaisy//build/libdaisy.a(stm32h7xx_hal_spi.o)
 .text.HAL_SPI_RxHalfCpltCallback
                0x000000000800f31c        0x4 /home/quentinlister/DaisyExamples/libDaisy//build/libdaisy.a(stm32h7xx_hal_spi.o)
                0x000000000800f31c                HAL_SPI_RxHalfCpltCallback
 .text.SPI_DMAHalfReceiveCplt
                0x000000000800f320        0xc /home/quentinlister/DaisyExamples/libDaisy//build/libdaisy.a(stm32h7xx_hal_spi.o)
 .text.HAL_SPI_TxRxHalfCpltCallback
                0x000000000800f32c        0x4 /home/quentinlister/DaisyExamples/libDaisy//build/libdaisy.a(stm32h7xx_hal_spi.o)
                0x000000000800f32c                HAL_SPI_TxRxHalfCpltCallback
 .text.SPI_DMAHalfTransmitReceiveCplt
                0x000000000800f330        0xc /home/quentinlister/DaisyExamples/libDaisy//build/libdaisy.a(stm32h7xx_hal_spi.o)
 .text.SPI_DMAError
                0x000000000800f33c       0xd8 /home/quentinlister/DaisyExamples/libDaisy//build/libdaisy.a(stm32h7xx_hal_spi.o)
 .text.HAL_SPI_IRQHandler
                0x000000000800f414      0x23c /home/quentinlister/DaisyExamples/libDaisy//build/libdaisy.a(stm32h7xx_hal_spi.o)
                0x000000000800f414                HAL_SPI_IRQHandler
 .text.SPI_DMAAbortOnError
                0x000000000800f650       0x1c /home/quentinlister/DaisyExamples/libDaisy//build/libdaisy.a(stm32h7xx_hal_spi.o)
 .text.HAL_SPI_GetState
                0x000000000800f66c        0x8 /home/quentinlister/DaisyExamples/libDaisy//build/libdaisy.a(stm32h7xx_hal_spi.o)
                0x000000000800f66c                HAL_SPI_GetState
 .text.HAL_UART_Transmit_DMA
                0x000000000800f674       0xa4 /home/quentinlister/DaisyExamples/libDaisy//build/libdaisy.a(stm32h7xx_hal_uart.o)
                0x000000000800f674                HAL_UART_Transmit_DMA
 .text.HAL_UART_Receive_DMA
                0x000000000800f718       0xac /home/quentinlister/DaisyExamples/libDaisy//build/libdaisy.a(stm32h7xx_hal_uart.o)
                0x000000000800f718                HAL_UART_Receive_DMA
 .text.UART_DMATransmitCplt
                0x000000000800f7c4       0x2c /home/quentinlister/DaisyExamples/libDaisy//build/libdaisy.a(stm32h7xx_hal_uart.o)
 .text.HAL_UART_TxHalfCpltCallback
                0x000000000800f7f0        0x4 /home/quentinlister/DaisyExamples/libDaisy//build/libdaisy.a(stm32h7xx_hal_uart.o)
                0x000000000800f7f0                HAL_UART_TxHalfCpltCallback
 .text.UART_DMATxHalfCplt
                0x000000000800f7f4        0xc /home/quentinlister/DaisyExamples/libDaisy//build/libdaisy.a(stm32h7xx_hal_uart.o)
 .text.UART_DMAReceiveCplt
                0x000000000800f800       0x38 /home/quentinlister/DaisyExamples/libDaisy//build/libdaisy.a(stm32h7xx_hal_uart.o)
 .text.HAL_UART_RxHalfCpltCallback
                0x000000000800f838        0x4 /home/quentinlister/DaisyExamples/libDaisy//build/libdaisy.a(stm32h7xx_hal_uart.o)
                0x000000000800f838                HAL_UART_RxHalfCpltCallback
 .text.UART_DMARxHalfCplt
                0x000000000800f83c        0xc /home/quentinlister/DaisyExamples/libDaisy//build/libdaisy.a(stm32h7xx_hal_uart.o)
 .text.UART_DMAError
                0x000000000800f848       0x78 /home/quentinlister/DaisyExamples/libDaisy//build/libdaisy.a(stm32h7xx_hal_uart.o)
 .text.HAL_UART_IRQHandler
                0x000000000800f8c0      0x1d0 /home/quentinlister/DaisyExamples/libDaisy//build/libdaisy.a(stm32h7xx_hal_uart.o)
                0x000000000800f8c0                HAL_UART_IRQHandler
 .text.UART_DMAAbortOnError
                0x000000000800fa90       0x14 /home/quentinlister/DaisyExamples/libDaisy//build/libdaisy.a(stm32h7xx_hal_uart.o)
 .text.HAL_UART_GetState