Archive member included to satisfy reference by file (symbol)

../../../DaisyExamples/libDaisy/build/libdaisy.a(daisy_pod.o)
                              build/Poly1.o (daisy::DaisyPod::StartAudio(void (*)(float const*, float*, unsigned int)))
../../../DaisyExamples/libDaisy/build/libdaisy.a(daisy_seed.o)
                              ../../../DaisyExamples/libDaisy/build/libdaisy.a(daisy_pod.o) (daisy::DaisySeed::Configure())
../../../DaisyExamples/libDaisy/build/libdaisy.a(codec_ak4556.o)
                              ../../../DaisyExamples/libDaisy/build/libdaisy.a(daisy_seed.o) (daisy::Ak4556::Init(dsy_gpio_pin))
../../../DaisyExamples/libDaisy/build/libdaisy.a(codec_wm8731.o)
                              ../../../DaisyExamples/libDaisy/build/libdaisy.a(daisy_seed.o) (daisy::Wm8731::Init(daisy::Wm8731::Config const&, daisy::I2CHandle))
../../../DaisyExamples/libDaisy/build/libdaisy.a(sdram.o)
                              ../../../DaisyExamples/libDaisy/build/libdaisy.a(daisy_seed.o) (SdramHandle::Init())
../../../DaisyExamples/libDaisy/build/libdaisy.a(audio.o)
                              ../../../DaisyExamples/libDaisy/build/libdaisy.a(daisy_seed.o) (daisy::AudioHandle::Init(daisy::AudioHandle::Config const&, daisy::SaiHandle))
../../../DaisyExamples/libDaisy/build/libdaisy.a(ctrl.o)
                              ../../../DaisyExamples/libDaisy/build/libdaisy.a(daisy_pod.o) (daisy::AnalogControl::Init(unsigned short*, float, bool, bool, float))
../../../DaisyExamples/libDaisy/build/libdaisy.a(encoder.o)
                              ../../../DaisyExamples/libDaisy/build/libdaisy.a(daisy_pod.o) (daisy::Encoder::Init(dsy_gpio_pin, dsy_gpio_pin, dsy_gpio_pin, float))
../../../DaisyExamples/libDaisy/build/libdaisy.a(parameter.o)
                              build/Poly1.o (daisy::Parameter::Init(daisy::AnalogControl, float, float, daisy::Parameter::Curve))
../../../DaisyExamples/libDaisy/build/libdaisy.a(rgb_led.o)
                              ../../../DaisyExamples/libDaisy/build/libdaisy.a(daisy_pod.o) (daisy::RgbLed::Init(dsy_gpio_pin, dsy_gpio_pin, dsy_gpio_pin, bool))
../../../DaisyExamples/libDaisy/build/libdaisy.a(switch.o)
                              ../../../DaisyExamples/libDaisy/build/libdaisy.a(daisy_pod.o) (daisy::Switch::Init(dsy_gpio_pin, float))
../../../DaisyExamples/libDaisy/build/libdaisy.a(adc.o)
                              ../../../DaisyExamples/libDaisy/build/libdaisy.a(daisy_pod.o) (daisy::AdcChannelConfig::InitSingle(dsy_gpio_pin))
../../../DaisyExamples/libDaisy/build/libdaisy.a(gpio.o)
                              ../../../DaisyExamples/libDaisy/build/libdaisy.a(daisy_seed.o) (dsy_gpio_init)
../../../DaisyExamples/libDaisy/build/libdaisy.a(i2c.o)
                              ../../../DaisyExamples/libDaisy/build/libdaisy.a(daisy_seed.o) (daisy::I2CHandle::Init(daisy::I2CHandle::Config const&))
../../../DaisyExamples/libDaisy/build/libdaisy.a(qspi.o)
                              ../../../DaisyExamples/libDaisy/build/libdaisy.a(daisy_seed.o) (daisy::QSPIHandle::Init(daisy::QSPIHandle::Config const&))
../../../DaisyExamples/libDaisy/build/libdaisy.a(sai.o)
                              ../../../DaisyExamples/libDaisy/build/libdaisy.a(daisy_seed.o) (daisy::SaiHandle::Init(daisy::SaiHandle::Config const&))
../../../DaisyExamples/libDaisy/build/libdaisy.a(uart.o)
                              ../../../DaisyExamples/libDaisy/build/libdaisy.a(daisy_pod.o) (daisy::UartHandler::Init(daisy::UartHandler::Config const&))
../../../DaisyExamples/libDaisy/build/libdaisy.a(system.o)
                              ../../../DaisyExamples/libDaisy/build/libdaisy.a(daisy_seed.o) (daisy::System::DeInit())
../../../DaisyExamples/libDaisy/build/libdaisy.a(system_stm32h7xx.o)
                              build/startup_stm32h750xx.o (SystemInit)
../../../DaisyExamples/libDaisy/build/libdaisy.a(usbd_conf.o)
                              ../../../DaisyExamples/libDaisy/build/libdaisy.a(system.o) (hpcd_USB_OTG_HS)
../../../DaisyExamples/libDaisy/build/libdaisy.a(usbh_conf.o)
                              ../../../DaisyExamples/libDaisy/build/libdaisy.a(system.o) (hhcd_USB_OTG_HS)
../../../DaisyExamples/libDaisy/build/libdaisy.a(color.o)
                              build/Poly1.o (daisy::Color::Init(daisy::Color::PresetColor))
../../../DaisyExamples/libDaisy/build/libdaisy.a(hal_map.o)
                              ../../../DaisyExamples/libDaisy/build/libdaisy.a(gpio.o) (dsy_hal_map_get_port)
../../../DaisyExamples/libDaisy/build/libdaisy.a(stm32h7xx_hal.o)
                              ../../../DaisyExamples/libDaisy/build/libdaisy.a(system.o) (HAL_Init)
../../../DaisyExamples/libDaisy/build/libdaisy.a(stm32h7xx_hal_adc.o)
                              ../../../DaisyExamples/libDaisy/build/libdaisy.a(adc.o) (HAL_ADC_ConfigChannel)
../../../DaisyExamples/libDaisy/build/libdaisy.a(stm32h7xx_hal_adc_ex.o)
[...]
Memory Configuration

Name             Origin             Length             Attributes
FLASH            0x0000000008000000 0x0000000000020000 xr
DTCMRAM          0x0000000020000000 0x0000000000020000 xrw
SRAM             0x0000000024000000 0x0000000000080000 xrw
RAM_D2           0x0000000030000000 0x0000000000048000 xrw
RAM_D3           0x0000000038000000 0x0000000000010000 xrw
ITCMRAM          0x0000000000000000 0x0000000000010000 xrw
SDRAM            0x00000000c0000000 0x0000000004000000 xrw
QSPIFLASH        0x0000000090000000 0x0000000000800000 xr
*default*        0x0000000000000000 0xffffffffffffffff

Linker script and memory map

LOAD /home/quentinlister/developer/gcc-arm-none-eabi-10-2020-q4-major/bin/../lib/gcc/arm-none-eabi/10.2.1/thumb/v7e-m+dp/hard/crti.o
LOAD /home/quentinlister/developer/gcc-arm-none-eabi-10-2020-q4-major/bin/../lib/gcc/arm-none-eabi/10.2.1/thumb/v7e-m+dp/hard/crtbegin.o
LOAD /home/quentinlister/developer/gcc-arm-none-eabi-10-2020-q4-major/bin/../lib/gcc/arm-none-eabi/10.2.1/../../../../arm-none-eabi/lib/thumb/v7e-m+dp/hard/crt0.o
LOAD build/startup_stm32h750xx.o
LOAD build/Poly1.o
LOAD ../../../DaisyExamples/libDaisy/build/libdaisy.a
LOAD /home/quentinlister/developer/gcc-arm-none-eabi-10-2020-q4-major/bin/../lib/gcc/arm-none-eabi/10.2.1/../../../../arm-none-eabi/lib/thumb/v7e-m+dp/hard/libnosys.a
LOAD ../../../DaisyExamples/DaisySP/build/libdaisysp.a
LOAD /home/quentinlister/developer/gcc-arm-none-eabi-10-2020-q4-major/bin/../lib/gcc/arm-none-eabi/10.2.1/../../../../arm-none-eabi/lib/thumb/v7e-m+dp/hard/libstdc++_nano.a
LOAD /home/quentinlister/developer/gcc-arm-none-eabi-10-2020-q4-major/bin/../lib/gcc/arm-none-eabi/10.2.1/../../../../arm-none-eabi/lib/thumb/v7e-m+dp/hard/libm.a
LOAD /home/quentinlister/developer/gcc-arm-none-eabi-10-2020-q4-major/bin/../lib/gcc/arm-none-eabi/10.2.1/../../../../arm-none-eabi/lib/thumb/v7e-m+dp/hard/libc_nano.a
START GROUP
LOAD /home/quentinlister/developer/gcc-arm-none-eabi-10-2020-q4-major/bin/../lib/gcc/arm-none-eabi/10.2.1/thumb/v7e-m+dp/hard/libgcc.a
LOAD /home/quentinlister/developer/gcc-arm-none-eabi-10-2020-q4-major/bin/../lib/gcc/arm-none-eabi/10.2.1/../../../../arm-none-eabi/lib/thumb/v7e-m+dp/hard/libc_nano.a
END GROUP
START GROUP
LOAD /home/quentinlister/developer/gcc-arm-none-eabi-10-2020-q4-major/bin/../lib/gcc/arm-none-eabi/10.2.1/thumb/v7e-m+dp/hard/libgcc.a
LOAD /home/quentinlister/developer/gcc-arm-none-eabi-10-2020-q4-major/bin/../lib/gcc/arm-none-eabi/10.2.1/../../../../arm-none-eabi/lib/thumb/v7e-m+dp/hard/libc_nano.a
LOAD /home/quentinlister/developer/gcc-arm-none-eabi-10-2020-q4-major/bin/../lib/gcc/arm-none-eabi/10.2.1/../../../../arm-none-eabi/lib/thumb/v7e-m+dp/hard/libnosys.a
END GROUP
START GROUP
LOAD /home/quentinlister/developer/gcc-arm-none-eabi-10-2020-q4-major/bin/../lib/gcc/arm-none-eabi/10.2.1/thumb/v7e-m+dp/hard/libgcc.a
LOAD /home/quentinlister/developer/gcc-arm-none-eabi-10-2020-q4-major/bin/../lib/gcc/arm-none-eabi/10.2.1/../../../../arm-none-eabi/lib/thumb/v7e-m+dp/hard/libc_nano.a
LOAD /home/quentinlister/developer/gcc-arm-none-eabi-10-2020-q4-major/bin/../lib/gcc/arm-none-eabi/10.2.1/../../../../arm-none-eabi/lib/thumb/v7e-m+dp/hard/libnosys.a
END GROUP
LOAD /home/quentinlister/developer/gcc-arm-none-eabi-10-2020-q4-major/bin/../lib/gcc/arm-none-eabi/10.2.1/thumb/v7e-m+dp/hard/crtend.o
LOAD /home/quentinlister/developer/gcc-arm-none-eabi-10-2020-q4-major/bin/../lib/gcc/arm-none-eabi/10.2.1/thumb/v7e-m+dp/hard/crtn.o
                0x0000000020020000                _estack = 0x20020000

.isr_vector     0x0000000008000000      0x298
                0x0000000008000000                . = ALIGN (0x4)
 *(.isr_vector)
 .isr_vector    0x0000000008000000      0x298 build/startup_stm32h750xx.o
                0x0000000008000000                g_pfnVectors
                0x0000000008000298                . = ALIGN (0x4)

.text           0x0000000008000298    0x12868
                0x0000000008000298                . = ALIGN (0x4)
                0x0000000008000298                _stext = .
 *(.text)
 .text          0x0000000008000298       0x40 /home/quentinlister/developer/gcc-arm-none-eabi-10-2020-q4-major/bin/../lib/gcc/arm-none-eabi/10.2.1/thumb/v7e-m+dp/hard/crtbegin.o
 .text          0x00000000080002d8      0x378 /home/quentinlister/developer/gcc-arm-none-eabi-10-2020-q4-major/bin/../lib/gcc/arm-none-eabi/10.2.1/thumb/v7e-m+dp/hard/libgcc.a(_arm_addsubdf3.o)
                0x00000000080002d8                __aeabi_drsub
                0x00000000080002e0                __aeabi_dsub
                0x00000000080002e0                __subdf3
                0x00000000080002e4                __adddf3
                0x00000000080002e4                __aeabi_dadd
                0x000000000800055c                __aeabi_ui2d
                0x000000000800055c                __floatunsidf
                0x000000000800057c                __floatsidf
                0x000000000800057c                __aeabi_i2d
                0x00000000080005a0                __extendsfdf2
                0x00000000080005a0                __aeabi_f2d
                0x00000000080005e4                __aeabi_ul2d
                0x00000000080005e4                __floatundidf
                0x00000000080005f4                __floatdidf
                0x00000000080005f4                __aeabi_l2d
 .text          0x0000000008000650       0x30 /home/quentinlister/developer/gcc-arm-none-eabi-10-2020-q4-major/bin/../lib/gcc/arm-none-eabi/10.2.1/thumb/v7e-m+dp/hard/libgcc.a(_aeabi_uldivmod.o)
                0x0000000008000650                __aeabi_uldivmod
 .text          0x0000000008000680      0x2d0 /home/quentinlister/developer/gcc-arm-none-eabi-10-2020-q4-major/bin/../lib/gcc/arm-none-eabi/10.2.1/thumb/v7e-m+dp/hard/libgcc.a(_udivmoddi4.o)
                0x0000000008000680                __udivmoddi4
 .text          0x0000000008000950        0x4 /home/quentinlister/developer/gcc-arm-none-eabi-10-2020-q4-major/bin/../lib/gcc/arm-none-eabi/10.2.1/thumb/v7e-m+dp/hard/libgcc.a(_dvmd_tls.o)
                0x0000000008000950                __aeabi_ldiv0
                0x0000000008000950                __aeabi_idiv0
 *(.text*)
 .text.Default_Handler
                0x0000000008000954        0x4 build/startup_stm32h750xx.o
                0x0000000008000954                RTC_Alarm_IRQHandler
                0x0000000008000954                HASH_RNG_IRQHandler
                0x0000000008000954                EXTI2_IRQHandler
                0x0000000008000954                TIM8_CC_IRQHandler
                0x0000000008000954                HRTIM1_Master_IRQHandler
                0x0000000008000954                DebugMon_Handler
                0x0000000008000954                TIM1_CC_IRQHandler
                0x0000000008000954                BDMA_Channel6_IRQHandler
                0x0000000008000954                DMA2_Stream5_IRQHandler
                0x0000000008000954                HRTIM1_FLT_IRQHandler
                0x0000000008000954                JPEG_IRQHandler
                0x0000000008000954                BDMA_Channel1_IRQHandler
                0x0000000008000954                HRTIM1_TIMD_IRQHandler
                0x0000000008000954                TAMP_STAMP_IRQHandler
                0x0000000008000954                PendSV_Handler
                0x0000000008000954                NMI_Handler
                0x0000000008000954                EXTI3_IRQHandler
                0x0000000008000954                LPTIM4_IRQHandler
                0x0000000008000954                TIM8_TRG_COM_TIM14_IRQHandler
                0x0000000008000954                LPTIM2_IRQHandler
                0x0000000008000954                DFSDM1_FLT1_IRQHandler
                0x0000000008000954                DMAMUX2_OVR_IRQHandler
                0x0000000008000954                TIM8_UP_TIM13_IRQHandler
                0x0000000008000954                I2C3_ER_IRQHandler
                0x0000000008000954                DFSDM1_FLT2_IRQHandler
                0x0000000008000954                MDMA_IRQHandler
                0x0000000008000954                LPTIM3_IRQHandler
                0x0000000008000954                HSEM1_IRQHandler
                0x0000000008000954                EXTI0_IRQHandler
                0x0000000008000954                FPU_IRQHandler
                0x0000000008000954                OTG_HS_WKUP_IRQHandler
                0x0000000008000954                FDCAN1_IT1_IRQHandler
                0x0000000008000954                UsageFault_Handler
                0x0000000008000954                LTDC_ER_IRQHandler
                0x0000000008000954                HRTIM1_TIME_IRQHandler
                0x0000000008000954                TIM6_DAC_IRQHandler
                0x0000000008000954                DCMI_IRQHandler
                0x0000000008000954                HRTIM1_TIMC_IRQHandler
                0x0000000008000954                SAI2_IRQHandler
                0x0000000008000954                DFSDM1_FLT3_IRQHandler
                0x0000000008000954                TIM17_IRQHandler
                0x0000000008000954                CRYP_IRQHandler
                0x0000000008000954                BDMA_Channel7_IRQHandler
                0x0000000008000954                LPTIM5_IRQHandler
                0x0000000008000954                ADC3_IRQHandler
                0x0000000008000954                DMA2_Stream0_IRQHandler
                0x0000000008000954                BDMA_Channel2_IRQHandler
                0x0000000008000954                DMAMUX1_OVR_IRQHandler
                0x0000000008000954                TIM16_IRQHandler
                0x0000000008000954                BDMA_Channel5_IRQHandler
                0x0000000008000954                RCC_IRQHandler
                0x0000000008000954                TIM8_BRK_TIM12_IRQHandler
                0x0000000008000954                TIM1_TRG_COM_IRQHandler
                0x0000000008000954                Default_Handler
                0x0000000008000954                ECC_IRQHandler
                0x0000000008000954                CEC_IRQHandler
                0x0000000008000954                EXTI15_10_IRQHandler
                0x0000000008000954                BDMA_Channel0_IRQHandler
                0x0000000008000954                ADC_IRQHandler
                0x0000000008000954                DMA1_Stream7_IRQHandler
                0x0000000008000954                HRTIM1_TIMA_IRQHandler
                0x0000000008000954                TIM7_IRQHandler
                0x0000000008000954                SDMMC1_IRQHandler
                0x0000000008000954                DMA2_Stream7_IRQHandler
                0x0000000008000954                TIM15_IRQHandler
                0x0000000008000954                PVD_AVD_IRQHandler
                0x0000000008000954                EXTI9_5_IRQHandler
                0x0000000008000954                RTC_WKUP_IRQHandler
                0x0000000008000954                LTDC_IRQHandler
                0x0000000008000954                SAI3_IRQHandler
                0x0000000008000954                ETH_WKUP_IRQHandler
                0x0000000008000954                SPDIF_RX_IRQHandler
                0x0000000008000954                MemManage_Handler
                0x0000000008000954                SVC_Handler
                0x0000000008000954                CRS_IRQHandler
                0x0000000008000954                EXTI4_IRQHandler
                0x0000000008000954                HRTIM1_TIMB_IRQHandler
                0x0000000008000954                FDCAN2_IT1_IRQHandler
                0x0000000008000954                ETH_IRQHandler
                0x0000000008000954                TIM1_UP_IRQHandler
                0x0000000008000954                BDMA_Channel4_IRQHandler
                0x0000000008000954                WWDG_IRQHandler
                0x0000000008000954                SPI6_IRQHandler
                0x0000000008000954                I2C4_EV_IRQHandler
                0x0000000008000954                MDIOS_IRQHandler
                0x0000000008000954                FDCAN2_IT0_IRQHandler
                0x0000000008000954                FDCAN1_IT0_IRQHandler
                0x0000000008000954                OTG_FS_WKUP_IRQHandler
                0x0000000008000954                DMA2D_IRQHandler
                0x0000000008000954                TIM1_BRK_IRQHandler
                0x0000000008000954                EXTI1_IRQHandler
                0x0000000008000954                SDMMC2_IRQHandler
                0x0000000008000954                OTG_FS_EP1_OUT_IRQHandler
                0x0000000008000954                BDMA_Channel3_IRQHandler
                0x0000000008000954                MDIOS_WKUP_IRQHandler
                0x0000000008000954                DFSDM1_FLT0_IRQHandler
                0x0000000008000954                SAI4_IRQHandler
                0x0000000008000954                I2C2_ER_IRQHandler
                0x0000000008000954                DMA2_Stream1_IRQHandler
                0x0000000008000954                FLASH_IRQHandler
                0x0000000008000954                BusFault_Handler
                0x0000000008000954                OTG_FS_IRQHandler
                0x0000000008000954                WAKEUP_PIN_IRQHandler
                0x0000000008000954                OTG_FS_EP1_IN_IRQHandler
                0x0000000008000954                I2C1_ER_IRQHandler
                0x0000000008000954                FMC_IRQHandler
                0x0000000008000954                FDCAN_CAL_IRQHandler
                0x0000000008000954                SWPMI1_IRQHandler
                0x0000000008000954                COMP1_IRQHandler
                0x0000000008000954                LPTIM1_IRQHandler
                0x0000000008000954                I2C4_ER_IRQHandler
                0x0000000008000954                DMA2_Stream6_IRQHandler
                0x0000000008000954                SAI1_IRQHandler
 .text.Reset_Handler
                0x0000000008000958       0x44 build/startup_stm32h750xx.o
                0x0000000008000958                Reset_Handler
 .text._ZN5daisy9ParameterD2Ev
                0x000000000800099c        0x4 build/Poly1.o
                0x000000000800099c                daisy::Parameter::~Parameter()
                0x000000000800099c                daisy::Parameter::~Parameter()
 .text._ZN5daisy8DaisyPodD2Ev
                0x00000000080009a0        0x4 build/Poly1.o
                0x00000000080009a0                daisy::DaisyPod::~DaisyPod()
                0x00000000080009a0                daisy::DaisyPod::~DaisyPod()
 .text.__tcf_0  0x00000000080009a4        0x4 build/Poly1.o
 .text.__tcf_1  0x00000000080009a8        0x4 build/Poly1.o
 .text._Z9InitSynthf
                0x00000000080009ac       0xe8 build/Poly1.o
                0x00000000080009ac                InitSynth(float)
 .text._Z10InitChordsv
                0x0000000008000a94       0x5c build/Poly1.o
                0x0000000008000a94                InitChords()
 .text._Z10InitColorsv
                0x0000000008000af0       0x6c build/Poly1.o
                0x0000000008000af0                InitColors()
 .text.startup.main
                0x0000000008000b5c       0x3c build/Poly1.o
                0x0000000008000b5c                main
 .text._Z13UpdateEncoderv
                0x0000000008000b98       0x64 build/Poly1.o
                0x0000000008000b98                UpdateEncoder()
 .text._Z11UpdateKnobsv
                0x0000000008000bfc       0xb4 build/Poly1.o
                0x0000000008000bfc                UpdateKnobs()
 .text._ZL13AudioCallbackPKfPfj
                0x0000000008000cb0      0x100 build/Poly1.o
 .text.startup._GLOBAL__sub_I_hw
                0x0000000008000db0       0x9c build/Poly1.o
 .text._ZN5daisy8DaisyPod10StartAudioEPFvPKfPfjE
                0x0000000008000e4c        0x4 ../../../DaisyExamples/libDaisy/build/libdaisy.a(daisy_pod.o)
                0x0000000008000e4c                daisy::DaisyPod::StartAudio(void (*)(float const*, float*, unsigned int))
 .text._ZN5daisy8DaisyPod17SetAudioBlockSizeEj
                0x0000000008000e50       0x2c ../../../DaisyExamples/libDaisy/build/libdaisy.a(daisy_pod.o)
                0x0000000008000e50                daisy::DaisyPod::SetAudioBlockSize(unsigned int)
 .text._ZN5daisy8DaisyPod15AudioSampleRateEv
                0x0000000008000e7c        0x4 ../../../DaisyExamples/libDaisy/build/libdaisy.a(daisy_pod.o)
                0x0000000008000e7c                daisy::DaisyPod::AudioSampleRate()
 .text._ZN5daisy8DaisyPod8StartAdcEv
                0x0000000008000e80        0x8 ../../../DaisyExamples/libDaisy/build/libdaisy.a(daisy_pod.o)
                0x0000000008000e80                daisy::DaisyPod::StartAdc()
 .text._ZN5daisy8DaisyPod21ProcessAnalogControlsEv
                0x0000000008000e88       0x18 ../../../DaisyExamples/libDaisy/build/libdaisy.a(daisy_pod.o)
                0x0000000008000e88                daisy::DaisyPod::ProcessAnalogControls()
 .text._ZN5daisy8DaisyPod22ProcessDigitalControlsEv
                0x0000000008000ea0       0x20 ../../../DaisyExamples/libDaisy/build/libdaisy.a(daisy_pod.o)
                0x0000000008000ea0                daisy::DaisyPod::ProcessDigitalControls()
 .text._ZN5daisy8DaisyPod10UpdateLedsEv
                0x0000000008000ec0       0x18 ../../../DaisyExamples/libDaisy/build/libdaisy.a(daisy_pod.o)
                0x0000000008000ec0                daisy::DaisyPod::UpdateLeds()
 .text._ZN5daisy8DaisyPod8InitLedsEv
                0x0000000008000ed8       0xac ../../../DaisyExamples/libDaisy/build/libdaisy.a(daisy_pod.o)
                0x0000000008000ed8                daisy::DaisyPod::InitLeds()
 .text._ZN5daisy8DaisyPod9InitKnobsEv
                0x0000000008000f84       0x98 ../../../DaisyExamples/libDaisy/build/libdaisy.a(daisy_pod.o)
                0x0000000008000f84                daisy::DaisyPod::InitKnobs()
 .text._ZN5daisy8DaisyPod4InitEb
                0x000000000800101c      0x118 ../../../DaisyExamples/libDaisy/build/libdaisy.a(daisy_pod.o)
                0x000000000800101c                daisy::DaisyPod::Init(bool)
 .text._ZN5daisy9DaisySeed9ConfigureEv
                0x0000000008001134        0x4 ../../../DaisyExamples/libDaisy/build/libdaisy.a(daisy_seed.o)
                0x0000000008001134                daisy::DaisySeed::Configure()
 .text._ZN5daisy9DaisySeed6GetPinEh
                0x0000000008001138       0x2c ../../../DaisyExamples/libDaisy/build/libdaisy.a(daisy_seed.o)
                0x0000000008001138                daisy::DaisySeed::GetPin(unsigned char)
 .text._ZN5daisy9DaisySeed10StartAudioEPFvPKfPfjE
                0x0000000008001164        0x8 ../../../DaisyExamples/libDaisy/build/libdaisy.a(daisy_seed.o)
                0x0000000008001164                daisy::DaisySeed::StartAudio(void (*)(float const*, float*, unsigned int))
 .text._ZN5daisy9DaisySeed15AudioSampleRateEv
                0x000000000800116c        0x8 ../../../DaisyExamples/libDaisy/build/libdaisy.a(daisy_seed.o)
                0x000000000800116c                daisy::DaisySeed::AudioSampleRate()
 .text._ZN5daisy9DaisySeed17SetAudioBlockSizeEj
                0x0000000008001174       0x38 ../../../DaisyExamples/libDaisy/build/libdaisy.a(daisy_seed.o)
                0x0000000008001174                daisy::DaisySeed::SetAudioBlockSize(unsigned int)
 .text._ZNK5daisy9DaisySeed17AudioCallbackRateEv
                0x00000000080011ac        0x8 ../../../DaisyExamples/libDaisy/build/libdaisy.a(daisy_seed.o)
                0x00000000080011ac                daisy::DaisySeed::AudioCallbackRate() const
 .text._ZN5daisy9DaisySeed14ConfigureAudioEv
                0x00000000080011b4       0xd0 ../../../DaisyExamples/libDaisy/build/libdaisy.a(daisy_seed.o)
                0x00000000080011b4                daisy::DaisySeed::ConfigureAudio()
 .text._ZN5daisy9DaisySeed4InitEb
                0x0000000008001284       0xf0 ../../../DaisyExamples/libDaisy/build/libdaisy.a(daisy_seed.o)
                0x0000000008001284                daisy::DaisySeed::Init(bool)
 .text._ZN5daisy6Ak45564InitE12dsy_gpio_pin
                0x0000000008001374       0x44 ../../../DaisyExamples/libDaisy/build/libdaisy.a(codec_ak4556.o)
                0x0000000008001374                daisy::Ak4556::Init(dsy_gpio_pin)
 .text._ZN5daisy6Wm873120WriteControlRegisterEht
                0x00000000080013b8       0x3c ../../../DaisyExamples/libDaisy/build/libdaisy.a(codec_wm8731.o)
                0x00000000080013b8                daisy::Wm8731::WriteControlRegister(unsigned char, unsigned short)
 .text._ZN5daisy6Wm87314InitERKNS0_6ConfigENS_9I2CHandleE
                0x00000000080013f4      0x1bc ../../../DaisyExamples/libDaisy/build/libdaisy.a(codec_wm8731.o)
                0x00000000080013f4                daisy::Wm8731::Init(daisy::Wm8731::Config const&, daisy::I2CHandle)
 .text._ZN11SdramHandle10DeviceInitEv
                0x00000000080015b0       0x98 ../../../DaisyExamples/libDaisy/build/libdaisy.a(sdram.o)
                0x00000000080015b0                SdramHandle::DeviceInit()
 .text._ZN11SdramHandle4InitEv
                0x0000000008001648       0x7c ../../../DaisyExamples/libDaisy/build/libdaisy.a(sdram.o)
                0x0000000008001648                SdramHandle::Init()
 .text.HAL_SDRAM_MspInit
                0x00000000080016c4      0x1a8 ../../../DaisyExamples/libDaisy/build/libdaisy.a(sdram.o)
                0x00000000080016c4                HAL_SDRAM_MspInit
 .text._ZN5daisy11AudioHandle4Impl16InternalCallbackEPlS2_j
                0x000000000800186c      0xbbc ../../../DaisyExamples/libDaisy/build/libdaisy.a(audio.o)
                0x000000000800186c                daisy::AudioHandle::Impl::InternalCallback(long*, long*, unsigned int)
 .text._ZN5daisy11AudioHandle4InitERKNS0_6ConfigENS_9SaiHandleE
                0x0000000008002428       0x70 ../../../DaisyExamples/libDaisy/build/libdaisy.a(audio.o)
                0x0000000008002428                daisy::AudioHandle::Init(daisy::AudioHandle::Config const&, daisy::SaiHandle)
 .text._ZNK5daisy11AudioHandle9GetConfigEv
                0x0000000008002498        0x8 ../../../DaisyExamples/libDaisy/build/libdaisy.a(audio.o)
                0x0000000008002498                daisy::AudioHandle::GetConfig() const
 .text._ZN5daisy11AudioHandle12SetBlockSizeEj
                0x00000000080024a0       0x1c ../../../DaisyExamples/libDaisy/build/libdaisy.a(audio.o)
                0x00000000080024a0                daisy::AudioHandle::SetBlockSize(unsigned int)
 .text._ZN5daisy11AudioHandle13GetSampleRateEv
                0x00000000080024bc        0x8 ../../../DaisyExamples/libDaisy/build/libdaisy.a(audio.o)
                0x00000000080024bc                daisy::AudioHandle::GetSampleRate()
 .text._ZN5daisy11AudioHandle5StartEPFvPKfPfjE
                0x00000000080024c4       0x2c ../../../DaisyExamples/libDaisy/build/libdaisy.a(audio.o)
                0x00000000080024c4                daisy::AudioHandle::Start(void (*)(float const*, float*, unsigned int))
 .text.startup._GLOBAL__sub_I__ZN5daisy11AudioHandle4Impl4InitENS0_6ConfigENS_9SaiHandleE
                0x00000000080024f0       0x24 ../../../DaisyExamples/libDaisy/build/libdaisy.a(audio.o)
 .text._ZN5daisy13AnalogControl4InitEPtfbbf
                0x0000000008002514       0x64 ../../../DaisyExamples/libDaisy/build/libdaisy.a(ctrl.o)
                0x0000000008002514                daisy::AnalogControl::Init(unsigned short*, float, bool, bool, float)
 .text._ZN5daisy13AnalogControl7ProcessEv
                0x0000000008002578       0x48 ../../../DaisyExamples/libDaisy/build/libdaisy.a(ctrl.o)
                0x0000000008002578                daisy::AnalogControl::Process()
 .text._ZN5daisy13AnalogControl13SetSampleRateEf
                0x00000000080025c0       0x58 ../../../DaisyExamples/libDaisy/build/libdaisy.a(ctrl.o)
                0x00000000080025c0                daisy::AnalogControl::SetSampleRate(float)
 .text._ZN5daisy7Encoder4InitE12dsy_gpio_pinS1_S1_f
                0x0000000008002618       0x60 ../../../DaisyExamples/libDaisy/build/libdaisy.a(encoder.o)
                0x0000000008002618                daisy::Encoder::Init(dsy_gpio_pin, dsy_gpio_pin, dsy_gpio_pin, float)
 .text._ZN5daisy7Encoder8DebounceEv
                0x0000000008002678       0x7c ../../../DaisyExamples/libDaisy/build/libdaisy.a(encoder.o)
                0x0000000008002678                daisy::Encoder::Debounce()
 .text._ZN5daisy9Parameter4InitENS_13AnalogControlEffNS0_5CurveE
                0x00000000080026f4       0x60 ../../../DaisyExamples/libDaisy/build/libdaisy.a(parameter.o)
                0x00000000080026f4                daisy::Parameter::Init(daisy::AnalogControl, float, float, daisy::Parameter::Curve)
 .text._ZN5daisy9Parameter7ProcessEv
                0x0000000008002754       0xac ../../../DaisyExamples/libDaisy/build/libdaisy.a(parameter.o)
                0x0000000008002754                daisy::Parameter::Process()
 .text._ZN5daisy6RgbLed4InitE12dsy_gpio_pinS1_S1_b
                0x0000000008002800       0x50 ../../../DaisyExamples/libDaisy/build/libdaisy.a(rgb_led.o)
                0x0000000008002800                daisy::RgbLed::Init(dsy_gpio_pin, dsy_gpio_pin, dsy_gpio_pin, bool)
 .text._ZN5daisy6RgbLed8SetColorENS_5ColorE
                0x0000000008002850       0x2c ../../../DaisyExamples/libDaisy/build/libdaisy.a(rgb_led.o)
                0x0000000008002850                daisy::RgbLed::SetColor(daisy::Color)
 .text._ZN5daisy6RgbLed6UpdateEv
                0x000000000800287c       0x1c ../../../DaisyExamples/libDaisy/build/libdaisy.a(rgb_led.o)
                0x000000000800287c                daisy::RgbLed::Update()
 .text._ZN5daisy6Switch4InitE12dsy_gpio_pinf
                0x0000000008002898       0x34 ../../../DaisyExamples/libDaisy/build/libdaisy.a(switch.o)
                0x0000000008002898                daisy::Switch::Init(dsy_gpio_pin, float)
 .text._ZN5daisy6Switch8DebounceEv
                0x00000000080028cc       0x5c ../../../DaisyExamples/libDaisy/build/libdaisy.a(switch.o)
                0x00000000080028cc                daisy::Switch::Debounce()
 .text._ZN5daisy16AdcChannelConfig10InitSingleE12dsy_gpio_pin
                0x0000000008002928       0x1c ../../../DaisyExamples/libDaisy/build/libdaisy.a(adc.o)
                0x0000000008002928                daisy::AdcChannelConfig::InitSingle(dsy_gpio_pin)
 .text._ZN5daisy9AdcHandle4InitEPNS_16AdcChannelConfigEjNS0_12OverSamplingE
                0x0000000008002944      0x3c8 ../../../DaisyExamples/libDaisy/build/libdaisy.a(adc.o)
                0x0000000008002944                daisy::AdcHandle::Init(daisy::AdcChannelConfig*, unsigned int, daisy::AdcHandle::OverSampling)
 .text._ZN5daisy9AdcHandle5StartEv
                0x0000000008002d0c       0x2c ../../../DaisyExamples/libDaisy/build/libdaisy.a(adc.o)
                0x0000000008002d0c                daisy::AdcHandle::Start()
 .text._ZNK5daisy9AdcHandle6GetPtrEh
                0x0000000008002d38       0x14 ../../../DaisyExamples/libDaisy/build/libdaisy.a(adc.o)
                0x0000000008002d38                daisy::AdcHandle::GetPtr(unsigned char) const
 .text.HAL_ADC_MspInit
                0x0000000008002d4c       0x98 ../../../DaisyExamples/libDaisy/build/libdaisy.a(adc.o)
                0x0000000008002d4c                HAL_ADC_MspInit
 .text.DMA1_Stream2_IRQHandler
                0x0000000008002de4        0xc ../../../DaisyExamples/libDaisy/build/libdaisy.a(adc.o)
                0x0000000008002de4                DMA1_Stream2_IRQHandler
 .text.HAL_ADC_ConvCpltCallback
                0x0000000008002df0      0x148 ../../../DaisyExamples/libDaisy/build/libdaisy.a(adc.o)
                0x0000000008002df0                HAL_ADC_ConvCpltCallback
 .text.HAL_ADC_ErrorCallback
                0x0000000008002f38        0x4 ../../../DaisyExamples/libDaisy/build/libdaisy.a(adc.o)
                0x0000000008002f38                HAL_ADC_ErrorCallback
 .text.dsy_gpio_init
                0x0000000008002f3c      0x1b8 ../../../DaisyExamples/libDaisy/build/libdaisy.a(gpio.o)
                0x0000000008002f3c                dsy_gpio_init
 .text.dsy_gpio_read
                0x00000000080030f4       0x1c ../../../DaisyExamples/libDaisy/build/libdaisy.a(gpio.o)
                0x00000000080030f4                dsy_gpio_read
 .text.dsy_gpio_write
                0x0000000008003110       0x24 ../../../DaisyExamples/libDaisy/build/libdaisy.a(gpio.o)
                0x0000000008003110                dsy_gpio_write
 .text._ZN5daisy9I2CHandle4Impl8InitPinsEv
                0x0000000008003134       0x58 ../../../DaisyExamples/libDaisy/build/libdaisy.a(i2c.o)
                0x0000000008003134                daisy::I2CHandle::Impl::InitPins()
 .text.HAL_I2C_MspInit
                0x000000000800318c      0x1b4 ../../../DaisyExamples/libDaisy/build/libdaisy.a(i2c.o)
                0x000000000800318c                HAL_I2C_MspInit
 .text.dsy_i2c_global_init
                0x0000000008003340       0x78 ../../../DaisyExamples/libDaisy/build/libdaisy.a(i2c.o)
                0x0000000008003340                dsy_i2c_global_init
 .text.DMA1_Stream6_IRQHandler
                0x00000000080033b8       0x34 ../../../DaisyExamples/libDaisy/build/libdaisy.a(i2c.o)
                0x00000000080033b8                DMA1_Stream6_IRQHandler
 .text.I2C1_EV_IRQHandler
                0x00000000080033ec        0xc ../../../DaisyExamples/libDaisy/build/libdaisy.a(i2c.o)
                0x00000000080033ec                I2C1_EV_IRQHandler
 .text.I2C2_EV_IRQHandler
                0x00000000080033f8        0xc ../../../DaisyExamples/libDaisy/build/libdaisy.a(i2c.o)
                0x00000000080033f8                I2C2_EV_IRQHandler
 .text.I2C3_EV_IRQHandler
                0x0000000008003404        0xc ../../../DaisyExamples/libDaisy/build/libdaisy.a(i2c.o)
                0x0000000008003404                I2C3_EV_IRQHandler
 .text._ZN5daisy9I2CHandle4InitERKNS0_6ConfigE
                0x0000000008003410      0x12c ../../../DaisyExamples/libDaisy/build/libdaisy.a(i2c.o)
                0x0000000008003410                daisy::I2CHandle::Init(daisy::I2CHandle::Config const&)
 .text._ZN5daisy9I2CHandle16TransmitBlockingEtPhtm
                0x000000000800353c       0x50 ../../../DaisyExamples/libDaisy/build/libdaisy.a(i2c.o)
                0x000000000800353c                daisy::I2CHandle::TransmitBlocking(unsigned short, unsigned char*, unsigned short, unsigned long)
 .text.startup._GLOBAL__sub_I__ZN5daisy9I2CHandle4Impl10GlobalInitEv
                0x000000000800358c       0x18 ../../../DaisyExamples/libDaisy/build/libdaisy.a(i2c.o)
 .text._ZN5daisy10QSPIHandle4Impl11WriteEnableEv
                0x00000000080035a4       0x8c ../../../DaisyExamples/libDaisy/build/libdaisy.a(qspi.o)
                0x00000000080035a4                daisy::QSPIHandle::Impl::WriteEnable()
 .text._ZN5daisy10QSPIHandle4Impl17DummyCyclesConfigENS0_6Config6DeviceE
                0x0000000008003630      0x118 ../../../DaisyExamples/libDaisy/build/libdaisy.a(qspi.o)
                0x0000000008003630                daisy::QSPIHandle::Impl::DummyCyclesConfig(daisy::QSPIHandle::Config::Device)
 .text._ZN5daisy10QSPIHandle4Impl10QuadEnableEv
                0x0000000008003748      0x158 ../../../DaisyExamples/libDaisy/build/libdaisy.a(qspi.o)
                0x0000000008003748                daisy::QSPIHandle::Impl::QuadEnable()
 .text._ZN5daisy10QSPIHandle4InitERKNS0_6ConfigE
                0x00000000080038a0      0x198 ../../../DaisyExamples/libDaisy/build/libdaisy.a(qspi.o)
                0x00000000080038a0                daisy::QSPIHandle::Init(daisy::QSPIHandle::Config const&)
 .text.HAL_QSPI_MspInit
                0x0000000008003a38      0x11c ../../../DaisyExamples/libDaisy/build/libdaisy.a(qspi.o)
                0x0000000008003a38                HAL_QSPI_MspInit
 .text.HAL_QSPI_MspDeInit
                0x0000000008003b54       0x54 ../../../DaisyExamples/libDaisy/build/libdaisy.a(qspi.o)
                0x0000000008003b54                HAL_QSPI_MspDeInit
 .text.QUADSPI_IRQHandler
                0x0000000008003ba8        0xc ../../../DaisyExamples/libDaisy/build/libdaisy.a(qspi.o)
                0x0000000008003ba8                QUADSPI_IRQHandler
 .text.startup._GLOBAL__sub_I__ZN5daisy10QSPIHandle4Impl4InitERKNS0_6ConfigE
                0x0000000008003bb4       0x28 ../../../DaisyExamples/libDaisy/build/libdaisy.a(qspi.o)
 .text._ZN5daisy9SaiHandle4Impl7InitDmaENS1_15PeripheralBlockE
                0x0000000008003bdc       0xa0 ../../../DaisyExamples/libDaisy/build/libdaisy.a(sai.o)
                0x0000000008003bdc                daisy::SaiHandle::Impl::InitDma(daisy::SaiHandle::Impl::PeripheralBlock)
 .text._ZN5daisy9SaiHandle4Impl8InitPinsEv
                0x0000000008003c7c       0xa8 ../../../DaisyExamples/libDaisy/build/libdaisy.a(sai.o)
                0x0000000008003c7c                daisy::SaiHandle::Impl::InitPins()
 .text.HAL_SAI_MspInit
                0x0000000008003d24      0x164 ../../../DaisyExamples/libDaisy/build/libdaisy.a(sai.o)
                0x0000000008003d24                HAL_SAI_MspInit
 .text.DMA1_Stream0_IRQHandler
                0x0000000008003e88        0xc ../../../DaisyExamples/libDaisy/build/libdaisy.a(sai.o)
                0x0000000008003e88                DMA1_Stream0_IRQHandler
 .text.DMA1_Stream1_IRQHandler
                0x0000000008003e94        0xc ../../../DaisyExamples/libDaisy/build/libdaisy.a(sai.o)
                0x0000000008003e94                DMA1_Stream1_IRQHandler
 .text.DMA1_Stream3_IRQHandler
                0x0000000008003ea0        0xc ../../../DaisyExamples/libDaisy/build/libdaisy.a(sai.o)
                0x0000000008003ea0                DMA1_Stream3_IRQHandler
 .text.DMA1_Stream4_IRQHandler
                0x0000000008003eac        0xc ../../../DaisyExamples/libDaisy/build/libdaisy.a(sai.o)
                0x0000000008003eac                DMA1_Stream4_IRQHandler
 .text.HAL_SAI_RxHalfCpltCallback
                0x0000000008003eb8       0x78 ../../../DaisyExamples/libDaisy/build/libdaisy.a(sai.o)
                0x0000000008003eb8                HAL_SAI_RxHalfCpltCallback
 .text.HAL_SAI_RxCpltCallback
                0x0000000008003f30       0x70 ../../../DaisyExamples/libDaisy/build/libdaisy.a(sai.o)
                0x0000000008003f30                HAL_SAI_RxCpltCallback
 .text._ZN5daisy9SaiHandle4InitERKNS0_6ConfigE
                0x0000000008003fa0      0x1f0 ../../../DaisyExamples/libDaisy/build/libdaisy.a(sai.o)
                0x0000000008003fa0                daisy::SaiHandle::Init(daisy::SaiHandle::Config const&)
 .text._ZNK5daisy9SaiHandle9GetConfigEv
                0x0000000008004190        0x4 ../../../DaisyExamples/libDaisy/build/libdaisy.a(sai.o)
                0x0000000008004190                daisy::SaiHandle::GetConfig() const
 .text._ZN5daisy9SaiHandle8StartDmaEPlS1_jPFvS1_S1_jE
                0x0000000008004194       0xbc ../../../DaisyExamples/libDaisy/build/libdaisy.a(sai.o)
                0x0000000008004194                daisy::SaiHandle::StartDma(long*, long*, unsigned int, void (*)(long*, long*, unsigned int))
 .text._ZN5daisy9SaiHandle13GetSampleRateEv
                0x0000000008004250       0x24 ../../../DaisyExamples/libDaisy/build/libdaisy.a(sai.o)
                0x0000000008004250                daisy::SaiHandle::GetSampleRate()
 .text._ZNK5daisy9SaiHandle9GetOffsetEv
                0x0000000008004274        0x8 ../../../DaisyExamples/libDaisy/build/libdaisy.a(sai.o)
                0x0000000008004274                daisy::SaiHandle::GetOffset() const
 .text._ZN5daisy11UartHandler4Impl7InitDmaEbb
                0x000000000800427c      0x164 ../../../DaisyExamples/libDaisy/build/libdaisy.a(uart.o)
                0x000000000800427c                daisy::UartHandler::Impl::InitDma(bool, bool)
 .text._ZN5daisy11UartHandler4Impl10HandleFifoEv
                0x00000000080043e0       0xec ../../../DaisyExamples/libDaisy/build/libdaisy.a(uart.o)
                0x00000000080043e0                daisy::UartHandler::Impl::HandleFifo()
 .text._ZN5daisy11UartHandler4Impl10StartDmaTxEPhjPFvPvEPFvS3_NS0_6ResultEES3_
                0x00000000080044cc       0xcc ../../../DaisyExamples/libDaisy/build/libdaisy.a(uart.o)
                0x00000000080044cc                daisy::UartHandler::Impl::StartDmaTx(unsigned char*, unsigned int, void (*)(void*), void (*)(void*, daisy::UartHandler::Result), void*)
 .text._ZN5daisy11UartHandler4Impl10StartDmaRxEPhjPFvPvEPFvS3_NS0_6ResultEES3_
                0x0000000008004598       0xcc ../../../DaisyExamples/libDaisy/build/libdaisy.a(uart.o)
                0x0000000008004598                daisy::UartHandler::Impl::StartDmaRx(unsigned char*, unsigned int, void (*)(void*), void (*)(void*, daisy::UartHandler::Result), void*)
 .text._ZN5daisy11UartHandler4Impl19DmaTransferFinishedEP20__UART_HandleTypeDefNS0_6ResultE
                0x0000000008004664       0xc0 ../../../DaisyExamples/libDaisy/build/libdaisy.a(uart.o)
                0x0000000008004664                daisy::UartHandler::Impl::DmaTransferFinished(__UART_HandleTypeDef*, daisy::UartHandler::Result)
 .text._ZN5daisy11UartHandler4Impl8InitPinsEv
                0x0000000008004724      0x150 ../../../DaisyExamples/libDaisy/build/libdaisy.a(uart.o)
                0x0000000008004724                daisy::UartHandler::Impl::InitPins()
 .text.HAL_UART_MspInit
                0x0000000008004874      0x210 ../../../DaisyExamples/libDaisy/build/libdaisy.a(uart.o)
                0x0000000008004874                HAL_UART_MspInit
 .text.dsy_uart_global_init
                0x0000000008004a84      0x110 ../../../DaisyExamples/libDaisy/build/libdaisy.a(uart.o)
                0x0000000008004a84                dsy_uart_global_init
 .text.USART1_IRQHandler
                0x0000000008004b94       0x30 ../../../DaisyExamples/libDaisy/build/libdaisy.a(uart.o)
                0x0000000008004b94                USART1_IRQHandler
 .text.USART2_IRQHandler
                0x0000000008004bc4       0x34 ../../../DaisyExamples/libDaisy/build/libdaisy.a(uart.o)
                0x0000000008004bc4                USART2_IRQHandler
 .text.USART3_IRQHandler
                0x0000000008004bf8       0x34 ../../../DaisyExamples/libDaisy/build/libdaisy.a(uart.o)
                0x0000000008004bf8                USART3_IRQHandler
 .text.UART4_IRQHandler
                0x0000000008004c2c       0x34 ../../../DaisyExamples/libDaisy/build/libdaisy.a(uart.o)
                0x0000000008004c2c                UART4_IRQHandler
 .text.UART5_IRQHandler
                0x0000000008004c60       0x34 ../../../DaisyExamples/libDaisy/build/libdaisy.a(uart.o)
                0x0000000008004c60                UART5_IRQHandler
 .text.USART6_IRQHandler
                0x0000000008004c94       0x34 ../../../DaisyExamples/libDaisy/build/libdaisy.a(uart.o)
                0x0000000008004c94                USART6_IRQHandler
 .text.UART7_IRQHandler
                0x0000000008004cc8       0x30 ../../../DaisyExamples/libDaisy/build/libdaisy.a(uart.o)
                0x0000000008004cc8                UART7_IRQHandler
 .text.UART8_IRQHandler
                0x0000000008004cf8       0x34 ../../../DaisyExamples/libDaisy/build/libdaisy.a(uart.o)
                0x0000000008004cf8                UART8_IRQHandler
 .text.LPUART1_IRQHandler
                0x0000000008004d2c       0x34 ../../../DaisyExamples/libDaisy/build/libdaisy.a(uart.o)
                0x0000000008004d2c                LPUART1_IRQHandler
 .text.DMA1_Stream5_IRQHandler
                0x0000000008004d60       0x34 ../../../DaisyExamples/libDaisy/build/libdaisy.a(uart.o)
                0x0000000008004d60                DMA1_Stream5_IRQHandler
 .text.DMA2_Stream4_IRQHandler
                0x0000000008004d94       0x34 ../../../DaisyExamples/libDaisy/build/libdaisy.a(uart.o)
                0x0000000008004d94                DMA2_Stream4_IRQHandler
 .text.HAL_UART_TxCpltCallback
                0x0000000008004dc8        0x8 ../../../DaisyExamples/libDaisy/build/libdaisy.a(uart.o)
                0x0000000008004dc8                HAL_UART_TxCpltCallback
 .text.HAL_UART_RxCpltCallback
                0x0000000008004dd0        0x8 ../../../DaisyExamples/libDaisy/build/libdaisy.a(uart.o)
                0x0000000008004dd0                HAL_UART_RxCpltCallback
 .text.HAL_UART_ErrorCallback
                0x0000000008004dd8        0x8 ../../../DaisyExamples/libDaisy/build/libdaisy.a(uart.o)
                0x0000000008004dd8                HAL_UART_ErrorCallback
 .text._ZN5daisy11UartHandler4InitERKNS0_6ConfigE
                0x0000000008004de0       0xec ../../../DaisyExamples/libDaisy/build/libdaisy.a(uart.o)
                0x0000000008004de0                daisy::UartHandler::Init(daisy::UartHandler::Config const&)
 .text.startup._GLOBAL__sub_I__Z19MapInstanceToHandleP13USART_TypeDef
                0x0000000008004ecc      0x190 ../../../DaisyExamples/libDaisy/build/libdaisy.a(uart.o)
 .text._ZN5daisy11TimerHandleD2Ev
                0x000000000800505c        0x4 ../../../DaisyExamples/libDaisy/build/libdaisy.a(system.o)
                0x000000000800505c                daisy::TimerHandle::~TimerHandle()
                0x000000000800505c                daisy::TimerHandle::~TimerHandle()
 .text.SysTick_Handler
                0x0000000008005060       0x10 ../../../DaisyExamples/libDaisy/build/libdaisy.a(system.o)
                0x0000000008005060                SysTick_Handler
 .text.OTG_HS_EP1_OUT_IRQHandler
                0x0000000008005070       0x24 ../../../DaisyExamples/libDaisy/build/libdaisy.a(system.o)
                0x0000000008005070                OTG_HS_EP1_OUT_IRQHandler
 .text.OTG_HS_EP1_IN_IRQHandler
                0x0000000008005094       0x24 ../../../DaisyExamples/libDaisy/build/libdaisy.a(system.o)
                0x0000000008005094                OTG_HS_EP1_IN_IRQHandler
 .text.OTG_HS_IRQHandler
                0x00000000080050b8       0x24 ../../../DaisyExamples/libDaisy/build/libdaisy.a(system.o)
                0x00000000080050b8                OTG_HS_IRQHandler
 .text.HardFault_Handler
                0x00000000080050dc       0xe0 ../../../DaisyExamples/libDaisy/build/libdaisy.a(system.o)
                0x00000000080050dc                HardFault_Handler
 .text._ZN5daisy6System6GetNowEv
                0x00000000080051bc        0x4 ../../../DaisyExamples/libDaisy/build/libdaisy.a(system.o)
                0x00000000080051bc                daisy::System::GetNow()
 .text._ZN5daisy6System5DelayEm
                0x00000000080051c0        0x4 ../../../DaisyExamples/libDaisy/build/libdaisy.a(system.o)
                0x00000000080051c0                daisy::System::Delay(unsigned long)
 .text._ZN5daisy6System15ConfigureClocksEv
                0x00000000080051c4      0x194 ../../../DaisyExamples/libDaisy/build/libdaisy.a(system.o)
                0x00000000080051c4                daisy::System::ConfigureClocks()
 .text._ZN5daisy6System4InitERKNS0_6ConfigE
                0x0000000008005358      0x140 ../../../DaisyExamples/libDaisy/build/libdaisy.a(system.o)
                0x0000000008005358                daisy::System::Init(daisy::System::Config const&)
 .text._ZN5daisy6System12GetPClk1FreqEv
                0x0000000008005498        0x4 ../../../DaisyExamples/libDaisy/build/libdaisy.a(system.o)
                0x0000000008005498                daisy::System::GetPClk1Freq()
 .text._ZN5daisy6System22GetProgramMemoryRegionEv
                0x000000000800549c       0x78 ../../../DaisyExamples/libDaisy/build/libdaisy.a(system.o)
                0x000000000800549c                daisy::System::GetProgramMemoryRegion()
 .text.startup._GLOBAL__sub_I_SysTick_Handler
                0x0000000008005514       0x1c ../../../DaisyExamples/libDaisy/build/libdaisy.a(system.o)
 .text.SystemInit
                0x0000000008005530       0x9c ../../../DaisyExamples/libDaisy/build/libdaisy.a(system_stm32h7xx.o)
                0x0000000008005530                SystemInit
 .text.HAL_PCD_SetupStageCallback
                0x00000000080055cc        0xc ../../../DaisyExamples/libDaisy/build/libdaisy.a(usbd_conf.o)
                0x00000000080055cc                HAL_PCD_SetupStageCallback
 .text.HAL_PCD_DataOutStageCallback
                0x00000000080055d8       0x14 ../../../DaisyExamples/libDaisy/build/libdaisy.a(usbd_conf.o)
                0x00000000080055d8                HAL_PCD_DataOutStageCallback
 .text.HAL_PCD_DataInStageCallback
                0x00000000080055ec       0x14 ../../../DaisyExamples/libDaisy/build/libdaisy.a(usbd_conf.o)
                0x00000000080055ec                HAL_PCD_DataInStageCallback
 .text.HAL_PCD_SOFCallback
                0x0000000008005600        0x8 ../../../DaisyExamples/libDaisy/build/libdaisy.a(usbd_conf.o)
                0x0000000008005600                HAL_PCD_SOFCallback
 .text.HAL_PCD_ResetCallback
                0x0000000008005608       0x24 ../../../DaisyExamples/libDaisy/build/libdaisy.a(usbd_conf.o)
                0x0000000008005608                HAL_PCD_ResetCallback
 .text.HAL_PCD_SuspendCallback
                0x000000000800562c       0x30 ../../../DaisyExamples/libDaisy/build/libdaisy.a(usbd_conf.o)
                0x000000000800562c                HAL_PCD_SuspendCallback
 .text.HAL_PCD_ResumeCallback
                0x000000000800565c        0x8 ../../../DaisyExamples/libDaisy/build/libdaisy.a(usbd_conf.o)
                0x000000000800565c                HAL_PCD_ResumeCallback
 .text.HAL_PCD_ISOOUTIncompleteCallback
                0x0000000008005664        0x8 ../../../DaisyExamples/libDaisy/build/libdaisy.a(usbd_conf.o)
                0x0000000008005664                HAL_PCD_ISOOUTIncompleteCallback
 .text.HAL_PCD_ISOINIncompleteCallback
                0x000000000800566c        0x8 ../../../DaisyExamples/libDaisy/build/libdaisy.a(usbd_conf.o)
                0x000000000800566c                HAL_PCD_ISOINIncompleteCallback
 .text.HAL_PCD_ConnectCallback
                0x0000000008005674        0x8 ../../../DaisyExamples/libDaisy/build/libdaisy.a(usbd_conf.o)
                0x0000000008005674                HAL_PCD_ConnectCallback
 .text.HAL_PCD_DisconnectCallback
                0x000000000800567c        0x8 ../../../DaisyExamples/libDaisy/build/libdaisy.a(usbd_conf.o)
                0x000000000800567c                HAL_PCD_DisconnectCallback
 .text.USBD_LL_OpenEP
                0x0000000008005684       0x24 ../../../DaisyExamples/libDaisy/build/libdaisy.a(usbd_conf.o)
                0x0000000008005684                USBD_LL_OpenEP
 .text.USBD_LL_StallEP
                0x00000000080056a8       0x1c ../../../DaisyExamples/libDaisy/build/libdaisy.a(usbd_conf.o)
                0x00000000080056a8                USBD_LL_StallEP
 .text.USBD_LL_ClearStallEP
                0x00000000080056c4       0x1c ../../../DaisyExamples/libDaisy/build/libdaisy.a(usbd_conf.o)
                0x00000000080056c4                USBD_LL_ClearStallEP
 .text.USBD_LL_IsStallEP
                0x00000000080056e0       0x28 ../../../DaisyExamples/libDaisy/build/libdaisy.a(usbd_conf.o)
                0x00000000080056e0                USBD_LL_IsStallEP
 .text.USBD_LL_SetUSBAddress
                0x0000000008005708       0x1c ../../../DaisyExamples/libDaisy/build/libdaisy.a(usbd_conf.o)
                0x0000000008005708                USBD_LL_SetUSBAddress
 .text.USBD_LL_Transmit
                0x0000000008005724       0x1c ../../../DaisyExamples/libDaisy/build/libdaisy.a(usbd_conf.o)
                0x0000000008005724                USBD_LL_Transmit
 .text.USBD_LL_PrepareReceive
                0x0000000008005740       0x1c ../../../DaisyExamples/libDaisy/build/libdaisy.a(usbd_conf.o)
                0x0000000008005740                USBD_LL_PrepareReceive
 .text.HAL_HCD_SOF_Callback
                0x000000000800575c        0x8 ../../../DaisyExamples/libDaisy/build/libdaisy.a(usbh_conf.o)
                0x000000000800575c                HAL_HCD_SOF_Callback
 .text.HAL_HCD_Connect_Callback
                0x0000000008005764        0x8 ../../../DaisyExamples/libDaisy/build/libdaisy.a(usbh_conf.o)
                0x0000000008005764                HAL_HCD_Connect_Callback
 .text.HAL_HCD_Disconnect_Callback
                0x000000000800576c        0x8 ../../../DaisyExamples/libDaisy/build/libdaisy.a(usbh_conf.o)
                0x000000000800576c                HAL_HCD_Disconnect_Callback
 .text.HAL_HCD_HC_NotifyURBChange_Callback
                0x0000000008005774        0x4 ../../../DaisyExamples/libDaisy/build/libdaisy.a(usbh_conf.o)
                0x0000000008005774                HAL_HCD_HC_NotifyURBChange_Callback
 .text.HAL_HCD_PortEnabled_Callback
                0x0000000008005778        0x8 ../../../DaisyExamples/libDaisy/build/libdaisy.a(usbh_conf.o)
                0x0000000008005778                HAL_HCD_PortEnabled_Callback
 .text.HAL_HCD_PortDisabled_Callback
                0x0000000008005780        0x8 ../../../DaisyExamples/libDaisy/build/libdaisy.a(usbh_conf.o)
                0x0000000008005780                HAL_HCD_PortDisabled_Callback
 .text.USBH_LL_Stop
                0x0000000008005788       0x1c ../../../DaisyExamples/libDaisy/build/libdaisy.a(usbh_conf.o)
                0x0000000008005788                USBH_LL_Stop
 .text._ZN5daisy5Color4InitENS0_11PresetColorE
                0x00000000080057a4       0x20 ../../../DaisyExamples/libDaisy/build/libdaisy.a(color.o)
                0x00000000080057a4                daisy::Color::Init(daisy::Color::PresetColor)
 .text._ZN5daisy5Color4InitEfff
                0x00000000080057c4       0x10 ../../../DaisyExamples/libDaisy/build/libdaisy.a(color.o)
                0x00000000080057c4                daisy::Color::Init(float, float, float)
 .text.dsy_hal_map_get_port
                0x00000000080057d4       0x10 ../../../DaisyExamples/libDaisy/build/libdaisy.a(hal_map.o)
                0x00000000080057d4                dsy_hal_map_get_port
 .text.dsy_hal_map_get_pin
                0x00000000080057e4       0x10 ../../../DaisyExamples/libDaisy/build/libdaisy.a(hal_map.o)
                0x00000000080057e4                dsy_hal_map_get_pin
 .text.dsy_hal_map_gpio_clk_enable
                0x00000000080057f4      0x150 ../../../DaisyExamples/libDaisy/build/libdaisy.a(hal_map.o)
                0x00000000080057f4                dsy_hal_map_gpio_clk_enable
 .text.HAL_MspInit
                0x0000000008005944        0x4 ../../../DaisyExamples/libDaisy/build/libdaisy.a(stm32h7xx_hal.o)
                0x0000000008005944                HAL_MspInit
 .text.HAL_InitTick
                0x0000000008005948       0x4c ../../../DaisyExamples/libDaisy/build/libdaisy.a(stm32h7xx_hal.o)
                0x0000000008005948                HAL_InitTick
 .text.HAL_Init
                0x0000000008005994       0x60 ../../../DaisyExamples/libDaisy/build/libdaisy.a(stm32h7xx_hal.o)
                0x0000000008005994                HAL_Init
 .text.HAL_IncTick
                0x00000000080059f4       0x18 ../../../DaisyExamples/libDaisy/build/libdaisy.a(stm32h7xx_hal.o)
                0x00000000080059f4                HAL_IncTick
 .text.HAL_GetTick
                0x0000000008005a0c        0xc ../../../DaisyExamples/libDaisy/build/libdaisy.a(stm32h7xx_hal.o)
                0x0000000008005a0c                HAL_GetTick
 .text.HAL_Delay
                0x0000000008005a18       0x24 ../../../DaisyExamples/libDaisy/build/libdaisy.a(stm32h7xx_hal.o)
                0x0000000008005a18                HAL_Delay
 .text.HAL_GetREVID
                0x0000000008005a3c        0xc ../../../DaisyExamples/libDaisy/build/libdaisy.a(stm32h7xx_hal.o)
                0x0000000008005a3c                HAL_GetREVID
 .text.HAL_ADC_ConvHalfCpltCallback
                0x0000000008005a48        0x4 ../../../DaisyExamples/libDaisy/build/libdaisy.a(stm32h7xx_hal_adc.o)
                0x0000000008005a48                HAL_ADC_ConvHalfCpltCallback
 .text.ADC_DMAHalfConvCplt
                0x0000000008005a4c        0xc ../../../DaisyExamples/libDaisy/build/libdaisy.a(stm32h7xx_hal_adc.o)
                0x0000000008005a4c                ADC_DMAHalfConvCplt
 .text.ADC_DMAConvCplt
                0x0000000008005a58       0x6c ../../../DaisyExamples/libDaisy/build/libdaisy.a(stm32h7xx_hal_adc.o)
                0x0000000008005a58                ADC_DMAConvCplt
 .text.ADC_DMAError
                0x0000000008005ac4       0x1c ../../../DaisyExamples/libDaisy/build/libdaisy.a(stm32h7xx_hal_adc.o)
                0x0000000008005ac4                ADC_DMAError
 .text.HAL_ADC_ConfigChannel
                0x0000000008005ae0      0x3fc ../../../DaisyExamples/libDaisy/build/libdaisy.a(stm32h7xx_hal_adc.o)
                0x0000000008005ae0                HAL_ADC_ConfigChannel
 .text.ADC_Enable
                0x0000000008005edc       0xac ../../../DaisyExamples/libDaisy/build/libdaisy.a(stm32h7xx_hal_adc.o)
                0x0000000008005edc                ADC_Enable
 .text.HAL_ADC_Start_DMA
                0x0000000008005f88      0x114 ../../../DaisyExamples/libDaisy/build/libdaisy.a(stm32h7xx_hal_adc.o)
                0x0000000008005f88                HAL_ADC_Start_DMA
 .text.ADC_Disable
                0x000000000800609c       0x68 ../../../DaisyExamples/libDaisy/build/libdaisy.a(stm32h7xx_hal_adc.o)
                0x000000000800609c                ADC_Disable
 .text.ADC_ConfigureBoostMode
                0x0000000008006104      0x184 ../../../DaisyExamples/libDaisy/build/libdaisy.a(stm32h7xx_hal_adc.o)
                0x0000000008006104                ADC_ConfigureBoostMode
 .text.HAL_ADC_Init
                0x0000000008006288      0x218 ../../../DaisyExamples/libDaisy/build/libdaisy.a(stm32h7xx_hal_adc.o)
                0x0000000008006288                HAL_ADC_Init
 .text.HAL_ADCEx_Calibration_Start
                0x00000000080064a0       0xa4 ../../../DaisyExamples/libDaisy/build/libdaisy.a(stm32h7xx_hal_adc_ex.o)
                0x00000000080064a0                HAL_ADCEx_Calibration_Start
 .text.HAL_ADCEx_MultiModeConfigChannel
                0x0000000008006544       0xc4 ../../../DaisyExamples/libDaisy/build/libdaisy.a(stm32h7xx_hal_adc_ex.o)
                0x0000000008006544                HAL_ADCEx_MultiModeConfigChannel
 .text.HAL_NVIC_SetPriorityGrouping
                0x0000000008006608       0x24 ../../../DaisyExamples/libDaisy/build/libdaisy.a(stm32h7xx_hal_cortex.o)
                0x0000000008006608                HAL_NVIC_SetPriorityGrouping
 .text.HAL_NVIC_SetPriority
                0x000000000800662c       0x7c ../../../DaisyExamples/libDaisy/build/libdaisy.a(stm32h7xx_hal_cortex.o)
                0x000000000800662c                HAL_NVIC_SetPriority
 .text.HAL_NVIC_EnableIRQ
                0x00000000080066a8       0x1c ../../../DaisyExamples/libDaisy/build/libdaisy.a(stm32h7xx_hal_cortex.o)
                0x00000000080066a8                HAL_NVIC_EnableIRQ
 .text.HAL_NVIC_DisableIRQ
                0x00000000080066c4       0x28 ../../../DaisyExamples/libDaisy/build/libdaisy.a(stm32h7xx_hal_cortex.o)
                0x00000000080066c4                HAL_NVIC_DisableIRQ
 .text.HAL_SYSTICK_Config
                0x00000000080066ec       0x2c ../../../DaisyExamples/libDaisy/build/libdaisy.a(stm32h7xx_hal_cortex.o)
                0x00000000080066ec                HAL_SYSTICK_Config
 .text.HAL_MPU_Disable
                0x0000000008006718       0x1c ../../../DaisyExamples/libDaisy/build/libdaisy.a(stm32h7xx_hal_cortex.o)
                0x0000000008006718                HAL_MPU_Disable
 .text.HAL_MPU_Enable
                0x0000000008006734       0x20 ../../../DaisyExamples/libDaisy/build/libdaisy.a(stm32h7xx_hal_cortex.o)
                0x0000000008006734                HAL_MPU_Enable
 .text.HAL_MPU_ConfigRegion
                0x0000000008006754       0x64 ../../../DaisyExamples/libDaisy/build/libdaisy.a(stm32h7xx_hal_cortex.o)
                0x0000000008006754                HAL_MPU_ConfigRegion
 .text.HAL_SYSTICK_Callback
                0x00000000080067b8        0x4 ../../../DaisyExamples/libDaisy/build/libdaisy.a(stm32h7xx_hal_cortex.o)
                0x00000000080067b8                HAL_SYSTICK_Callback
 .text.HAL_SYSTICK_IRQHandler
                0x00000000080067bc        0x8 ../../../DaisyExamples/libDaisy/build/libdaisy.a(stm32h7xx_hal_cortex.o)
                0x00000000080067bc                HAL_SYSTICK_IRQHandler
 .text.DMA_CalcBaseAndBitshift
                0x00000000080067c4       0xf4 ../../../DaisyExamples/libDaisy/build/libdaisy.a(stm32h7xx_hal_dma.o)
 .text.DMA_CalcDMAMUXChannelBaseAndMask
                0x00000000080068b8       0xd8 ../../../DaisyExamples/libDaisy/build/libdaisy.a(stm32h7xx_hal_dma.o)
 .text.HAL_DMA_Init
                0x0000000008006990      0x37c ../../../DaisyExamples/libDaisy/build/libdaisy.a(stm32h7xx_hal_dma.o)
                0x0000000008006990                HAL_DMA_Init
 .text.HAL_DMA_Start_IT
                0x0000000008006d0c      0x240 ../../../DaisyExamples/libDaisy/build/libdaisy.a(stm32h7xx_hal_dma.o)
                0x0000000008006d0c                HAL_DMA_Start_IT
 .text.HAL_DMA_Abort_IT
                0x0000000008006f4c      0x134 ../../../DaisyExamples/libDaisy/build/libdaisy.a(stm32h7xx_hal_dma.o)
                0x0000000008006f4c                HAL_DMA_Abort_IT
 .text.HAL_DMA_IRQHandler
                0x0000000008007080      0x6a0 ../../../DaisyExamples/libDaisy/build/libdaisy.a(stm32h7xx_hal_dma.o)
                0x0000000008007080                HAL_DMA_IRQHandler
 .text.HAL_DMA_GetError
                0x0000000008007720        0x4 ../../../DaisyExamples/libDaisy/build/libdaisy.a(stm32h7xx_hal_dma.o)
                0x0000000008007720                HAL_DMA_GetError
 .text.HAL_GPIO_Init
                0x0000000008007724      0x280 ../../../DaisyExamples/libDaisy/build/libdaisy.a(stm32h7xx_hal_gpio.o)
                0x0000000008007724                HAL_GPIO_Init
 .text.HAL_GPIO_DeInit
                0x00000000080079a4      0x190 ../../../DaisyExamples/libDaisy/build/libdaisy.a(stm32h7xx_hal_gpio.o)
                0x00000000080079a4                HAL_GPIO_DeInit
 .text.HAL_GPIO_ReadPin
                0x0000000008007b34        0xc ../../../DaisyExamples/libDaisy/build/libdaisy.a(stm32h7xx_hal_gpio.o)
                0x0000000008007b34                HAL_GPIO_ReadPin
 .text.HAL_GPIO_WritePin
                0x0000000008007b40        0x8 ../../../DaisyExamples/libDaisy/build/libdaisy.a(stm32h7xx_hal_gpio.o)
                0x0000000008007b40                HAL_GPIO_WritePin
 .text.HAL_HCD_IRQHandler
                0x0000000008007b48      0x780 ../../../DaisyExamples/libDaisy/build/libdaisy.a(stm32h7xx_hal_hcd.o)
                0x0000000008007b48                HAL_HCD_IRQHandler
 .text.HAL_HCD_Stop
                0x00000000080082c8       0x28 ../../../DaisyExamples/libDaisy/build/libdaisy.a(stm32h7xx_hal_hcd.o)
                0x00000000080082c8                HAL_HCD_Stop
 .text.I2C_WaitOnTXISFlagUntilTimeout
                0x00000000080082f0       0xb8 ../../../DaisyExamples/libDaisy/build/libdaisy.a(stm32h7xx_hal_i2c.o)
 .text.I2C_WaitOnSTOPFlagUntilTimeout
                0x00000000080083a8       0xac ../../../DaisyExamples/libDaisy/build/libdaisy.a(stm32h7xx_hal_i2c.o)
 .text.HAL_I2C_Init
                0x0000000008008454       0xac ../../../DaisyExamples/libDaisy/build/libdaisy.a(stm32h7xx_hal_i2c.o)
                0x0000000008008454                HAL_I2C_Init
 .text.HAL_I2C_Master_Transmit
                0x0000000008008500      0x1a8 ../../../DaisyExamples/libDaisy/build/libdaisy.a(stm32h7xx_hal_i2c.o)
                0x0000000008008500                HAL_I2C_Master_Transmit
 .text.HAL_I2C_Slave_Transmit
                0x00000000080086a8      0x1c8 ../../../DaisyExamples/libDaisy/build/libdaisy.a(stm32h7xx_hal_i2c.o)
                0x00000000080086a8                HAL_I2C_Slave_Transmit
 .text.HAL_I2C_EV_IRQHandler
                0x0000000008008870       0x10 ../../../DaisyExamples/libDaisy/build/libdaisy.a(stm32h7xx_hal_i2c.o)
                0x0000000008008870                HAL_I2C_EV_IRQHandler
 .text.HAL_I2C_GetState
                0x0000000008008880        0x8 ../../../DaisyExamples/libDaisy/build/libdaisy.a(stm32h7xx_hal_i2c.o)
                0x0000000008008880                HAL_I2C_GetState
 .text.HAL_I2CEx_ConfigAnalogFilter
                0x0000000008008888       0x54 ../../../DaisyExamples/libDaisy/build/libdaisy.a(stm32h7xx_hal_i2c_ex.o)
                0x0000000008008888                HAL_I2CEx_ConfigAnalogFilter
 .text.HAL_I2CEx_ConfigDigitalFilter
                0x00000000080088dc       0x58 ../../../DaisyExamples/libDaisy/build/libdaisy.a(stm32h7xx_hal_i2c_ex.o)
                0x00000000080088dc                HAL_I2CEx_ConfigDigitalFilter
 .text.HAL_PCD_IRQHandler
                0x0000000008008934      0x69c ../../../DaisyExamples/libDaisy/build/libdaisy.a(stm32h7xx_hal_pcd.o)
                0x0000000008008934                HAL_PCD_IRQHandler
 .text.HAL_PCD_SetAddress
                0x0000000008008fd0       0x2c ../../../DaisyExamples/libDaisy/build/libdaisy.a(stm32h7xx_hal_pcd.o)
                0x0000000008008fd0                HAL_PCD_SetAddress
 .text.HAL_PCD_EP_Open
                0x0000000008008ffc       0x7c ../../../DaisyExamples/libDaisy/build/libdaisy.a(stm32h7xx_hal_pcd.o)
                0x0000000008008ffc                HAL_PCD_EP_Open
 .text.HAL_PCD_EP_Receive
                0x0000000008009078       0x50 ../../../DaisyExamples/libDaisy/build/libdaisy.a(stm32h7xx_hal_pcd.o)
                0x0000000008009078                HAL_PCD_EP_Receive
 .text.HAL_PCD_EP_Transmit
                0x00000000080090c8       0x50 ../../../DaisyExamples/libDaisy/build/libdaisy.a(stm32h7xx_hal_pcd.o)
                0x00000000080090c8                HAL_PCD_EP_Transmit
 .text.HAL_PCD_EP_SetStall
                0x0000000008009118       0x88 ../../../DaisyExamples/libDaisy/build/libdaisy.a(stm32h7xx_hal_pcd.o)
                0x0000000008009118                HAL_PCD_EP_SetStall
 .text.HAL_PCD_EP_ClrStall
                0x00000000080091a0       0x78 ../../../DaisyExamples/libDaisy/build/libdaisy.a(stm32h7xx_hal_pcd.o)
                0x00000000080091a0                HAL_PCD_EP_ClrStall
 .text.HAL_PCDEx_LPM_Callback
                0x0000000008009218        0x4 ../../../DaisyExamples/libDaisy/build/libdaisy.a(stm32h7xx_hal_pcd_ex.o)
                0x0000000008009218                HAL_PCDEx_LPM_Callback
 .text.HAL_PWREx_ConfigSupply
                0x000000000800921c       0x4c ../../../DaisyExamples/libDaisy/build/libdaisy.a(stm32h7xx_hal_pwr_ex.o)
                0x000000000800921c                HAL_PWREx_ConfigSupply
 .text.HAL_PWREx_EnableUSBVoltageDetector
                0x0000000008009268       0x10 ../../../DaisyExamples/libDaisy/build/libdaisy.a(stm32h7xx_hal_pwr_ex.o)
                0x0000000008009268                HAL_PWREx_EnableUSBVoltageDetector
 .text.QSPI_Config
                0x0000000008009278      0x174 ../../../DaisyExamples/libDaisy/build/libdaisy.a(stm32h7xx_hal_qspi.o)
 .text.HAL_QSPI_Init
                0x00000000080093ec       0xd8 ../../../DaisyExamples/libDaisy/build/libdaisy.a(stm32h7xx_hal_qspi.o)
                0x00000000080093ec                HAL_QSPI_Init
 .text.HAL_QSPI_DeInit
                0x00000000080094c4       0x3c ../../../DaisyExamples/libDaisy/build/libdaisy.a(stm32h7xx_hal_qspi.o)
                0x00000000080094c4                HAL_QSPI_DeInit
 .text.HAL_QSPI_Command
                0x0000000008009500       0xd4 ../../../DaisyExamples/libDaisy/build/libdaisy.a(stm32h7xx_hal_qspi.o)
                0x0000000008009500                HAL_QSPI_Command
 .text.HAL_QSPI_Transmit
                0x00000000080095d4       0xfc ../../../DaisyExamples/libDaisy/build/libdaisy.a(stm32h7xx_hal_qspi.o)
                0x00000000080095d4                HAL_QSPI_Transmit
 .text.HAL_QSPI_Receive
                0x00000000080096d0      0x108 ../../../DaisyExamples/libDaisy/build/libdaisy.a(stm32h7xx_hal_qspi.o)
                0x00000000080096d0                HAL_QSPI_Receive
 .text.HAL_QSPI_AutoPolling
                0x00000000080097d8       0xf0 ../../../DaisyExamples/libDaisy/build/libdaisy.a(stm32h7xx_hal_qspi.o)
                0x00000000080097d8                HAL_QSPI_AutoPolling
 .text.HAL_QSPI_MemoryMapped
                0x00000000080098c8       0xc0 ../../../DaisyExamples/libDaisy/build/libdaisy.a(stm32h7xx_hal_qspi.o)
                0x00000000080098c8                HAL_QSPI_MemoryMapped
 .text.HAL_QSPI_ErrorCallback
                0x0000000008009988        0x4 ../../../DaisyExamples/libDaisy/build/libdaisy.a(stm32h7xx_hal_qspi.o)
                0x0000000008009988                HAL_QSPI_ErrorCallback
 .text.QSPI_DMAAbortCplt
                0x000000000800998c       0x38 ../../../DaisyExamples/libDaisy/build/libdaisy.a(stm32h7xx_hal_qspi.o)
 .text.HAL_QSPI_AbortCpltCallback
                0x00000000080099c4        0x4 ../../../DaisyExamples/libDaisy/build/libdaisy.a(stm32h7xx_hal_qspi.o)
                0x00000000080099c4                HAL_QSPI_AbortCpltCallback
 .text.HAL_QSPI_CmdCpltCallback
                0x00000000080099c8        0x4 ../../../DaisyExamples/libDaisy/build/libdaisy.a(stm32h7xx_hal_qspi.o)
                0x00000000080099c8                HAL_QSPI_CmdCpltCallback
 .text.HAL_QSPI_RxCpltCallback
                0x00000000080099cc        0x4 ../../../DaisyExamples/libDaisy/build/libdaisy.a(stm32h7xx_hal_qspi.o)
                0x00000000080099cc                HAL_QSPI_RxCpltCallback
 .text.HAL_QSPI_TxCpltCallback
                0x00000000080099d0        0x4 ../../../DaisyExamples/libDaisy/build/libdaisy.a(stm32h7xx_hal_qspi.o)
                0x00000000080099d0                HAL_QSPI_TxCpltCallback
 .text.HAL_QSPI_FifoThresholdCallback
                0x00000000080099d4        0x4 ../../../DaisyExamples/libDaisy/build/libdaisy.a(stm32h7xx_hal_qspi.o)
                0x00000000080099d4                HAL_QSPI_FifoThresholdCallback
 .text.HAL_QSPI_StatusMatchCallback
                0x00000000080099d8        0x4 ../../../DaisyExamples/libDaisy/build/libdaisy.a(stm32h7xx_hal_qspi.o)
                0x00000000080099d8                HAL_QSPI_StatusMatchCallback
 .text.HAL_QSPI_TimeOutCallback
                0x00000000080099dc        0x4 ../../../DaisyExamples/libDaisy/build/libdaisy.a(stm32h7xx_hal_qspi.o)
                0x00000000080099dc                HAL_QSPI_TimeOutCallback
 .text.HAL_QSPI_IRQHandler
                0x00000000080099e0      0x210 ../../../DaisyExamples/libDaisy/build/libdaisy.a(stm32h7xx_hal_qspi.o)
                0x00000000080099e0                HAL_QSPI_IRQHandler
 .text.HAL_RCC_OscConfig
                0x0000000008009bf0      0x51c ../../../DaisyExamples/libDaisy/build/libdaisy.a(stm32h7xx_hal_rcc.o)
                0x0000000008009bf0                HAL_RCC_OscConfig
 .text.HAL_RCC_GetSysClockFreq
                0x000000000800a10c      0x140 ../../../DaisyExamples/libDaisy/build/libdaisy.a(stm32h7xx_hal_rcc.o)
                0x000000000800a10c                HAL_RCC_GetSysClockFreq
 .text.HAL_RCC_ClockConfig
                0x000000000800a24c      0x234 ../../../DaisyExamples/libDaisy/build/libdaisy.a(stm32h7xx_hal_rcc.o)
                0x000000000800a24c                HAL_RCC_ClockConfig
 .text.HAL_RCC_GetHCLKFreq
                0x000000000800a480       0x2c ../../../DaisyExamples/libDaisy/build/libdaisy.a(stm32h7xx_hal_rcc.o)
                0x000000000800a480                HAL_RCC_GetHCLKFreq
 .text.HAL_RCC_GetPCLK1Freq
                0x000000000800a4ac       0x38 ../../../DaisyExamples/libDaisy/build/libdaisy.a(stm32h7xx_hal_rcc.o)
                0x000000000800a4ac                HAL_RCC_GetPCLK1Freq
 .text.HAL_RCC_GetPCLK2Freq
                0x000000000800a4e4       0x38 ../../../DaisyExamples/libDaisy/build/libdaisy.a(stm32h7xx_hal_rcc.o)
                0x000000000800a4e4                HAL_RCC_GetPCLK2Freq
 .text.RCCEx_PLL2_Config
                0x000000000800a51c       0xf4 ../../../DaisyExamples/libDaisy/build/libdaisy.a(stm32h7xx_hal_rcc_ex.o)
 .text.RCCEx_PLL3_Config
                0x000000000800a610       0xf4 ../../../DaisyExamples/libDaisy/build/libdaisy.a(stm32h7xx_hal_rcc_ex.o)
 .text.HAL_RCCEx_PeriphCLKConfig
                0x000000000800a704      0xa7c ../../../DaisyExamples/libDaisy/build/libdaisy.a(stm32h7xx_hal_rcc_ex.o)
                0x000000000800a704                HAL_RCCEx_PeriphCLKConfig
 .text.HAL_RCCEx_GetD3PCLK1Freq
                0x000000000800b180       0x24 ../../../DaisyExamples/libDaisy/build/libdaisy.a(stm32h7xx_hal_rcc_ex.o)
                0x000000000800b180                HAL_RCCEx_GetD3PCLK1Freq
 .text.HAL_RCCEx_GetPLL2ClockFreq
                0x000000000800b1a4      0x17c ../../../DaisyExamples/libDaisy/build/libdaisy.a(stm32h7xx_hal_rcc_ex.o)
                0x000000000800b1a4                HAL_RCCEx_GetPLL2ClockFreq
 .text.HAL_RCCEx_GetPLL3ClockFreq
                0x000000000800b320      0x17c ../../../DaisyExamples/libDaisy/build/libdaisy.a(stm32h7xx_hal_rcc_ex.o)
                0x000000000800b320                HAL_RCCEx_GetPLL3ClockFreq
 .text.HAL_RCCEx_GetPLL1ClockFreq
                0x000000000800b49c      0x17c ../../../DaisyExamples/libDaisy/build/libdaisy.a(stm32h7xx_hal_rcc_ex.o)
                0x000000000800b49c                HAL_RCCEx_GetPLL1ClockFreq
 .text.HAL_RCCEx_GetPeriphCLKFreq
                0x000000000800b618      0x198 ../../../DaisyExamples/libDaisy/build/libdaisy.a(stm32h7xx_hal_rcc_ex.o)
                0x000000000800b618                HAL_RCCEx_GetPeriphCLKFreq
 .text.HAL_RCCEx_GetD1SysClockFreq
                0x000000000800b7b0       0x2c ../../../DaisyExamples/libDaisy/build/libdaisy.a(stm32h7xx_hal_rcc_ex.o)
                0x000000000800b7b0                HAL_RCCEx_GetD1SysClockFreq
 .text.HAL_SAI_Init.part.0
                0x000000000800b7dc      0x348 ../../../DaisyExamples/libDaisy/build/libdaisy.a(stm32h7xx_hal_sai.o)
 .text.HAL_SAI_InitProtocol
                0x000000000800bb24      0x178 ../../../DaisyExamples/libDaisy/build/libdaisy.a(stm32h7xx_hal_sai.o)
                0x000000000800bb24                HAL_SAI_InitProtocol
 .text.HAL_SAI_Transmit_DMA
                0x000000000800bc9c      0x124 ../../../DaisyExamples/libDaisy/build/libdaisy.a(stm32h7xx_hal_sai.o)
                0x000000000800bc9c                HAL_SAI_Transmit_DMA
 .text.HAL_SAI_Receive_DMA
                0x000000000800bdc0       0xd0 ../../../DaisyExamples/libDaisy/build/libdaisy.a(stm32h7xx_hal_sai.o)
                0x000000000800bdc0                HAL_SAI_Receive_DMA
 .text.HAL_SAI_TxCpltCallback
                0x000000000800be90        0x4 ../../../DaisyExamples/libDaisy/build/libdaisy.a(stm32h7xx_hal_sai.o)
                0x000000000800be90                HAL_SAI_TxCpltCallback
 .text.SAI_DMATxCplt
                0x000000000800be94       0x64 ../../../DaisyExamples/libDaisy/build/libdaisy.a(stm32h7xx_hal_sai.o)
 .text.HAL_SAI_TxHalfCpltCallback
                0x000000000800bef8        0x4 ../../../DaisyExamples/libDaisy/build/libdaisy.a(stm32h7xx_hal_sai.o)
                0x000000000800bef8                HAL_SAI_TxHalfCpltCallback
 .text.SAI_DMATxHalfCplt
                0x000000000800befc        0xc ../../../DaisyExamples/libDaisy/build/libdaisy.a(stm32h7xx_hal_sai.o)
 .text.SAI_DMARxCplt
                0x000000000800bf08       0x64 ../../../DaisyExamples/libDaisy/build/libdaisy.a(stm32h7xx_hal_sai.o)
 .text.SAI_DMARxHalfCplt
                0x000000000800bf6c        0xc ../../../DaisyExamples/libDaisy/build/libdaisy.a(stm32h7xx_hal_sai.o)
 .text.HAL_SAI_ErrorCallback
                0x000000000800bf78        0x4 ../../../DaisyExamples/libDaisy/build/libdaisy.a(stm32h7xx_hal_sai.o)
                0x000000000800bf78                HAL_SAI_ErrorCallback
 .text.SAI_DMAError
                0x000000000800bf7c       0x6c ../../../DaisyExamples/libDaisy/build/libdaisy.a(stm32h7xx_hal_sai.o)
 .text.HAL_SDRAM_Init
                0x000000000800bfe8       0x54 ../../../DaisyExamples/libDaisy/build/libdaisy.a(stm32h7xx_hal_sdram.o)
                0x000000000800bfe8                HAL_SDRAM_Init
 .text.HAL_SDRAM_SendCommand
                0x000000000800c03c       0x40 ../../../DaisyExamples/libDaisy/build/libdaisy.a(stm32h7xx_hal_sdram.o)
                0x000000000800c03c                HAL_SDRAM_SendCommand
 .text.HAL_SDRAM_ProgramRefreshRate
                0x000000000800c07c       0x30 ../../../DaisyExamples/libDaisy/build/libdaisy.a(stm32h7xx_hal_sdram.o)
                0x000000000800c07c                HAL_SDRAM_ProgramRefreshRate
 .text.HAL_UART_Transmit_DMA
                0x000000000800c0ac       0xa4 ../../../DaisyExamples/libDaisy/build/libdaisy.a(stm32h7xx_hal_uart.o)
                0x000000000800c0ac                HAL_UART_Transmit_DMA
 .text.HAL_UART_Receive_DMA
                0x000000000800c150       0xac ../../../DaisyExamples/libDaisy/build/libdaisy.a(stm32h7xx_hal_uart.o)
                0x000000000800c150                HAL_UART_Receive_DMA
 .text.UART_DMATransmitCplt
                0x000000000800c1fc       0x2c ../../../DaisyExamples/libDaisy/build/libdaisy.a(stm32h7xx_hal_uart.o)
 .text.HAL_UART_TxHalfCpltCallback
                0x000000000800c228        0x4 ../../../DaisyExamples/libDaisy/build/libdaisy.a(stm32h7xx_hal_uart.o)
                0x000000000800c228                HAL_UART_TxHalfCpltCallback
 .text.UART_DMATxHalfCplt
                0x000000000800c22c        0xc ../../../DaisyExamples/libDaisy/build/libdaisy.a(stm32h7xx_hal_uart.o)
 .text.UART_DMAReceiveCplt
                0x000000000800c238       0x38 ../../../DaisyExamples/libDaisy/build/libdaisy.a(stm32h7xx_hal_uart.o)
 .text.HAL_UART_RxHalfCpltCallback
                0x000000000800c270        0x4 ../../../DaisyExamples/libDaisy/build/libdaisy.a(stm32h7xx_hal_uart.o)
                0x000000000800c270                HAL_UART_RxHalfCpltCallback
 .text.UART_DMARxHalfCplt
                0x000000000800c274        0xc ../../../DaisyExamples/libDaisy/build/libdaisy.a(stm32h7xx_hal_uart.o)
 .text.UART_DMAError
                0x000000000800c280       0x78 ../../../DaisyExamples/libDaisy/build/libdaisy.a(stm32h7xx_hal_uart.o)
 .text.HAL_UART_IRQHandler
                0x000000000800c2f8      0x1d0 ../../../DaisyExamples/libDaisy/build/libdaisy.a(stm32h7xx_hal_uart.o)
                0x000000000800c2f8                HAL_UART_IRQHandler
 .text.UART_DMAAbortOnError
                0x000000000800c4c8       0x14 ../../../DaisyExamples/libDaisy/build/libdaisy.a(stm32h7xx_hal_uart.o)
 .text.HAL_UART_GetState
                0x000000000800c4dc        0xc ../../../DaisyExamples/libDaisy/build/libdaisy.a(stm32h7xx_hal_uart.o)
                0x000000000800c4dc                HAL_UART_GetState
 .text.UART_SetConfig
                0x000000000800c4e8     0x14b8 ../../../DaisyExamples/libDaisy/build/libdaisy.a(stm32h7xx_hal_uart.o)
                0x000000000800c4e8                UART_SetConfig
 .text.UART_AdvFeatureConfig
                0x000000000800d9a0       0xb0 ../../../DaisyExamples/libDaisy/build/libdaisy.a(stm32h7xx_hal_uart.o)
                0x000000000800d9a0                UART_AdvFeatureConfig
 .text.UART_CheckIdleState
                0x000000000800da50       0x84 ../../../DaisyExamples/libDaisy/build/libdaisy.a(stm32h7xx_hal_uart.o)
                0x000000000800da50                UART_CheckIdleState
 .text.HAL_UART_Init
                0x000000000800dad4       0x68 ../../../DaisyExamples/libDaisy/build/libdaisy.a(stm32h7xx_hal_uart.o)
                0x000000000800dad4                HAL_UART_Init
 .text.HAL_UARTEx_WakeupCallback
                0x000000000800db3c        0x4 ../../../DaisyExamples/libDaisy/build/libdaisy.a(stm32h7xx_hal_uart_ex.o)
                0x000000000800db3c                HAL_UARTEx_WakeupCallback
 .text.HAL_UARTEx_RxFifoFullCallback
                0x000000000800db40        0x4 ../../../DaisyExamples/libDaisy/build/libdaisy.a(stm32h7xx_hal_uart_ex.o)
                0x000000000800db40                HAL_UARTEx_RxFifoFullCallback
 .text.HAL_UARTEx_TxFifoEmptyCallback
                0x000000000800db44        0x4 ../../../DaisyExamples/libDaisy/build/libdaisy.a(stm32h7xx_hal_uart_ex.o)
                0x000000000800db44                HAL_UARTEx_TxFifoEmptyCallback
 .text.HAL_UARTEx_DisableFifoMode
                0x000000000800db48       0x3c ../../../DaisyExamples/libDaisy/build/libdaisy.a(stm32h7xx_hal_uart_ex.o)
                0x000000000800db48                HAL_UARTEx_DisableFifoMode
 .text.HAL_UARTEx_SetTxFifoThreshold
                0x000000000800db84       0x9c ../../../DaisyExamples/libDaisy/build/libdaisy.a(stm32h7xx_hal_uart_ex.o)
                0x000000000800db84                HAL_UARTEx_SetTxFifoThreshold
 .text.HAL_UARTEx_SetRxFifoThreshold
                0x000000000800dc20       0x9c ../../../DaisyExamples/libDaisy/build/libdaisy.a(stm32h7xx_hal_uart_ex.o)
                0x000000000800dc20                HAL_UARTEx_SetRxFifoThreshold
 .text.FMC_SDRAM_Init
                0x000000000800dcbc       0x7c ../../../DaisyExamples/libDaisy/build/libdaisy.a(stm32h7xx_ll_fmc.o)
                0x000000000800dcbc                FMC_SDRAM_Init
 .text.FMC_SDRAM_Timing_Init
                0x000000000800dd38       0x98 ../../../DaisyExamples/libDaisy/build/libdaisy.a(stm32h7xx_ll_fmc.o)
                0x000000000800dd38                FMC_SDRAM_Timing_Init
 .text.FMC_SDRAM_SendCommand
                0x000000000800ddd0       0x28 ../../../DaisyExamples/libDaisy/build/libdaisy.a(stm32h7xx_ll_fmc.o)
                0x000000000800ddd0                FMC_SDRAM_SendCommand
 .text.FMC_SDRAM_ProgramRefreshRate
                0x000000000800ddf8       0x1c ../../../DaisyExamples/libDaisy/build/libdaisy.a(stm32h7xx_ll_fmc.o)
                0x000000000800ddf8                FMC_SDRAM_ProgramRefreshRate
 .text.USB_SetTurnaroundTime
                0x000000000800de14      0x104 ../../../DaisyExamples/libDaisy/build/libdaisy.a(stm32h7xx_ll_usb.o)
                0x000000000800de14                USB_SetTurnaroundTime
 .text.USB_FlushTxFifo
                0x000000000800df18       0x34 ../../../DaisyExamples/libDaisy/build/libdaisy.a(stm32h7xx_ll_usb.o)
                0x000000000800df18                USB_FlushTxFifo
 .text.USB_GetDevSpeed
                0x000000000800df4c       0x24 ../../../DaisyExamples/libDaisy/build/libdaisy.a(stm32h7xx_ll_usb.o)
                0x000000000800df4c                USB_GetDevSpeed
 .text.USB_ActivateEndpoint
                0x000000000800df70       0x90 ../../../DaisyExamples/libDaisy/build/libdaisy.a(stm32h7xx_ll_usb.o)
                0x000000000800df70                USB_ActivateEndpoint
 .text.USB_EPStartXfer
                0x000000000800e000      0x230 ../../../DaisyExamples/libDaisy/build/libdaisy.a(stm32h7xx_ll_usb.o)
                0x000000000800e000                USB_EPStartXfer
 .text.USB_EP0StartXfer
                0x000000000800e230      0x174 ../../../DaisyExamples/libDaisy/build/libdaisy.a(stm32h7xx_ll_usb.o)
                0x000000000800e230                USB_EP0StartXfer
 .text.USB_WritePacket
                0x000000000800e3a4       0x2c ../../../DaisyExamples/libDaisy/build/libdaisy.a(stm32h7xx_ll_usb.o)
                0x000000000800e3a4                USB_WritePacket
 .text.USB_ReadPacket
                0x000000000800e3d0       0x20 ../../../DaisyExamples/libDaisy/build/libdaisy.a(stm32h7xx_ll_usb.o)
                0x000000000800e3d0                USB_ReadPacket
 .text.USB_EPSetStall
                0x000000000800e3f0       0x68 ../../../DaisyExamples/libDaisy/build/libdaisy.a(stm32h7xx_ll_usb.o)
                0x000000000800e3f0                USB_EPSetStall
 .text.USB_EPClearStall
                0x000000000800e458       0x58 ../../../DaisyExamples/libDaisy/build/libdaisy.a(stm32h7xx_ll_usb.o)
                0x000000000800e458                USB_EPClearStall
 .text.USB_SetDevAddress
                0x000000000800e4b0       0x24 ../../../DaisyExamples/libDaisy/build/libdaisy.a(stm32h7xx_ll_usb.o)
                0x000000000800e4b0                USB_SetDevAddress
 .text.USB_ReadInterrupts
                0x000000000800e4d4       0x14 ../../../DaisyExamples/libDaisy/build/libdaisy.a(stm32h7xx_ll_usb.o)
                0x000000000800e4d4                USB_ReadInterrupts
 .text.USB_ReadDevAllOutEpInterrupt
                0x000000000800e4e8       0x1c ../../../DaisyExamples/libDaisy/build/libdaisy.a(stm32h7xx_ll_usb.o)
                0x000000000800e4e8                USB_ReadDevAllOutEpInterrupt
 .text.USB_ReadDevAllInEpInterrupt
                0x000000000800e504       0x1c ../../../DaisyExamples/libDaisy/build/libdaisy.a(stm32h7xx_ll_usb.o)
                0x000000000800e504                USB_ReadDevAllInEpInterrupt
 .text.USB_ReadDevOutEPInterrupt
                0x000000000800e520       0x1c ../../../DaisyExamples/libDaisy/build/libdaisy.a(stm32h7xx_ll_usb.o)
                0x000000000800e520                USB_ReadDevOutEPInterrupt
 .text.USB_ReadDevInEPInterrupt
                0x000000000800e53c       0x38 ../../../DaisyExamples/libDaisy/build/libdaisy.a(stm32h7xx_ll_usb.o)
                0x000000000800e53c                USB_ReadDevInEPInterrupt
 .text.USB_GetMode
                0x000000000800e574        0x8 ../../../DaisyExamples/libDaisy/build/libdaisy.a(stm32h7xx_ll_usb.o)
                0x000000000800e574                USB_GetMode
 .text.USB_ActivateSetup
                0x000000000800e57c       0x38 ../../../DaisyExamples/libDaisy/build/libdaisy.a(stm32h7xx_ll_usb.o)
                0x000000000800e57c                USB_ActivateSetup
 .text.USB_EP0_OutStart
                0x000000000800e5b4       0x58 ../../../DaisyExamples/libDaisy/build/libdaisy.a(stm32h7xx_ll_usb.o)
                0x000000000800e5b4                USB_EP0_OutStart
 .text.USB_InitFSLSPClkSel
                0x000000000800e60c       0x44 ../../../DaisyExamples/libDaisy/build/libdaisy.a(stm32h7xx_ll_usb.o)
                0x000000000800e60c                USB_InitFSLSPClkSel
 .text.USB_HC_ReadInterrupt
                0x000000000800e650        0x8 ../../../DaisyExamples/libDaisy/build/libdaisy.a(stm32h7xx_ll_usb.o)
                0x000000000800e650                USB_HC_ReadInterrupt
 .text.USB_HC_Halt
                0x000000000800e658       0xc0 ../../../DaisyExamples/libDaisy/build/libdaisy.a(stm32h7xx_ll_usb.o)
                0x000000000800e658                USB_HC_Halt
 .text.USB_StopHost
                0x000000000800e718      0x2ec ../../../DaisyExamples/libDaisy/build/libdaisy.a(stm32h7xx_ll_usb.o)
                0x000000000800e718                USB_StopHost
 .text.USBD_SetClassConfig
                0x000000000800ea04       0x14 ../../../DaisyExamples/libDaisy/build/libdaisy.a(usbd_core.o)
                0x000000000800ea04                USBD_SetClassConfig
 .text.USBD_ClrClassConfig
                0x000000000800ea18       0x10 ../../../DaisyExamples/libDaisy/build/libdaisy.a(usbd_core.o)
                0x000000000800ea18                USBD_ClrClassConfig
 .text.USBD_LL_SetupStage
                0x000000000800ea28       0x5c ../../../DaisyExamples/libDaisy/build/libdaisy.a(usbd_core.o)
                0x000000000800ea28                USBD_LL_SetupStage
 .text.USBD_LL_DataOutStage
                0x000000000800ea84       0x7c ../../../DaisyExamples/libDaisy/build/libdaisy.a(usbd_core.o)
                0x000000000800ea84                USBD_LL_DataOutStage
 .text.USBD_LL_DataInStage
                0x000000000800eb00       0xcc ../../../DaisyExamples/libDaisy/build/libdaisy.a(usbd_core.o)
                0x000000000800eb00                USBD_LL_DataInStage
 .text.USBD_LL_Reset
                0x000000000800ebcc       0x50 ../../../DaisyExamples/libDaisy/build/libdaisy.a(usbd_core.o)
                0x000000000800ebcc                USBD_LL_Reset
 .text.USBD_LL_SetSpeed
                0x000000000800ec1c        0x8 ../../../DaisyExamples/libDaisy/build/libdaisy.a(usbd_core.o)
                0x000000000800ec1c                USBD_LL_SetSpeed
 .text.USBD_LL_Suspend
                0x000000000800ec24       0x14 ../../../DaisyExamples/libDaisy/build/libdaisy.a(usbd_core.o)
                0x000000000800ec24                USBD_LL_Suspend
 .text.USBD_LL_Resume
                0x000000000800ec38       0x10 ../../../DaisyExamples/libDaisy/build/libdaisy.a(usbd_core.o)
                0x000000000800ec38                USBD_LL_Resume
 .text.USBD_LL_SOF
                0x000000000800ec48       0x1c ../../../DaisyExamples/libDaisy/build/libdaisy.a(usbd_core.o)
                0x000000000800ec48                USBD_LL_SOF
 .text.USBD_LL_IsoINIncomplete
                0x000000000800ec64        0x4 ../../../DaisyExamples/libDaisy/build/libdaisy.a(usbd_core.o)
                0x000000000800ec64                USBD_LL_IsoINIncomplete
 .text.USBD_LL_IsoOUTIncomplete
                0x000000000800ec68        0x4 ../../../DaisyExamples/libDaisy/build/libdaisy.a(usbd_core.o)
                0x000000000800ec68                USBD_LL_IsoOUTIncomplete
 .text.USBD_LL_DevConnected
                0x000000000800ec6c        0x4 ../../../DaisyExamples/libDaisy/build/libdaisy.a(usbd_core.o)
                0x000000000800ec6c                USBD_LL_DevConnected
 .text.USBD_LL_DevDisconnected
                0x000000000800ec70       0x18 ../../../DaisyExamples/libDaisy/build/libdaisy.a(usbd_core.o)
                0x000000000800ec70                USBD_LL_DevDisconnected
 .text.USBD_StdDevReq
                0x000000000800ec88      0x304 ../../../DaisyExamples/libDaisy/build/libdaisy.a(usbd_ctlreq.o)
                0x000000000800ec88                USBD_StdDevReq
 .text.USBD_StdItfReq
                0x000000000800ef8c       0x68 ../../../DaisyExamples/libDaisy/build/libdaisy.a(usbd_ctlreq.o)
                0x000000000800ef8c                USBD_StdItfReq
 .text.USBD_StdEPReq
                0x000000000800eff4      0x13c ../../../DaisyExamples/libDaisy/build/libdaisy.a(usbd_ctlreq.o)
                0x000000000800eff4                USBD_StdEPReq
 .text.USBD_ParseSetupRequest
                0x000000000800f130       0x28 ../../../DaisyExamples/libDaisy/build/libdaisy.a(usbd_ctlreq.o)
                0x000000000800f130                USBD_ParseSetupRequest
 .text.USBD_CtlSendData
                0x000000000800f158       0x1c ../../../DaisyExamples/libDaisy/build/libdaisy.a(usbd_ioreq.o)
                0x000000000800f158                USBD_CtlSendData
 .text.USBD_CtlContinueSendData
                0x000000000800f174       0x14 ../../../DaisyExamples/libDaisy/build/libdaisy.a(usbd_ioreq.o)
                0x000000000800f174                USBD_CtlContinueSendData
 .text.USBD_CtlContinueRx
                0x000000000800f188       0x14 ../../../DaisyExamples/libDaisy/build/libdaisy.a(usbd_ioreq.o)
                0x000000000800f188                USBD_CtlContinueRx
 .text.USBD_CtlSendStatus
                0x000000000800f19c       0x18 ../../../DaisyExamples/libDaisy/build/libdaisy.a(usbd_ioreq.o)
                0x000000000800f19c                USBD_CtlSendStatus
 .text.USBD_CtlReceiveStatus
                0x000000000800f1b4       0x18 ../../../DaisyExamples/libDaisy/build/libdaisy.a(usbd_ioreq.o)
                0x000000000800f1b4                USBD_CtlReceiveStatus
 .text.USBH_LL_IncTimer
                0x000000000800f1cc       0x20 ../../../DaisyExamples/libDaisy/build/libdaisy.a(usbh_core.o)
                0x000000000800f1cc                USBH_LL_IncTimer
 .text.USBH_LL_PortEnabled
                0x000000000800f1ec        0x8 ../../../DaisyExamples/libDaisy/build/libdaisy.a(usbh_core.o)
                0x000000000800f1ec                USBH_LL_PortEnabled
 .text.USBH_LL_PortDisabled
                0x000000000800f1f4        0x8 ../../../DaisyExamples/libDaisy/build/libdaisy.a(usbh_core.o)
                0x000000000800f1f4                USBH_LL_PortDisabled
 .text.USBH_LL_Connect
                0x000000000800f1fc       0x18 ../../../DaisyExamples/libDaisy/build/libdaisy.a(usbh_core.o)
                0x000000000800f1fc                USBH_LL_Connect
 .text.USBH_LL_Disconnect
                0x000000000800f214       0x2c ../../../DaisyExamples/libDaisy/build/libdaisy.a(usbh_core.o)
                0x000000000800f214                USBH_LL_Disconnect
 .text.USBH_FreePipe
                0x000000000800f240       0x18 ../../../DaisyExamples/libDaisy/build/libdaisy.a(usbh_pipes.o)
                0x000000000800f240                USBH_FreePipe
 .text._ZN5daisy3Led4InitE12dsy_gpio_pinbf
                0x000000000800f258       0x48 ../../../DaisyExamples/libDaisy/build/libdaisy.a(led.o)
                0x000000000800f258                daisy::Led::Init(dsy_gpio_pin, bool, float)
 .text._ZN5daisy3Led3SetEf
                0x000000000800f2a0       0x24 ../../../DaisyExamples/libDaisy/build/libdaisy.a(led.o)
                0x000000000800f2a0                daisy::Led::Set(float)
 .text._ZN5daisy3Led6UpdateEv
                0x000000000800f2c4       0x48 ../../../DaisyExamples/libDaisy/build/libdaisy.a(led.o)
                0x000000000800f2c4                daisy::Led::Update()
 .text._ZN5daisy6Random4InitEv
                0x000000000800f30c       0x3c ../../../DaisyExamples/libDaisy/build/libdaisy.a(rng.o)
                0x000000000800f30c                daisy::Random::Init()
 .text._ZN5daisy9SpiHandle4Impl7InitDmaEv
                0x000000000800f348       0xec ../../../DaisyExamples/libDaisy/build/libdaisy.a(spi.o)
                0x000000000800f348                daisy::SpiHandle::Impl::InitDma()
 .text._ZN5daisy9SpiHandle4Impl10StartDmaTxEPhjPFvPvEPFvS3_NS0_6ResultEES3_
                0x000000000800f434       0xc8 ../../../DaisyExamples/libDaisy/build/libdaisy.a(spi.o)
                0x000000000800f434                daisy::SpiHandle::Impl::StartDmaTx(unsigned char*, unsigned int, void (*)(void*), void (*)(void*, daisy::SpiHandle::Result), void*)
 .text._ZN5daisy9SpiHandle4Impl10StartDmaRxEPhjPFvPvEPFvS3_NS0_6ResultEES3_
                0x000000000800f4fc       0xc8 ../../../DaisyExamples/libDaisy/build/libdaisy.a(spi.o)
                0x000000000800f4fc                daisy::SpiHandle::Impl::StartDmaRx(unsigned char*, unsigned int, void (*)(void*), void (*)(void*, daisy::SpiHandle::Result), void*)
 .text._ZN5daisy9SpiHandle4Impl12StartDmaRxTxEPhS2_jPFvPvEPFvS3_NS0_6ResultEES3_
                0x000000000800f5c4       0xcc ../../../DaisyExamples/libDaisy/build/libdaisy.a(spi.o)
                0x000000000800f5c4                daisy::SpiHandle::Impl::StartDmaRxTx(unsigned char*, unsigned char*, unsigned int, void (*)(void*), void (*)(void*, daisy::SpiHandle::Result), void*)
 .text._ZN5daisy9SpiHandle4Impl8InitPinsEv
                0x000000000800f690      0x274 ../../../DaisyExamples/libDaisy/build/libdaisy.a(spi.o)
                0x000000000800f690                daisy::SpiHandle::Impl::InitPins()
 .text.HAL_SPI_MspInit
                0x000000000800f904      0x1a8 ../../../DaisyExamples/libDaisy/build/libdaisy.a(spi.o)
                0x000000000800f904                HAL_SPI_MspInit
 .text.dsy_spi_global_init
                0x000000000800faac       0x80 ../../../DaisyExamples/libDaisy/build/libdaisy.a(spi.o)
                0x000000000800faac                dsy_spi_global_init
 .text.SPI1_IRQHandler
                0x000000000800fb2c        0xc ../../../DaisyExamples/libDaisy/build/libdaisy.a(spi.o)
                0x000000000800fb2c                SPI1_IRQHandler
 .text.SPI2_IRQHandler
                0x000000000800fb38        0xc ../../../DaisyExamples/libDaisy/build/libdaisy.a(spi.o)
                0x000000000800fb38                SPI2_IRQHandler
 .text.SPI3_IRQHandler
                0x000000000800fb44        0xc ../../../DaisyExamples/libDaisy/build/libdaisy.a(spi.o)
                0x000000000800fb44                SPI3_IRQHandler
 .text.SPI4_IRQHandler
                0x000000000800fb50        0xc ../../../DaisyExamples/libDaisy/build/libdaisy.a(spi.o)
                0x000000000800fb50                SPI4_IRQHandler
 .text.SPI5_IRQHandler
                0x000000000800fb5c        0xc ../../../DaisyExamples/libDaisy/build/libdaisy.a(spi.o)
                0x000000000800fb5c                SPI5_IRQHandler
 .text.DMA2_Stream2_IRQHandler
                0x000000000800fb68       0x34 ../../../DaisyExamples/libDaisy/build/libdaisy.a(spi.o)
                0x000000000800fb68                DMA2_Stream2_IRQHandler
 .text.DMA2_Stream3_IRQHandler
                0x000000000800fb9c       0x38 ../../../DaisyExamples/libDaisy/build/libdaisy.a(spi.o)
                0x000000000800fb9c                DMA2_Stream3_IRQHandler
 .text.HAL_SPI_TxCpltCallback
                0x000000000800fbd4       0xc4 ../../../DaisyExamples/libDaisy/build/libdaisy.a(spi.o)
                0x000000000800fbd4                HAL_SPI_TxCpltCallback
 .text.HAL_SPI_RxCpltCallback
                0x000000000800fc98       0xc4 ../../../DaisyExamples/libDaisy/build/libdaisy.a(spi.o)
                0x000000000800fc98                HAL_SPI_RxCpltCallback
 .text.HAL_SPI_TxRxCpltCallback
                0x000000000800fd5c       0xc4 ../../../DaisyExamples/libDaisy/build/libdaisy.a(spi.o)
                0x000000000800fd5c                HAL_SPI_TxRxCpltCallback
 .text.HAL_SPI_ErrorCallback
                0x000000000800fe20       0xc8 ../../../DaisyExamples/libDaisy/build/libdaisy.a(spi.o)
                0x000000000800fe20                HAL_SPI_ErrorCallback
 .text.startup._GLOBAL__sub_I__Z19MapInstanceToHandleP11SPI_TypeDef
                0x000000000800fee8      0x1b0 ../../../DaisyExamples/libDaisy/build/libdaisy.a(spi.o)
 .text.HAL_TIM_Base_MspInit
                0x0000000008010098      0x1e0 ../../../DaisyExamples/libDaisy/build/libdaisy.a(tim.o)
                0x0000000008010098                HAL_TIM_Base_MspInit
 .text.HAL_TIM_PeriodElapsedCallback
                0x0000000008010278       0x44 ../../../DaisyExamples/libDaisy/build/libdaisy.a(tim.o)
                0x0000000008010278                HAL_TIM_PeriodElapsedCallback
 .text.TIM2_IRQHandler